../Core/Src/main.c:186:6:vApplicationStackOverflowHook	16	static
../Core/Src/main.c:197:6:vApplicationMallocFailedHook	4	static
../Core/Src/main.c:220:13:led_write_pattern	24	static
../Core/Src/main.c:233:13:led_stop_all_timers	24	static
../Core/Src/main.c:260:13:callback_led_effect	24	static
../Core/Src/main.c:285:13:callback_rtc_report	16	static
../Core/Src/main.c:301:16:ascii_to_number	16	static
../Core/Src/main.c:317:13:rtc_show_on_itm	64	static
../Core/Src/main.c:340:13:rtc_show_on_uart	48	static
../Core/Src/main.c:375:13:rtc_apply_time	16	static
../Core/Src/main.c:387:13:rtc_apply_date	16	static
../Core/Src/main.c:398:12:rtc_validate	16	static
../Core/Src/main.c:433:13:task_main_menu	40	static
../Core/Src/main.c:505:13:task_led_effect	48	static
../Core/Src/main.c:589:13:task_rtc_config	128	static
../Core/Src/main.c:826:13:task_print	32	static
../Core/Src/main.c:855:13:task_cmd_handler	56	static
../Core/Src/main.c:926:5:main	56	static,ignoring_inline_asm
../Core/Src/main.c:1029:6:SystemClock_Config	88	static
../Core/Src/main.c:1074:13:MX_RTC_Init	8	static
../Core/Src/main.c:1093:13:MX_USART2_UART_Init	8	static
../Core/Src/main.c:1117:13:MX_GPIO_Init	56	static
../Core/Src/main.c:1257:6:HAL_UART_RxCpltCallback	32	static
../Core/Src/main.c:1291:6:HAL_TIM_PeriodElapsedCallback	16	static
../Core/Src/main.c:1302:6:Error_Handler	4	static,ignoring_inline_asm
