Archive member included to satisfy reference by file (symbol)

E:/STM32CubeIDE/STM32CubeIDE_1.14.0/STM32CubeIDE/plugins/com.st.stm32cube.ide.mcu.externaltools.gnu-tools-for-stm32.11.3.rel1.win32_1.1.100.202309141235/tools/bin/../lib/gcc/arm-none-eabi/11.3.1/../../../../arm-none-eabi/lib/thumb/v7e-m+fp/hard\libc_nano.a(libc_a-exit.o)
                              E:/STM32CubeIDE/STM32CubeIDE_1.14.0/STM32CubeIDE/plugins/com.st.stm32cube.ide.mcu.externaltools.gnu-tools-for-stm32.11.3.rel1.win32_1.1.100.202309141235/tools/bin/../lib/gcc/arm-none-eabi/11.3.1/../../../../arm-none-eabi/lib/thumb/v7e-m+fp/hard/crt0.o (exit)
E:/STM32CubeIDE/STM32CubeIDE_1.14.0/STM32CubeIDE/plugins/com.st.stm32cube.ide.mcu.externaltools.gnu-tools-for-stm32.11.3.rel1.win32_1.1.100.202309141235/tools/bin/../lib/gcc/arm-none-eabi/11.3.1/../../../../arm-none-eabi/lib/thumb/v7e-m+fp/hard\libc_nano.a(libc_a-rand.o)
                              ./Core/Src/main.o (rand)
E:/STM32CubeIDE/STM32CubeIDE_1.14.0/STM32CubeIDE/plugins/com.st.stm32cube.ide.mcu.externaltools.gnu-tools-for-stm32.11.3.rel1.win32_1.1.100.202309141235/tools/bin/../lib/gcc/arm-none-eabi/11.3.1/../../../../arm-none-eabi/lib/thumb/v7e-m+fp/hard\libc_nano.a(libc_a-findfp.o)
                              E:/STM32CubeIDE/STM32CubeIDE_1.14.0/STM32CubeIDE/plugins/com.st.stm32cube.ide.mcu.externaltools.gnu-tools-for-stm32.11.3.rel1.win32_1.1.100.202309141235/tools/bin/../lib/gcc/arm-none-eabi/11.3.1/../../../../arm-none-eabi/lib/thumb/v7e-m+fp/hard\libc_nano.a(libc_a-exit.o) (__stdio_exit_handler)
E:/STM32CubeIDE/STM32CubeIDE_1.14.0/STM32CubeIDE/plugins/com.st.stm32cube.ide.mcu.externaltools.gnu-tools-for-stm32.11.3.rel1.win32_1.1.100.202309141235/tools/bin/../lib/gcc/arm-none-eabi/11.3.1/../../../../arm-none-eabi/lib/thumb/v7e-m+fp/hard\libc_nano.a(libc_a-fwalk.o)
                              E:/STM32CubeIDE/STM32CubeIDE_1.14.0/STM32CubeIDE/plugins/com.st.stm32cube.ide.mcu.externaltools.gnu-tools-for-stm32.11.3.rel1.win32_1.1.100.202309141235/tools/bin/../lib/gcc/arm-none-eabi/11.3.1/../../../../arm-none-eabi/lib/thumb/v7e-m+fp/hard\libc_nano.a(libc_a-findfp.o) (_fwalk_sglue)
E:/STM32CubeIDE/STM32CubeIDE_1.14.0/STM32CubeIDE/plugins/com.st.stm32cube.ide.mcu.externaltools.gnu-tools-for-stm32.11.3.rel1.win32_1.1.100.202309141235/tools/bin/../lib/gcc/arm-none-eabi/11.3.1/../../../../arm-none-eabi/lib/thumb/v7e-m+fp/hard\libc_nano.a(libc_a-stdio.o)
                              E:/STM32CubeIDE/STM32CubeIDE_1.14.0/STM32CubeIDE/plugins/com.st.stm32cube.ide.mcu.externaltools.gnu-tools-for-stm32.11.3.rel1.win32_1.1.100.202309141235/tools/bin/../lib/gcc/arm-none-eabi/11.3.1/../../../../arm-none-eabi/lib/thumb/v7e-m+fp/hard\libc_nano.a(libc_a-findfp.o) (__sread)
E:/STM32CubeIDE/STM32CubeIDE_1.14.0/STM32CubeIDE/plugins/com.st.stm32cube.ide.mcu.externaltools.gnu-tools-for-stm32.11.3.rel1.win32_1.1.100.202309141235/tools/bin/../lib/gcc/arm-none-eabi/11.3.1/../../../../arm-none-eabi/lib/thumb/v7e-m+fp/hard\libc_nano.a(libc_a-vsnprintf.o)
                              ./Core/Src/main.o (vsnprintf)
E:/STM32CubeIDE/STM32CubeIDE_1.14.0/STM32CubeIDE/plugins/com.st.stm32cube.ide.mcu.externaltools.gnu-tools-for-stm32.11.3.rel1.win32_1.1.100.202309141235/tools/bin/../lib/gcc/arm-none-eabi/11.3.1/../../../../arm-none-eabi/lib/thumb/v7e-m+fp/hard\libc_nano.a(libc_a-memset.o)
                              E:/STM32CubeIDE/STM32CubeIDE_1.14.0/STM32CubeIDE/plugins/com.st.stm32cube.ide.mcu.externaltools.gnu-tools-for-stm32.11.3.rel1.win32_1.1.100.202309141235/tools/bin/../lib/gcc/arm-none-eabi/11.3.1/../../../../arm-none-eabi/lib/thumb/v7e-m+fp/hard/crt0.o (memset)
E:/STM32CubeIDE/STM32CubeIDE_1.14.0/STM32CubeIDE/plugins/com.st.stm32cube.ide.mcu.externaltools.gnu-tools-for-stm32.11.3.rel1.win32_1.1.100.202309141235/tools/bin/../lib/gcc/arm-none-eabi/11.3.1/../../../../arm-none-eabi/lib/thumb/v7e-m+fp/hard\libc_nano.a(libc_a-closer.o)
                              E:/STM32CubeIDE/STM32CubeIDE_1.14.0/STM32CubeIDE/plugins/com.st.stm32cube.ide.mcu.externaltools.gnu-tools-for-stm32.11.3.rel1.win32_1.1.100.202309141235/tools/bin/../lib/gcc/arm-none-eabi/11.3.1/../../../../arm-none-eabi/lib/thumb/v7e-m+fp/hard\libc_nano.a(libc_a-stdio.o) (_close_r)
E:/STM32CubeIDE/STM32CubeIDE_1.14.0/STM32CubeIDE/plugins/com.st.stm32cube.ide.mcu.externaltools.gnu-tools-for-stm32.11.3.rel1.win32_1.1.100.202309141235/tools/bin/../lib/gcc/arm-none-eabi/11.3.1/../../../../arm-none-eabi/lib/thumb/v7e-m+fp/hard\libc_nano.a(libc_a-reent.o)
                              E:/STM32CubeIDE/STM32CubeIDE_1.14.0/STM32CubeIDE/plugins/com.st.stm32cube.ide.mcu.externaltools.gnu-tools-for-stm32.11.3.rel1.win32_1.1.100.202309141235/tools/bin/../lib/gcc/arm-none-eabi/11.3.1/../../../../arm-none-eabi/lib/thumb/v7e-m+fp/hard\libc_nano.a(libc_a-closer.o) (errno)
[...]
Memory Configuration

Name             Origin             Length             Attributes
CCMRAM           0x0000000010000000 0x0000000000010000 xrw
RAM              0x0000000020000000 0x0000000000020000 xrw
FLASH            0x0000000008000000 0x0000000000100000 xr
*default*        0x0000000000000000 0xffffffffffffffff

Linker script and memory map

LOAD E:/STM32CubeIDE/STM32CubeIDE_1.14.0/STM32CubeIDE/plugins/com.st.stm32cube.ide.mcu.externaltools.gnu-tools-for-stm32.11.3.rel1.win32_1.1.100.202309141235/tools/bin/../lib/gcc/arm-none-eabi/11.3.1/thumb/v7e-m+fp/hard/crti.o
LOAD E:/STM32CubeIDE/STM32CubeIDE_1.14.0/STM32CubeIDE/plugins/com.st.stm32cube.ide.mcu.externaltools.gnu-tools-for-stm32.11.3.rel1.win32_1.1.100.202309141235/tools/bin/../lib/gcc/arm-none-eabi/11.3.1/thumb/v7e-m+fp/hard/crtbegin.o
LOAD E:/STM32CubeIDE/STM32CubeIDE_1.14.0/STM32CubeIDE/plugins/com.st.stm32cube.ide.mcu.externaltools.gnu-tools-for-stm32.11.3.rel1.win32_1.1.100.202309141235/tools/bin/../lib/gcc/arm-none-eabi/11.3.1/../../../../arm-none-eabi/lib/thumb/v7e-m+fp/hard/crt0.o
LOAD ./Core/Src/main.o
LOAD ./Core/Src/stm32f4xx_hal_msp.o
LOAD ./Core/Src/stm32f4xx_hal_timebase_tim.o
LOAD ./Core/Src/stm32f4xx_it.o
LOAD ./Core/Src/syscalls.o
LOAD ./Core/Src/system_stm32f4xx.o
LOAD ./Core/Startup/startup_stm32f407vgtx.o
LOAD ./Drivers/STM32F4xx_HAL_Driver/Src/stm32f4xx_hal.o
LOAD ./Drivers/STM32F4xx_HAL_Driver/Src/stm32f4xx_hal_cortex.o
LOAD ./Drivers/STM32F4xx_HAL_Driver/Src/stm32f4xx_hal_dma.o
LOAD ./Drivers/STM32F4xx_HAL_Driver/Src/stm32f4xx_hal_dma_ex.o
LOAD ./Drivers/STM32F4xx_HAL_Driver/Src/stm32f4xx_hal_exti.o
LOAD ./Drivers/STM32F4xx_HAL_Driver/Src/stm32f4xx_hal_flash.o
LOAD ./Drivers/STM32F4xx_HAL_Driver/Src/stm32f4xx_hal_flash_ex.o
LOAD ./Drivers/STM32F4xx_HAL_Driver/Src/stm32f4xx_hal_flash_ramfunc.o
LOAD ./Drivers/STM32F4xx_HAL_Driver/Src/stm32f4xx_hal_gpio.o
LOAD ./Drivers/STM32F4xx_HAL_Driver/Src/stm32f4xx_hal_pwr.o
LOAD ./Drivers/STM32F4xx_HAL_Driver/Src/stm32f4xx_hal_pwr_ex.o
LOAD ./Drivers/STM32F4xx_HAL_Driver/Src/stm32f4xx_hal_rcc.o
LOAD ./Drivers/STM32F4xx_HAL_Driver/Src/stm32f4xx_hal_rcc_ex.o
LOAD ./Drivers/STM32F4xx_HAL_Driver/Src/stm32f4xx_hal_tim.o
LOAD ./Drivers/STM32F4xx_HAL_Driver/Src/stm32f4xx_hal_tim_ex.o
LOAD ./Drivers/STM32F4xx_HAL_Driver/Src/stm32f4xx_hal_uart.o
LOAD ./ThirdParty/FreeRTOS/croutine.o
LOAD ./ThirdParty/FreeRTOS/event_groups.o
LOAD ./ThirdParty/FreeRTOS/list.o
LOAD ./ThirdParty/FreeRTOS/queue.o
LOAD ./ThirdParty/FreeRTOS/stream_buffer.o
LOAD ./ThirdParty/FreeRTOS/tasks.o
LOAD ./ThirdParty/FreeRTOS/timers.o
LOAD ./ThirdParty/FreeRTOS/portable/GCC/ARM_CM4F/port.o
LOAD ./ThirdParty/FreeRTOS/portable/MemMang/heap_4.o
START GROUP
LOAD E:/STM32CubeIDE/STM32CubeIDE_1.14.0/STM32CubeIDE/plugins/com.st.stm32cube.ide.mcu.externaltools.gnu-tools-for-stm32.11.3.rel1.win32_1.1.100.202309141235/tools/bin/../lib/gcc/arm-none-eabi/11.3.1/../../../../arm-none-eabi/lib/thumb/v7e-m+fp/hard\libc_nano.a
LOAD E:/STM32CubeIDE/STM32CubeIDE_1.14.0/STM32CubeIDE/plugins/com.st.stm32cube.ide.mcu.externaltools.gnu-tools-for-stm32.11.3.rel1.win32_1.1.100.202309141235/tools/bin/../lib/gcc/arm-none-eabi/11.3.1/../../../../arm-none-eabi/lib/thumb/v7e-m+fp/hard\libm.a
END GROUP
START GROUP
LOAD E:/STM32CubeIDE/STM32CubeIDE_1.14.0/STM32CubeIDE/plugins/com.st.stm32cube.ide.mcu.externaltools.gnu-tools-for-stm32.11.3.rel1.win32_1.1.100.202309141235/tools/bin/../lib/gcc/arm-none-eabi/11.3.1/thumb/v7e-m+fp/hard\libgcc.a
LOAD E:/STM32CubeIDE/STM32CubeIDE_1.14.0/STM32CubeIDE/plugins/com.st.stm32cube.ide.mcu.externaltools.gnu-tools-for-stm32.11.3.rel1.win32_1.1.100.202309141235/tools/bin/../lib/gcc/arm-none-eabi/11.3.1/../../../../arm-none-eabi/lib/thumb/v7e-m+fp/hard\libc_nano.a
END GROUP
START GROUP
LOAD E:/STM32CubeIDE/STM32CubeIDE_1.14.0/STM32CubeIDE/plugins/com.st.stm32cube.ide.mcu.externaltools.gnu-tools-for-stm32.11.3.rel1.win32_1.1.100.202309141235/tools/bin/../lib/gcc/arm-none-eabi/11.3.1/thumb/v7e-m+fp/hard\libgcc.a
LOAD E:/STM32CubeIDE/STM32CubeIDE_1.14.0/STM32CubeIDE/plugins/com.st.stm32cube.ide.mcu.externaltools.gnu-tools-for-stm32.11.3.rel1.win32_1.1.100.202309141235/tools/bin/../lib/gcc/arm-none-eabi/11.3.1/../../../../arm-none-eabi/lib/thumb/v7e-m+fp/hard\libc_nano.a
LOAD E:/STM32CubeIDE/STM32CubeIDE_1.14.0/STM32CubeIDE/plugins/com.st.stm32cube.ide.mcu.externaltools.gnu-tools-for-stm32.11.3.rel1.win32_1.1.100.202309141235/tools/bin/../lib/gcc/arm-none-eabi/11.3.1/../../../../arm-none-eabi/lib/thumb/v7e-m+fp/hard\libnosys.a
END GROUP
START GROUP
LOAD E:/STM32CubeIDE/STM32CubeIDE_1.14.0/STM32CubeIDE/plugins/com.st.stm32cube.ide.mcu.externaltools.gnu-tools-for-stm32.11.3.rel1.win32_1.1.100.202309141235/tools/bin/../lib/gcc/arm-none-eabi/11.3.1/thumb/v7e-m+fp/hard\libgcc.a
LOAD E:/STM32CubeIDE/STM32CubeIDE_1.14.0/STM32CubeIDE/plugins/com.st.stm32cube.ide.mcu.externaltools.gnu-tools-for-stm32.11.3.rel1.win32_1.1.100.202309141235/tools/bin/../lib/gcc/arm-none-eabi/11.3.1/../../../../arm-none-eabi/lib/thumb/v7e-m+fp/hard\libc_nano.a
LOAD E:/STM32CubeIDE/STM32CubeIDE_1.14.0/STM32CubeIDE/plugins/com.st.stm32cube.ide.mcu.externaltools.gnu-tools-for-stm32.11.3.rel1.win32_1.1.100.202309141235/tools/bin/../lib/gcc/arm-none-eabi/11.3.1/../../../../arm-none-eabi/lib/thumb/v7e-m+fp/hard\libnosys.a
END GROUP
LOAD E:/STM32CubeIDE/STM32CubeIDE_1.14.0/STM32CubeIDE/plugins/com.st.stm32cube.ide.mcu.externaltools.gnu-tools-for-stm32.11.3.rel1.win32_1.1.100.202309141235/tools/bin/../lib/gcc/arm-none-eabi/11.3.1/thumb/v7e-m+fp/hard/crtend.o
LOAD E:/STM32CubeIDE/STM32CubeIDE_1.14.0/STM32CubeIDE/plugins/com.st.stm32cube.ide.mcu.externaltools.gnu-tools-for-stm32.11.3.rel1.win32_1.1.100.202309141235/tools/bin/../lib/gcc/arm-none-eabi/11.3.1/thumb/v7e-m+fp/hard/crtn.o
                0x0000000020020000                _estack = (ORIGIN (RAM) + LENGTH (RAM))
                0x0000000000000200                _Min_Heap_Size = 0x200
                0x0000000000000400                _Min_Stack_Size = 0x400

.isr_vector     0x0000000008000000      0x188
                0x0000000008000000                . = ALIGN (0x4)
 *(.isr_vector)
 .isr_vector    0x0000000008000000      0x188 ./Core/Startup/startup_stm32f407vgtx.o
                0x0000000008000000                g_pfnVectors
                0x0000000008000188                . = ALIGN (0x4)

.text           0x0000000008000190     0x77e4
                0x0000000008000190                . = ALIGN (0x4)
 *(.text)
 .text          0x0000000008000190       0x40 E:/STM32CubeIDE/STM32CubeIDE_1.14.0/STM32CubeIDE/plugins/com.st.stm32cube.ide.mcu.externaltools.gnu-tools-for-stm32.11.3.rel1.win32_1.1.100.202309141235/tools/bin/../lib/gcc/arm-none-eabi/11.3.1/thumb/v7e-m+fp/hard/crtbegin.o
 .text          0x00000000080001d0       0x10 E:/STM32CubeIDE/STM32CubeIDE_1.14.0/STM32CubeIDE/plugins/com.st.stm32cube.ide.mcu.externaltools.gnu-tools-for-stm32.11.3.rel1.win32_1.1.100.202309141235/tools/bin/../lib/gcc/arm-none-eabi/11.3.1/../../../../arm-none-eabi/lib/thumb/v7e-m+fp/hard\libc_nano.a(libc_a-strlen.o)
                0x00000000080001d0                strlen
 .text          0x00000000080001e0       0xa0 E:/STM32CubeIDE/STM32CubeIDE_1.14.0/STM32CubeIDE/plugins/com.st.stm32cube.ide.mcu.externaltools.gnu-tools-for-stm32.11.3.rel1.win32_1.1.100.202309141235/tools/bin/../lib/gcc/arm-none-eabi/11.3.1/../../../../arm-none-eabi/lib/thumb/v7e-m+fp/hard\libc_nano.a(libc_a-memchr.o)
                0x00000000080001e0                memchr
 .text          0x0000000008000280       0x30 E:/STM32CubeIDE/STM32CubeIDE_1.14.0/STM32CubeIDE/plugins/com.st.stm32cube.ide.mcu.externaltools.gnu-tools-for-stm32.11.3.rel1.win32_1.1.100.202309141235/tools/bin/../lib/gcc/arm-none-eabi/11.3.1/thumb/v7e-m+fp/hard\libgcc.a(_aeabi_uldivmod.o)
                0x0000000008000280                __aeabi_uldivmod
 .text          0x00000000080002b0      0x2c8 E:/STM32CubeIDE/STM32CubeIDE_1.14.0/STM32CubeIDE/plugins/com.st.stm32cube.ide.mcu.externaltools.gnu-tools-for-stm32.11.3.rel1.win32_1.1.100.202309141235/tools/bin/../lib/gcc/arm-none-eabi/11.3.1/thumb/v7e-m+fp/hard\libgcc.a(_udivmoddi4.o)
                0x00000000080002b0                __udivmoddi4
 .text          0x0000000008000578        0x4 E:/STM32CubeIDE/STM32CubeIDE_1.14.0/STM32CubeIDE/plugins/com.st.stm32cube.ide.mcu.externaltools.gnu-tools-for-stm32.11.3.rel1.win32_1.1.100.202309141235/tools/bin/../lib/gcc/arm-none-eabi/11.3.1/thumb/v7e-m+fp/hard\libgcc.a(_dvmd_tls.o)
                0x0000000008000578                __aeabi_idiv0
                0x0000000008000578                __aeabi_ldiv0
 *(.text*)
 .text.vApplicationStackOverflowHook
                0x000000000800057c        0xc ./Core/Src/main.o
                0x000000000800057c                vApplicationStackOverflowHook
 .text.vApplicationMallocFailedHook
                0x0000000008000588        0x6 ./Core/Src/main.o
                0x0000000008000588                vApplicationMallocFailedHook
 *fill*         0x000000000800058e        0x2 
 .text.vConsolePrint
                0x0000000008000590       0x48 ./Core/Src/main.o
 .text.vMasterTask
                0x00000000080005d8       0xd4 ./Core/Src/main.o
 .text.vSlaveTask
                0x00000000080006ac       0x98 ./Core/Src/main.o
 .text.main     0x0000000008000744       0xa4 ./Core/Src/main.o
                0x0000000008000744                main
 .text.SystemClock_Config
                0x00000000080007e8       0xd4 ./Core/Src/main.o
                0x00000000080007e8                SystemClock_Config
 .text.MX_USART2_UART_Init
                0x00000000080008bc       0x54 ./Core/Src/main.o
 .text.MX_GPIO_Init
                0x0000000008000910      0x2bc ./Core/Src/main.o
 .text.HAL_TIM_PeriodElapsedCallback
                0x0000000008000bcc       0x24 ./Core/Src/main.o
                0x0000000008000bcc                HAL_TIM_PeriodElapsedCallback
 .text.Error_Handler
                0x0000000008000bf0        0xa ./Core/Src/main.o
                0x0000000008000bf0                Error_Handler
 *fill*         0x0000000008000bfa        0x2 
 .text.HAL_MspInit
                0x0000000008000bfc       0x50 ./Core/Src/stm32f4xx_hal_msp.o
                0x0000000008000bfc                HAL_MspInit
 .text.HAL_UART_MspInit
                0x0000000008000c4c       0xa0 ./Core/Src/stm32f4xx_hal_msp.o
                0x0000000008000c4c                HAL_UART_MspInit
 .text.HAL_InitTick
                0x0000000008000cec       0xf8 ./Core/Src/stm32f4xx_hal_timebase_tim.o
                0x0000000008000cec                HAL_InitTick
 .text.NMI_Handler
                0x0000000008000de4        0x6 ./Core/Src/stm32f4xx_it.o
                0x0000000008000de4                NMI_Handler
 .text.HardFault_Handler
                0x0000000008000dea        0x6 ./Core/Src/stm32f4xx_it.o
                0x0000000008000dea                HardFault_Handler
 .text.MemManage_Handler
                0x0000000008000df0        0x6 ./Core/Src/stm32f4xx_it.o
                0x0000000008000df0                MemManage_Handler
 .text.BusFault_Handler
                0x0000000008000df6        0x6 ./Core/Src/stm32f4xx_it.o
                0x0000000008000df6                BusFault_Handler
 .text.UsageFault_Handler
                0x0000000008000dfc        0x6 ./Core/Src/stm32f4xx_it.o
                0x0000000008000dfc                UsageFault_Handler
 .text.DebugMon_Handler
                0x0000000008000e02        0xe ./Core/Src/stm32f4xx_it.o
                0x0000000008000e02                DebugMon_Handler
 .text.USART2_IRQHandler
                0x0000000008000e10       0x14 ./Core/Src/stm32f4xx_it.o
                0x0000000008000e10                USART2_IRQHandler
 .text.TIM6_DAC_IRQHandler
                0x0000000008000e24       0x14 ./Core/Src/stm32f4xx_it.o
                0x0000000008000e24                TIM6_DAC_IRQHandler
 .text.ITM_SendChar
                0x0000000008000e38       0x50 ./Core/Src/syscalls.o
                0x0000000008000e38                ITM_SendChar
 .text._getpid  0x0000000008000e88       0x10 ./Core/Src/syscalls.o
                0x0000000008000e88                _getpid
 .text._kill    0x0000000008000e98       0x20 ./Core/Src/syscalls.o
                0x0000000008000e98                _kill
 .text._exit    0x0000000008000eb8       0x14 ./Core/Src/syscalls.o
                0x0000000008000eb8                _exit
 .text._read    0x0000000008000ecc       0x3a ./Core/Src/syscalls.o
                0x0000000008000ecc                _read
 .text._write   0x0000000008000f06       0x38 ./Core/Src/syscalls.o
                0x0000000008000f06                _write
 .text._close   0x0000000008000f3e       0x18 ./Core/Src/syscalls.o
                0x0000000008000f3e                _close
 .text._fstat   0x0000000008000f56       0x20 ./Core/Src/syscalls.o
                0x0000000008000f56                _fstat
 .text._isatty  0x0000000008000f76       0x16 ./Core/Src/syscalls.o
                0x0000000008000f76                _isatty
 .text._lseek   0x0000000008000f8c       0x1a ./Core/Src/syscalls.o
                0x0000000008000f8c                _lseek
 *fill*         0x0000000008000fa6        0x2 
 .text.SystemInit
                0x0000000008000fa8       0x24 ./Core/Src/system_stm32f4xx.o
                0x0000000008000fa8                SystemInit
 .text.Reset_Handler
                0x0000000008000fcc       0x50 ./Core/Startup/startup_stm32f407vgtx.o
                0x0000000008000fcc                Reset_Handler
 .text.Default_Handler
                0x000000000800101c        0x2 ./Core/Startup/startup_stm32f407vgtx.o
                0x000000000800101c                RTC_Alarm_IRQHandler
                0x000000000800101c                HASH_RNG_IRQHandler
                0x000000000800101c                EXTI2_IRQHandler
                0x000000000800101c                TIM8_CC_IRQHandler
                0x000000000800101c                TIM1_CC_IRQHandler
                0x000000000800101c                DMA2_Stream5_IRQHandler
                0x000000000800101c                DMA1_Stream5_IRQHandler
                0x000000000800101c                PVD_IRQHandler
                0x000000000800101c                SDIO_IRQHandler
                0x000000000800101c                TAMP_STAMP_IRQHandler
                0x000000000800101c                CAN2_RX1_IRQHandler
                0x000000000800101c                EXTI3_IRQHandler
                0x000000000800101c                TIM8_TRG_COM_TIM14_IRQHandler
                0x000000000800101c                TIM1_UP_TIM10_IRQHandler
                0x000000000800101c                TIM8_UP_TIM13_IRQHandler
                0x000000000800101c                I2C3_ER_IRQHandler
                0x000000000800101c                EXTI0_IRQHandler
                0x000000000800101c                I2C2_EV_IRQHandler
                0x000000000800101c                DMA1_Stream2_IRQHandler
                0x000000000800101c                CAN1_RX0_IRQHandler
                0x000000000800101c                FPU_IRQHandler
                0x000000000800101c                OTG_HS_WKUP_IRQHandler
                0x000000000800101c                CAN2_SCE_IRQHandler
                0x000000000800101c                DMA2_Stream2_IRQHandler
                0x000000000800101c                SPI1_IRQHandler
                0x000000000800101c                TIM1_BRK_TIM9_IRQHandler
                0x000000000800101c                DCMI_IRQHandler
                0x000000000800101c                CAN2_RX0_IRQHandler
                0x000000000800101c                DMA2_Stream3_IRQHandler
                0x000000000800101c                USART6_IRQHandler
                0x000000000800101c                USART3_IRQHandler
                0x000000000800101c                CAN1_RX1_IRQHandler
                0x000000000800101c                UART5_IRQHandler
                0x000000000800101c                DMA2_Stream0_IRQHandler
                0x000000000800101c                TIM4_IRQHandler
                0x000000000800101c                I2C1_EV_IRQHandler
                0x000000000800101c                DMA1_Stream6_IRQHandler
                0x000000000800101c                DMA1_Stream1_IRQHandler
                0x000000000800101c                UART4_IRQHandler
                0x000000000800101c                TIM3_IRQHandler
                0x000000000800101c                RCC_IRQHandler
                0x000000000800101c                TIM8_BRK_TIM12_IRQHandler
                0x000000000800101c                Default_Handler
                0x000000000800101c                EXTI15_10_IRQHandler
                0x000000000800101c                ADC_IRQHandler
                0x000000000800101c                DMA1_Stream7_IRQHandler
                0x000000000800101c                TIM7_IRQHandler
                0x000000000800101c                CAN2_TX_IRQHandler
                0x000000000800101c                TIM5_IRQHandler
                0x000000000800101c                DMA2_Stream7_IRQHandler
                0x000000000800101c                I2C3_EV_IRQHandler
                0x000000000800101c                EXTI9_5_IRQHandler
                0x000000000800101c                RTC_WKUP_IRQHandler
                0x000000000800101c                ETH_WKUP_IRQHandler
                0x000000000800101c                SPI2_IRQHandler
                0x000000000800101c                OTG_HS_EP1_IN_IRQHandler
                0x000000000800101c                DMA1_Stream0_IRQHandler
                0x000000000800101c                CAN1_TX_IRQHandler
                0x000000000800101c                EXTI4_IRQHandler
                0x000000000800101c                FSMC_IRQHandler
                0x000000000800101c                ETH_IRQHandler
                0x000000000800101c                OTG_HS_EP1_OUT_IRQHandler
                0x000000000800101c                WWDG_IRQHandler
                0x000000000800101c                TIM2_IRQHandler
                0x000000000800101c                OTG_FS_WKUP_IRQHandler
                0x000000000800101c                TIM1_TRG_COM_TIM11_IRQHandler
                0x000000000800101c                OTG_HS_IRQHandler
                0x000000000800101c                EXTI1_IRQHandler
                0x000000000800101c                I2C2_ER_IRQHandler
                0x000000000800101c                DMA2_Stream1_IRQHandler
                0x000000000800101c                CAN1_SCE_IRQHandler
                0x000000000800101c                FLASH_IRQHandler
                0x000000000800101c                DMA2_Stream4_IRQHandler
                0x000000000800101c                USART1_IRQHandler
                0x000000000800101c                OTG_FS_IRQHandler
                0x000000000800101c                SPI3_IRQHandler
                0x000000000800101c                DMA1_Stream4_IRQHandler
                0x000000000800101c                I2C1_ER_IRQHandler
                0x000000000800101c                DMA2_Stream6_IRQHandler
                0x000000000800101c                DMA1_Stream3_IRQHandler
 *fill*         0x000000000800101e        0x2 
 .text.HAL_Init
                0x0000000008001020       0x44 ./Drivers/STM32F4xx_HAL_Driver/Src/stm32f4xx_hal.o
                0x0000000008001020                HAL_Init
 .text.HAL_IncTick
                0x0000000008001064       0x28 ./Drivers/STM32F4xx_HAL_Driver/Src/stm32f4xx_hal.o
                0x0000000008001064                HAL_IncTick
 .text.HAL_GetTick
                0x000000000800108c       0x18 ./Drivers/STM32F4xx_HAL_Driver/Src/stm32f4xx_hal.o
                0x000000000800108c                HAL_GetTick
 .text.__NVIC_SetPriorityGrouping
                0x00000000080010a4       0x48 ./Drivers/STM32F4xx_HAL_Driver/Src/stm32f4xx_hal_cortex.o
 .text.__NVIC_GetPriorityGrouping
                0x00000000080010ec       0x1c ./Drivers/STM32F4xx_HAL_Driver/Src/stm32f4xx_hal_cortex.o
 .text.__NVIC_EnableIRQ
                0x0000000008001108       0x3c ./Drivers/STM32F4xx_HAL_Driver/Src/stm32f4xx_hal_cortex.o
 .text.__NVIC_SetPriority
                0x0000000008001144       0x54 ./Drivers/STM32F4xx_HAL_Driver/Src/stm32f4xx_hal_cortex.o
 .text.NVIC_EncodePriority
                0x0000000008001198       0x66 ./Drivers/STM32F4xx_HAL_Driver/Src/stm32f4xx_hal_cortex.o
 .text.HAL_NVIC_SetPriorityGrouping
                0x00000000080011fe       0x16 ./Drivers/STM32F4xx_HAL_Driver/Src/stm32f4xx_hal_cortex.o
                0x00000000080011fe                HAL_NVIC_SetPriorityGrouping
 .text.HAL_NVIC_SetPriority
                0x0000000008001214       0x38 ./Drivers/STM32F4xx_HAL_Driver/Src/stm32f4xx_hal_cortex.o
                0x0000000008001214                HAL_NVIC_SetPriority
 .text.HAL_NVIC_EnableIRQ
                0x000000000800124c       0x1c ./Drivers/STM32F4xx_HAL_Driver/Src/stm32f4xx_hal_cortex.o
                0x000000000800124c                HAL_NVIC_EnableIRQ
 .text.HAL_DMA_Abort
                0x0000000008001268       0xe0 ./Drivers/STM32F4xx_HAL_Driver/Src/stm32f4xx_hal_dma.o
                0x0000000008001268                HAL_DMA_Abort
 .text.HAL_DMA_Abort_IT
                0x0000000008001348       0x44 ./Drivers/STM32F4xx_HAL_Driver/Src/stm32f4xx_hal_dma.o
                0x0000000008001348                HAL_DMA_Abort_IT
 .text.HAL_GPIO_Init
                0x000000000800138c      0x338 ./Drivers/STM32F4xx_HAL_Driver/Src/stm32f4xx_hal_gpio.o
                0x000000000800138c                HAL_GPIO_Init
 .text.HAL_GPIO_WritePin
                0x00000000080016c4       0x32 ./Drivers/STM32F4xx_HAL_Driver/Src/stm32f4xx_hal_gpio.o
                0x00000000080016c4                HAL_GPIO_WritePin
 *fill*         0x00000000080016f6        0x2 
 .text.HAL_RCC_OscConfig
                0x00000000080016f8      0x4f0 ./Drivers/STM32F4xx_HAL_Driver/Src/stm32f4xx_hal_rcc.o
                0x00000000080016f8                HAL_RCC_OscConfig
 .text.HAL_RCC_ClockConfig
                0x0000000008001be8      0x1cc ./Drivers/STM32F4xx_HAL_Driver/Src/stm32f4xx_hal_rcc.o
                0x0000000008001be8                HAL_RCC_ClockConfig
 .text.HAL_RCC_GetSysClockFreq
                0x0000000008001db4      0x20c ./Drivers/STM32F4xx_HAL_Driver/Src/stm32f4xx_hal_rcc.o
                0x0000000008001db4                HAL_RCC_GetSysClockFreq
 .text.HAL_RCC_GetHCLKFreq
                0x0000000008001fc0       0x18 ./Drivers/STM32F4xx_HAL_Driver/Src/stm32f4xx_hal_rcc.o
                0x0000000008001fc0                HAL_RCC_GetHCLKFreq
 .text.HAL_RCC_GetPCLK1Freq
                0x0000000008001fd8       0x28 ./Drivers/STM32F4xx_HAL_Driver/Src/stm32f4xx_hal_rcc.o
                0x0000000008001fd8                HAL_RCC_GetPCLK1Freq
 .text.HAL_RCC_GetPCLK2Freq
                0x0000000008002000       0x28 ./Drivers/STM32F4xx_HAL_Driver/Src/stm32f4xx_hal_rcc.o
                0x0000000008002000                HAL_RCC_GetPCLK2Freq
 .text.HAL_RCC_GetClockConfig
                0x0000000008002028       0x64 ./Drivers/STM32F4xx_HAL_Driver/Src/stm32f4xx_hal_rcc.o
                0x0000000008002028                HAL_RCC_GetClockConfig
 .text.HAL_TIM_Base_Init
                0x000000000800208c       0x9e ./Drivers/STM32F4xx_HAL_Driver/Src/stm32f4xx_hal_tim.o
                0x000000000800208c                HAL_TIM_Base_Init
 .text.HAL_TIM_Base_MspInit
                0x000000000800212a       0x14 ./Drivers/STM32F4xx_HAL_Driver/Src/stm32f4xx_hal_tim.o
                0x000000000800212a                HAL_TIM_Base_MspInit
 *fill*         0x000000000800213e        0x2 
 .text.HAL_TIM_Base_Start_IT
                0x0000000008002140       0xe0 ./Drivers/STM32F4xx_HAL_Driver/Src/stm32f4xx_hal_tim.o
                0x0000000008002140                HAL_TIM_Base_Start_IT
 .text.HAL_TIM_IRQHandler
                0x0000000008002220      0x1e0 ./Drivers/STM32F4xx_HAL_Driver/Src/stm32f4xx_hal_tim.o
                0x0000000008002220                HAL_TIM_IRQHandler
 .text.HAL_TIM_OC_DelayElapsedCallback
                0x0000000008002400       0x14 ./Drivers/STM32F4xx_HAL_Driver/Src/stm32f4xx_hal_tim.o
                0x0000000008002400                HAL_TIM_OC_DelayElapsedCallback
 .text.HAL_TIM_IC_CaptureCallback
                0x0000000008002414       0x14 ./Drivers/STM32F4xx_HAL_Driver/Src/stm32f4xx_hal_tim.o
                0x0000000008002414                HAL_TIM_IC_CaptureCallback
 .text.HAL_TIM_PWM_PulseFinishedCallback
                0x0000000008002428       0x14 ./Drivers/STM32F4xx_HAL_Driver/Src/stm32f4xx_hal_tim.o
                0x0000000008002428                HAL_TIM_PWM_PulseFinishedCallback
 .text.HAL_TIM_TriggerCallback
                0x000000000800243c       0x14 ./Drivers/STM32F4xx_HAL_Driver/Src/stm32f4xx_hal_tim.o
                0x000000000800243c                HAL_TIM_TriggerCallback
 .text.TIM_Base_SetConfig
                0x0000000008002450      0x14c ./Drivers/STM32F4xx_HAL_Driver/Src/stm32f4xx_hal_tim.o
                0x0000000008002450                TIM_Base_SetConfig
 .text.HAL_TIMEx_CommutCallback
                0x000000000800259c       0x14 ./Drivers/STM32F4xx_HAL_Driver/Src/stm32f4xx_hal_tim_ex.o
                0x000000000800259c                HAL_TIMEx_CommutCallback
 .text.HAL_TIMEx_BreakCallback
                0x00000000080025b0       0x14 ./Drivers/STM32F4xx_HAL_Driver/Src/stm32f4xx_hal_tim_ex.o
                0x00000000080025b0                HAL_TIMEx_BreakCallback
 .text.HAL_UART_Init
                0x00000000080025c4       0xa0 ./Drivers/STM32F4xx_HAL_Driver/Src/stm32f4xx_hal_uart.o
                0x00000000080025c4                HAL_UART_Init
 .text.HAL_UART_Transmit
                0x0000000008002664      0x116 ./Drivers/STM32F4xx_HAL_Driver/Src/stm32f4xx_hal_uart.o
                0x0000000008002664                HAL_UART_Transmit
 *fill*         0x000000000800277a        0x2 
 .text.HAL_UART_IRQHandler
                0x000000000800277c      0x554 ./Drivers/STM32F4xx_HAL_Driver/Src/stm32f4xx_hal_uart.o
                0x000000000800277c                HAL_UART_IRQHandler
 .text.HAL_UART_TxCpltCallback
                0x0000000008002cd0       0x14 ./Drivers/STM32F4xx_HAL_Driver/Src/stm32f4xx_hal_uart.o
                0x0000000008002cd0                HAL_UART_TxCpltCallback
 .text.HAL_UART_RxCpltCallback
                0x0000000008002ce4       0x14 ./Drivers/STM32F4xx_HAL_Driver/Src/stm32f4xx_hal_uart.o
                0x0000000008002ce4                HAL_UART_RxCpltCallback
 .text.HAL_UART_ErrorCallback
                0x0000000008002cf8       0x14 ./Drivers/STM32F4xx_HAL_Driver/Src/stm32f4xx_hal_uart.o
                0x0000000008002cf8                HAL_UART_ErrorCallback
 .text.HAL_UARTEx_RxEventCallback
                0x0000000008002d0c       0x18 ./Drivers/STM32F4xx_HAL_Driver/Src/stm32f4xx_hal_uart.o
                0x0000000008002d0c                HAL_UARTEx_RxEventCallback
 .text.UART_WaitOnFlagUntilTimeout
                0x0000000008002d24       0xb2 ./Drivers/STM32F4xx_HAL_Driver/Src/stm32f4xx_hal_uart.o
 .text.UART_EndRxTransfer
                0x0000000008002dd6       0xc6 ./Drivers/STM32F4xx_HAL_Driver/Src/stm32f4xx_hal_uart.o
 .text.UART_DMAAbortOnError
                0x0000000008002e9c       0x22 ./Drivers/STM32F4xx_HAL_Driver/Src/stm32f4xx_hal_uart.o
 .text.UART_Transmit_IT
                0x0000000008002ebe       0xa0 ./Drivers/STM32F4xx_HAL_Driver/Src/stm32f4xx_hal_uart.o
 .text.UART_EndTransmit_IT
                0x0000000008002f5e       0x30 ./Drivers/STM32F4xx_HAL_Driver/Src/stm32f4xx_hal_uart.o
 .text.UART_Receive_IT
                0x0000000008002f8e      0x17c ./Drivers/STM32F4xx_HAL_Driver/Src/stm32f4xx_hal_uart.o
 *fill*         0x000000000800310a        0x2 
 .text.UART_SetConfig
                0x000000000800310c      0x4e8 ./Drivers/STM32F4xx_HAL_Driver/Src/stm32f4xx_hal_uart.o
 .text.vListInitialise
                0x00000000080035f4       0x40 ./ThirdParty/FreeRTOS/list.o
                0x00000000080035f4                vListInitialise
 .text.vListInitialiseItem
                0x0000000008003634       0x1a ./ThirdParty/FreeRTOS/list.o
                0x0000000008003634                vListInitialiseItem
 .text.vListInsert
                0x000000000800364e       0x72 ./ThirdParty/FreeRTOS/list.o
                0x000000000800364e                vListInsert
 .text.uxListRemove
                0x00000000080036c0       0x54 ./ThirdParty/FreeRTOS/list.o
                0x00000000080036c0                uxListRemove
 .text.xQueueGenericReset
                0x0000000008003714      0x120 ./ThirdParty/FreeRTOS/queue.o
                0x0000000008003714                xQueueGenericReset
 .text.xQueueGenericCreate
                0x0000000008003834       0x9c ./ThirdParty/FreeRTOS/queue.o
                0x0000000008003834                xQueueGenericCreate
 .text.prvInitialiseNewQueue
                0x00000000080038d0       0x46 ./ThirdParty/FreeRTOS/queue.o
 *fill*         0x0000000008003916        0x2 
 .text.xQueueGenericSend
                0x0000000008003918      0x1fc ./ThirdParty/FreeRTOS/queue.o
                0x0000000008003918                xQueueGenericSend
 .text.xQueueReceive
                0x0000000008003b14      0x1c0 ./ThirdParty/FreeRTOS/queue.o
                0x0000000008003b14                xQueueReceive
 .text.xQueueSemaphoreTake
                0x0000000008003cd4      0x1fc ./ThirdParty/FreeRTOS/queue.o
                0x0000000008003cd4                xQueueSemaphoreTake
 .text.prvGetDisinheritPriorityAfterTimeout
                0x0000000008003ed0       0x30 ./ThirdParty/FreeRTOS/queue.o
 .text.prvCopyDataToQueue
                0x0000000008003f00       0xd4 ./ThirdParty/FreeRTOS/queue.o
 .text.prvCopyDataFromQueue
                0x0000000008003fd4       0x4c ./ThirdParty/FreeRTOS/queue.o
 .text.prvUnlockQueue
                0x0000000008004020       0xa4 ./ThirdParty/FreeRTOS/queue.o
 .text.prvIsQueueEmpty
                0x00000000080040c4       0x2c ./ThirdParty/FreeRTOS/queue.o
 .text.prvIsQueueFull
                0x00000000080040f0       0x30 ./ThirdParty/FreeRTOS/queue.o
 .text.vQueueAddToRegistry
                0x0000000008004120       0x9c ./ThirdParty/FreeRTOS/queue.o
                0x0000000008004120                vQueueAddToRegistry
 .text.vQueueWaitForMessageRestricted
                0x00000000080041bc       0x68 ./ThirdParty/FreeRTOS/queue.o
                0x00000000080041bc                vQueueWaitForMessageRestricted
 .text.prvCreateTask
                0x0000000008004224       0x78 ./ThirdParty/FreeRTOS/tasks.o
 .text.xTaskCreate
                0x000000000800429c       0x46 ./ThirdParty/FreeRTOS/tasks.o
                0x000000000800429c                xTaskCreate
 .text.prvInitialiseNewTask
                0x00000000080042e2      0x11c ./ThirdParty/FreeRTOS/tasks.o
 *fill*         0x00000000080043fe        0x2 
 .text.prvAddNewTaskToReadyList
                0x0000000008004400      0x130 ./ThirdParty/FreeRTOS/tasks.o
 .text.vTaskDelay
                0x0000000008004530       0x68 ./ThirdParty/FreeRTOS/tasks.o
                0x0000000008004530                vTaskDelay
 .text.prvCreateIdleTasks
                0x0000000008004598       0x94 ./ThirdParty/FreeRTOS/tasks.o
 .text.vTaskStartScheduler
                0x000000000800462c       0x88 ./ThirdParty/FreeRTOS/tasks.o
                0x000000000800462c                vTaskStartScheduler
 .text.vTaskSuspendAll
                0x00000000080046b4       0x1c ./ThirdParty/FreeRTOS/tasks.o
                0x00000000080046b4                vTaskSuspendAll
 .text.xTaskResumeAll
                0x00000000080046d0      0x210 ./ThirdParty/FreeRTOS/tasks.o
                0x00000000080046d0                xTaskResumeAll
 .text.xTaskGetTickCount
                0x00000000080048e0       0x20 ./ThirdParty/FreeRTOS/tasks.o
                0x00000000080048e0                xTaskGetTickCount
 .text.xTaskIncrementTick
                0x0000000008004900      0x230 ./ThirdParty/FreeRTOS/tasks.o
                0x0000000008004900                xTaskIncrementTick
 .text.vTaskSwitchContext
                0x0000000008004b30      0x104 ./ThirdParty/FreeRTOS/tasks.o
                0x0000000008004b30                vTaskSwitchContext
 .text.vTaskPlaceOnEventList
                0x0000000008004c34       0x48 ./ThirdParty/FreeRTOS/tasks.o
                0x0000000008004c34                vTaskPlaceOnEventList
 .text.vTaskPlaceOnEventListRestricted
                0x0000000008004c7c       0x8c ./ThirdParty/FreeRTOS/tasks.o
                0x0000000008004c7c                vTaskPlaceOnEventListRestricted
 .text.xTaskRemoveFromEventList
                0x0000000008004d08      0x1b0 ./ThirdParty/FreeRTOS/tasks.o
                0x0000000008004d08                xTaskRemoveFromEventList
 .text.vTaskInternalSetTimeOutState
                0x0000000008004eb8       0x2c ./ThirdParty/FreeRTOS/tasks.o
                0x0000000008004eb8                vTaskInternalSetTimeOutState
 .text.xTaskCheckForTimeOut
                0x0000000008004ee4       0xcc ./ThirdParty/FreeRTOS/tasks.o
                0x0000000008004ee4                xTaskCheckForTimeOut
 .text.vTaskMissedYield
                0x0000000008004fb0       0x18 ./ThirdParty/FreeRTOS/tasks.o
                0x0000000008004fb0                vTaskMissedYield
 .text.prvIdleTask
                0x0000000008004fc8       0x30 ./ThirdParty/FreeRTOS/tasks.o
 .text.prvInitialiseTaskLists
                0x0000000008004ff8       0x80 ./ThirdParty/FreeRTOS/tasks.o
 .text.prvCheckTasksWaitingTermination
                0x0000000008005078       0x5c ./ThirdParty/FreeRTOS/tasks.o
 .text.prvDeleteTCB
                0x00000000080050d4       0x20 ./ThirdParty/FreeRTOS/tasks.o
 .text.prvResetNextTaskUnblockTime
                0x00000000080050f4       0x38 ./ThirdParty/FreeRTOS/tasks.o
 .text.xTaskGetSchedulerState
                0x000000000800512c       0x3c ./ThirdParty/FreeRTOS/tasks.o
                0x000000000800512c                xTaskGetSchedulerState
 .text.xTaskPriorityInherit
                0x0000000008005168      0x140 ./ThirdParty/FreeRTOS/tasks.o
                0x0000000008005168                xTaskPriorityInherit
 .text.xTaskPriorityDisinherit
                0x00000000080052a8      0x14c ./ThirdParty/FreeRTOS/tasks.o
                0x00000000080052a8                xTaskPriorityDisinherit
 .text.vTaskPriorityDisinheritAfterTimeout
                0x00000000080053f4      0x174 ./ThirdParty/FreeRTOS/tasks.o
                0x00000000080053f4                vTaskPriorityDisinheritAfterTimeout
 .text.pvTaskIncrementMutexHeldCount
                0x0000000008005568       0x30 ./ThirdParty/FreeRTOS/tasks.o
                0x0000000008005568                pvTaskIncrementMutexHeldCount
 .text.prvAddCurrentTaskToDelayedList
                0x0000000008005598      0x104 ./ThirdParty/FreeRTOS/tasks.o
 .text.xTimerCreateTimerTask
                0x000000000800569c       0x64 ./ThirdParty/FreeRTOS/timers.o
                0x000000000800569c                xTimerCreateTimerTask
 .text.prvReloadTimer
                0x0000000008005700       0x42 ./ThirdParty/FreeRTOS/timers.o
 *fill*         0x0000000008005742        0x2 
 .text.prvProcessExpiredTimer
                0x0000000008005744       0x60 ./ThirdParty/FreeRTOS/timers.o
 .text.prvTimerTask
                0x00000000080057a4       0x24 ./ThirdParty/FreeRTOS/timers.o
 .text.prvProcessTimerOrBlockTask
                0x00000000080057c8       0x9c ./ThirdParty/FreeRTOS/timers.o
 .text.prvGetNextExpireTime
                0x0000000008005864       0x48 ./ThirdParty/FreeRTOS/timers.o
 .text.prvSampleTimeNow
                0x00000000080058ac       0x40 ./ThirdParty/FreeRTOS/timers.o
 .text.prvInsertTimerInActiveList
                0x00000000080058ec       0x84 ./ThirdParty/FreeRTOS/timers.o
 .text.prvProcessReceivedCommands
                0x0000000008005970      0x1c0 ./ThirdParty/FreeRTOS/timers.o
 .text.prvSwitchTimerLists
                0x0000000008005b30       0x4c ./ThirdParty/FreeRTOS/timers.o
 .text.prvCheckForValidListAndQueue
                0x0000000008005b7c       0x6c ./ThirdParty/FreeRTOS/timers.o
 .text.pxPortInitialiseStack
                0x0000000008005be8       0x68 ./ThirdParty/FreeRTOS/portable/GCC/ARM_CM4F/port.o
                0x0000000008005be8                pxPortInitialiseStack
 .text.prvTaskExitError
                0x0000000008005c50       0x58 ./ThirdParty/FreeRTOS/portable/GCC/ARM_CM4F/port.o
 *fill*         0x0000000008005ca8        0x8 
 .text.SVC_Handler
                0x0000000008005cb0       0x28 ./ThirdParty/FreeRTOS/portable/GCC/ARM_CM4F/port.o
                0x0000000008005cb0                SVC_Handler
 .text.prvPortStartFirstTask
                0x0000000008005cd8       0x2c ./ThirdParty/FreeRTOS/portable/GCC/ARM_CM4F/port.o
 .text.xPortStartScheduler
                0x0000000008005d04      0x1d4 ./ThirdParty/FreeRTOS/portable/GCC/ARM_CM4F/port.o
                0x0000000008005d04                xPortStartScheduler
 .text.vPortEnterCritical
                0x0000000008005ed8       0x60 ./ThirdParty/FreeRTOS/portable/GCC/ARM_CM4F/port.o
                0x0000000008005ed8                vPortEnterCritical
 .text.vPortExitCritical
                0x0000000008005f38       0x54 ./ThirdParty/FreeRTOS/portable/GCC/ARM_CM4F/port.o
                0x0000000008005f38                vPortExitCritical
 *fill*         0x0000000008005f8c        0x4 
 .text.PendSV_Handler
                0x0000000008005f90       0x68 ./ThirdParty/FreeRTOS/portable/GCC/ARM_CM4F/port.o
                0x0000000008005f90                PendSV_Handler
 .text.SysTick_Handler
                0x0000000008005ff8       0x44 ./ThirdParty/FreeRTOS/portable/GCC/ARM_CM4F/port.o
                0x0000000008005ff8                SysTick_Handler
 .text.vPortSetupTimerInterrupt
                0x000000000800603c       0x48 ./ThirdParty/FreeRTOS/portable/GCC/ARM_CM4F/port.o
                0x000000000800603c                vPortSetupTimerInterrupt
 .text.vPortEnableVFP
                0x0000000008006084       0x18 ./ThirdParty/FreeRTOS/portable/GCC/ARM_CM4F/port.o
 .text.pvPortMalloc
                0x000000000800609c      0x260 ./ThirdParty/FreeRTOS/portable/MemMang/heap_4.o
                0x000000000800609c                pvPortMalloc
 .text.vPortFree
                0x00000000080062fc       0xf0 ./ThirdParty/FreeRTOS/portable/MemMang/heap_4.o
                0x00000000080062fc                vPortFree
 .text.prvHeapInit
                0x00000000080063ec       0xb4 ./ThirdParty/FreeRTOS/portable/MemMang/heap_4.o
 .text.prvInsertBlockIntoFreeList
                0x00000000080064a0       0xf4 ./ThirdParty/FreeRTOS/portable/MemMang/heap_4.o
 .text.rand     0x0000000008006594       0x7c E:/STM32CubeIDE/STM32CubeIDE_1.14.0/STM32CubeIDE/plugins/com.st.stm32cube.ide.mcu.externaltools.gnu-tools-for-stm32.11.3.rel1.win32_1.1.100.202309141235/tools/bin/../lib/gcc/arm-none-eabi/11.3.1/../../../../arm-none-eabi/lib/thumb/v7e-m+fp/hard\libc_nano.a(libc_a-rand.o)
                0x0000000008006594                rand
 .text.std      0x0000000008006610       0x6c E:/STM32CubeIDE/STM32CubeIDE_1.14.0/STM32CubeIDE/plugins/com.st.stm32cube.ide.mcu.externaltools.gnu-tools-for-stm32.11.3.rel1.win32_1.1.100.202309141235/tools/bin/../lib/gcc/arm-none-eabi/11.3.1/../../../../arm-none-eabi/lib/thumb/v7e-m+fp/hard\libc_nano.a(libc_a-findfp.o)
 .text.stdio_exit_handler
                0x000000000800667c       0x18 E:/STM32CubeIDE/STM32CubeIDE_1.14.0/STM32CubeIDE/plugins/com.st.stm32cube.ide.mcu.externaltools.gnu-tools-for-stm32.11.3.rel1.win32_1.1.100.202309141235/tools/bin/../lib/gcc/arm-none-eabi/11.3.1/../../../../arm-none-eabi/lib/thumb/v7e-m+fp/hard\libc_nano.a(libc_a-findfp.o)
 .text.cleanup_stdio
                0x0000000008006694       0x40 E:/STM32CubeIDE/STM32CubeIDE_1.14.0/STM32CubeIDE/plugins/com.st.stm32cube.ide.mcu.externaltools.gnu-tools-for-stm32.11.3.rel1.win32_1.1.100.202309141235/tools/bin/../lib/gcc/arm-none-eabi/11.3.1/../../../../arm-none-eabi/lib/thumb/v7e-m+fp/hard\libc_nano.a(libc_a-findfp.o)
 .text.global_stdio_init.part.0
                0x00000000080066d4       0x3c E:/STM32CubeIDE/STM32CubeIDE_1.14.0/STM32CubeIDE/plugins/com.st.stm32cube.ide.mcu.externaltools.gnu-tools-for-stm32.11.3.rel1.win32_1.1.100.202309141235/tools/bin/../lib/gcc/arm-none-eabi/11.3.1/../../../../arm-none-eabi/lib/thumb/v7e-m+fp/hard\libc_nano.a(libc_a-findfp.o)
 .text.__sfp_lock_acquire
                0x0000000008006710        0xc E:/STM32CubeIDE/STM32CubeIDE_1.14.0/STM32CubeIDE/plugins/com.st.stm32cube.ide.mcu.externaltools.gnu-tools-for-stm32.11.3.rel1.win32_1.1.100.202309141235/tools/bin/../lib/gcc/arm-none-eabi/11.3.1/../../../../arm-none-eabi/lib/thumb/v7e-m+fp/hard\libc_nano.a(libc_a-findfp.o)
                0x0000000008006710                __sfp_lock_acquire
 .text.__sfp_lock_release
                0x000000000800671c        0xc E:/STM32CubeIDE/STM32CubeIDE_1.14.0/STM32CubeIDE/plugins/com.st.stm32cube.ide.mcu.externaltools.gnu-tools-for-stm32.11.3.rel1.win32_1.1.100.202309141235/tools/bin/../lib/gcc/arm-none-eabi/11.3.1/../../../../arm-none-eabi/lib/thumb/v7e-m+fp/hard\libc_nano.a(libc_a-findfp.o)
                0x000000000800671c                __sfp_lock_release
 .text.__sinit  0x0000000008006728       0x30 E:/STM32CubeIDE/STM32CubeIDE_1.14.0/STM32CubeIDE/plugins/com.st.stm32cube.ide.mcu.externaltools.gnu-tools-for-stm32.11.3.rel1.win32_1.1.100.202309141235/tools/bin/../lib/gcc/arm-none-eabi/11.3.1/../../../../arm-none-eabi/lib/thumb/v7e-m+fp/hard\libc_nano.a(libc_a-findfp.o)
                0x0000000008006728                __sinit
 .text._fwalk_sglue
                0x0000000008006758       0x3c E:/STM32CubeIDE/STM32CubeIDE_1.14.0/STM32CubeIDE/plugins/com.st.stm32cube.ide.mcu.externaltools.gnu-tools-for-stm32.11.3.rel1.win32_1.1.100.202309141235/tools/bin/../lib/gcc/arm-none-eabi/11.3.1/../../../../arm-none-eabi/lib/thumb/v7e-m+fp/hard\libc_nano.a(libc_a-fwalk.o)
                0x0000000008006758                _fwalk_sglue
 .text.__sread  0x0000000008006794       0x22 E:/STM32CubeIDE/STM32CubeIDE_1.14.0/STM32CubeIDE/plugins/com.st.stm32cube.ide.mcu.externaltools.gnu-tools-for-stm32.11.3.rel1.win32_1.1.100.202309141235/tools/bin/../lib/gcc/arm-none-eabi/11.3.1/../../../../arm-none-eabi/lib/thumb/v7e-m+fp/hard\libc_nano.a(libc_a-stdio.o)
                0x0000000008006794                __sread
 .text.__swrite
                0x00000000080067b6       0x38 E:/STM32CubeIDE/STM32CubeIDE_1.14.0/STM32CubeIDE/plugins/com.st.stm32cube.ide.mcu.externaltools.gnu-tools-for-stm32.11.3.rel1.win32_1.1.100.202309141235/tools/bin/../lib/gcc/arm-none-eabi/11.3.1/../../../../arm-none-eabi/lib/thumb/v7e-m+fp/hard\libc_nano.a(libc_a-stdio.o)
                0x00000000080067b6                __swrite
 .text.__sseek  0x00000000080067ee       0x24 E:/STM32CubeIDE/STM32CubeIDE_1.14.0/STM32CubeIDE/plugins/com.st.stm32cube.ide.mcu.externaltools.gnu-tools-for-stm32.11.3.rel1.win32_1.1.100.202309141235/tools/bin/../lib/gcc/arm-none-eabi/11.3.1/../../../../arm-none-eabi/lib/thumb/v7e-m+fp/hard\libc_nano.a(libc_a-stdio.o)
                0x00000000080067ee                __sseek
 .text.__sclose
                0x0000000008006812        0x8 E:/STM32CubeIDE/STM32CubeIDE_1.14.0/STM32CubeIDE/plugins/com.st.stm32cube.ide.mcu.externaltools.gnu-tools-for-stm32.11.3.rel1.win32_1.1.100.202309141235/tools/bin/../lib/gcc/arm-none-eabi/11.3.1/../../../../arm-none-eabi/lib/thumb/v7e-m+fp/hard\libc_nano.a(libc_a-stdio.o)
                0x0000000008006812                __sclose
 .text._vsnprintf_r
                0x000000000800681a       0x56 E:/STM32CubeIDE/STM32CubeIDE_1.14.0/STM32CubeIDE/plugins/com.st.stm32cube.ide.mcu.externaltools.gnu-tools-for-stm32.11.3.rel1.win32_1.1.100.202309141235/tools/bin/../lib/gcc/arm-none-eabi/11.3.1/../../../../arm-none-eabi/lib/thumb/v7e-m+fp/hard\libc_nano.a(libc_a-vsnprintf.o)
                0x000000000800681a                _vsniprintf_r
                0x000000000800681a                _vsnprintf_r
 .text.vsnprintf
                0x0000000008006870       0x1c E:/STM32CubeIDE/STM32CubeIDE_1.14.0/STM32CubeIDE/plugins/com.st.stm32cube.ide.mcu.externaltools.gnu-tools-for-stm32.11.3.rel1.win32_1.1.100.202309141235/tools/bin/../lib/gcc/arm-none-eabi/11.3.1/../../../../arm-none-eabi/lib/thumb/v7e-m+fp/hard\libc_nano.a(libc_a-vsnprintf.o)
                0x0000000008006870                vsniprintf
                0x0000000008006870                vsnprintf
 .text.memset   0x000000000800688c       0x10 E:/STM32CubeIDE/STM32CubeIDE_1.14.0/STM32CubeIDE/plugins/com.st.stm32cube.ide.mcu.externaltools.gnu-tools-for-stm32.11.3.rel1.win32_1.1.100.202309141235/tools/bin/../lib/gcc/arm-none-eabi/11.3.1/../../../../arm-none-eabi/lib/thumb/v7e-m+fp/hard\libc_nano.a(libc_a-memset.o)
                0x000000000800688c                memset
 .text._close_r
                0x000000000800689c       0x20 E:/STM32CubeIDE/STM32CubeIDE_1.14.0/STM32CubeIDE/plugins/com.st.stm32cube.ide.mcu.externaltools.gnu-tools-for-stm32.11.3.rel1.win32_1.1.100.202309141235/tools/bin/../lib/gcc/arm-none-eabi/11.3.1/../../../../arm-none-eabi/lib/thumb/v7e-m+fp/hard\libc_nano.a(libc_a-closer.o)
                0x000000000800689c                _close_r
 .text._lseek_r
                0x00000000080068bc       0x24 E:/STM32CubeIDE/STM32CubeIDE_1.14.0/STM32CubeIDE/plugins/com.st.stm32cube.ide.mcu.externaltools.gnu-tools-for-stm32.11.3.rel1.win32_1.1.100.202309141235/tools/bin/../lib/gcc/arm-none-eabi/11.3.1/../../../../arm-none-eabi/lib/thumb/v7e-m+fp/hard\libc_nano.a(libc_a-lseekr.o)
                0x00000000080068bc                _lseek_r
 .text._read_r  0x00000000080068e0       0x24 E:/STM32CubeIDE/STM32CubeIDE_1.14.0/STM32CubeIDE/plugins/com.st.stm32cube.ide.mcu.externaltools.gnu-tools-for-stm32.11.3.rel1.win32_1.1.100.202309141235/tools/bin/../lib/gcc/arm-none-eabi/11.3.1/../../../../arm-none-eabi/lib/thumb/v7e-m+fp/hard\libc_nano.a(libc_a-readr.o)
                0x00000000080068e0                _read_r
 .text._write_r
                0x0000000008006904       0x24 E:/STM32CubeIDE/STM32CubeIDE_1.14.0/STM32CubeIDE/plugins/com.st.stm32cube.ide.mcu.externaltools.gnu-tools-for-stm32.11.3.rel1.win32_1.1.100.202309141235/tools/bin/../lib/gcc/arm-none-eabi/11.3.1/../../../../arm-none-eabi/lib/thumb/v7e-m+fp/hard\libc_nano.a(libc_a-writer.o)
                0x0000000008006904                _write_r
 .text.__errno  0x0000000008006928        0xc E:/STM32CubeIDE/STM32CubeIDE_1.14.0/STM32CubeIDE/plugins/com.st.stm32cube.ide.mcu.externaltools.gnu-tools-for-stm32.11.3.rel1.win32_1.1.100.202309141235/tools/bin/../lib/gcc/arm-none-eabi/11.3.1/../../../../arm-none-eabi/lib/thumb/v7e-m+fp/hard\libc_nano.a(libc_a-errno.o)
                0x0000000008006928                __errno
 .text.__libc_init_array
                0x0000000008006934       0x48 E:/STM32CubeIDE/STM32CubeIDE_1.14.0/STM32CubeIDE/plugins/com.st.stm32cube.ide.mcu.externaltools.gnu-tools-for-stm32.11.3.rel1.win32_1.1.100.202309141235/tools/bin/../lib/gcc/arm-none-eabi/11.3.1/../../../../arm-none-eabi/lib/thumb/v7e-m+fp/hard\libc_nano.a(libc_a-init.o)
                0x0000000008006934                __libc_init_array
 .text.__retarget_lock_init_recursive
                0x000000000800697c        0x2 E:/STM32CubeIDE/STM32CubeIDE_1.14.0/STM32CubeIDE/plugins/com.st.stm32cube.ide.mcu.externaltools.gnu-tools-for-stm32.11.3.rel1.win32_1.1.100.202309141235/tools/bin/../lib/gcc/arm-none-eabi/11.3.1/../../../../arm-none-eabi/lib/thumb/v7e-m+fp/hard\libc_nano.a(libc_a-lock.o)
                0x000000000800697c                __retarget_lock_init_recursive
 .text.__retarget_lock_acquire_recursive
                0x000000000800697e        0x2 E:/STM32CubeIDE/STM32CubeIDE_1.14.0/STM32CubeIDE/plugins/com.st.stm32cube.ide.mcu.externaltools.gnu-tools-for-stm32.11.3.rel1.win32_1.1.100.202309141235/tools/bin/../lib/gcc/arm-none-eabi/11.3.1/../../../../arm-none-eabi/lib/thumb/v7e-m+fp/hard\libc_nano.a(libc_a-lock.o)
                0x000000000800697e                __retarget_lock_acquire_recursive
 .text.__retarget_lock_release_recursive
                0x0000000008006980        0x2 E:/STM32CubeIDE/STM32CubeIDE_1.14.0/STM32CubeIDE/plugins/com.st.stm32cube.ide.mcu.externaltools.gnu-tools-for-stm32.11.3.rel1.win32_1.1.100.202309141235/tools/bin/../lib/gcc/arm-none-eabi/11.3.1/../../../../arm-none-eabi/lib/thumb/v7e-m+fp/hard\libc_nano.a(libc_a-lock.o)
                0x0000000008006980                __retarget_lock_release_recursive
 .text.memcpy   0x0000000008006982       0x1c E:/STM32CubeIDE/STM32CubeIDE_1.14.0/STM32CubeIDE/plugins/com.st.stm32cube.ide.mcu.externaltools.gnu-tools-for-stm32.11.3.rel1.win32_1.1.100.202309141235/tools/bin/../lib/gcc/arm-none-eabi/11.3.1/../../../../arm-none-eabi/lib/thumb/v7e-m+fp/hard\libc_nano.a(libc_a-memcpy-stub.o)
                0x0000000008006982                memcpy
 *fill*         0x000000000800699e        0x2 
 .text.__assert_func
                0x00000000080069a0       0x3c E:/STM32CubeIDE/STM32CubeIDE_1.14.0/STM32CubeIDE/plugins/com.st.stm32cube.ide.mcu.externaltools.gnu-tools-for-stm32.11.3.rel1.win32_1.1.100.202309141235/tools/bin/../lib/gcc/arm-none-eabi/11.3.1/../../../../arm-none-eabi/lib/thumb/v7e-m+fp/hard\libc_nano.a(libc_a-assert.o)
                0x00000000080069a0                __assert_func
 .text._free_r  0x00000000080069dc       0x98 E:/STM32CubeIDE/STM32CubeIDE_1.14.0/STM32CubeIDE/plugins/com.st.stm32cube.ide.mcu.externaltools.gnu-tools-for-stm32.11.3.rel1.win32_1.1.100.202309141235/tools/bin/../lib/gcc/arm-none-eabi/11.3.1/../../../../arm-none-eabi/lib/thumb/v7e-m+fp/hard\libc_nano.a(libc_a-freer.o)
                0x00000000080069dc                _free_r
 .text.malloc   0x0000000008006a74       0x10 E:/STM32CubeIDE/STM32CubeIDE_1.14.0/STM32CubeIDE/plugins/com.st.stm32cube.ide.mcu.externaltools.gnu-tools-for-stm32.11.3.rel1.win32_1.1.100.202309141235/tools/bin/../lib/gcc/arm-none-eabi/11.3.1/../../../../arm-none-eabi/lib/thumb/v7e-m+fp/hard\libc_nano.a(libc_a-malloc.o)
                0x0000000008006a74                malloc
 .text.sbrk_aligned
                0x0000000008006a84       0x40 E:/STM32CubeIDE/STM32CubeIDE_1.14.0/STM32CubeIDE/plugins/com.st.stm32cube.ide.mcu.externaltools.gnu-tools-for-stm32.11.3.rel1.win32_1.1.100.202309141235/tools/bin/../lib/gcc/arm-none-eabi/11.3.1/../../../../arm-none-eabi/lib/thumb/v7e-m+fp/hard\libc_nano.a(libc_a-mallocr.o)
 .text._malloc_r
                0x0000000008006ac4      0x100 E:/STM32CubeIDE/STM32CubeIDE_1.14.0/STM32CubeIDE/plugins/com.st.stm32cube.ide.mcu.externaltools.gnu-tools-for-stm32.11.3.rel1.win32_1.1.100.202309141235/tools/bin/../lib/gcc/arm-none-eabi/11.3.1/../../../../arm-none-eabi/lib/thumb/v7e-m+fp/hard\libc_nano.a(libc_a-mallocr.o)
                0x0000000008006ac4                _malloc_r
 .text.__malloc_lock
                0x0000000008006bc4        0xc E:/STM32CubeIDE/STM32CubeIDE_1.14.0/STM32CubeIDE/plugins/com.st.stm32cube.ide.mcu.externaltools.gnu-tools-for-stm32.11.3.rel1.win32_1.1.100.202309141235/tools/bin/../lib/gcc/arm-none-eabi/11.3.1/../../../../arm-none-eabi/lib/thumb/v7e-m+fp/hard\libc_nano.a(libc_a-mlock.o)
                0x0000000008006bc4                __malloc_lock
 .text.__malloc_unlock
                0x0000000008006bd0        0xc E:/STM32CubeIDE/STM32CubeIDE_1.14.0/STM32CubeIDE/plugins/com.st.stm32cube.ide.mcu.externaltools.gnu-tools-for-stm32.11.3.rel1.win32_1.1.100.202309141235/tools/bin/../lib/gcc/arm-none-eabi/11.3.1/../../../../arm-none-eabi/lib/thumb/v7e-m+fp/hard\libc_nano.a(libc_a-mlock.o)
                0x0000000008006bd0                __malloc_unlock
 .text.__ssputs_r
                0x0000000008006bdc       0xb4 E:/STM32CubeIDE/STM32CubeIDE_1.14.0/STM32CubeIDE/plugins/com.st.stm32cube.ide.mcu.externaltools.gnu-tools-for-stm32.11.3.rel1.win32_1.1.100.202309141235/tools/bin/../lib/gcc/arm-none-eabi/11.3.1/../../../../arm-none-eabi/lib/thumb/v7e-m+fp/hard\libc_nano.a(libc_a-nano-svfprintf.o)
                0x0000000008006bdc                __ssputs_r
 .text._svfprintf_r
                0x0000000008006c90      0x1fc E:/STM32CubeIDE/STM32CubeIDE_1.14.0/STM32CubeIDE/plugins/com.st.stm32cube.ide.mcu.externaltools.gnu-tools-for-stm32.11.3.rel1.win32_1.1.100.202309141235/tools/bin/../lib/gcc/arm-none-eabi/11.3.1/../../../../arm-none-eabi/lib/thumb/v7e-m+fp/hard\libc_nano.a(libc_a-nano-svfprintf.o)
                0x0000000008006c90                _svfiprintf_r
                0x0000000008006c90                _svfprintf_r
 .text._printf_common
                0x0000000008006e8c       0xda E:/STM32CubeIDE/STM32CubeIDE_1.14.0/STM32CubeIDE/plugins/com.st.stm32cube.ide.mcu.externaltools.gnu-tools-for-stm32.11.3.rel1.win32_1.1.100.202309141235/tools/bin/../lib/gcc/arm-none-eabi/11.3.1/../../../../arm-none-eabi/lib/thumb/v7e-m+fp/hard\libc_nano.a(libc_a-nano-vfprintf_i.o)
                0x0000000008006e8c                _printf_common
 *fill*         0x0000000008006f66        0x2 
 .text._printf_i
                0x0000000008006f68      0x244 E:/STM32CubeIDE/STM32CubeIDE_1.14.0/STM32CubeIDE/plugins/com.st.stm32cube.ide.mcu.externaltools.gnu-tools-for-stm32.11.3.rel1.win32_1.1.100.202309141235/tools/bin/../lib/gcc/arm-none-eabi/11.3.1/../../../../arm-none-eabi/lib/thumb/v7e-m+fp/hard\libc_nano.a(libc_a-nano-vfprintf_i.o)
                0x0000000008006f68                _printf_i
 .text.__sflush_r
                0x00000000080071ac      0x10c E:/STM32CubeIDE/STM32CubeIDE_1.14.0/STM32CubeIDE/plugins/com.st.stm32cube.ide.mcu.externaltools.gnu-tools-for-stm32.11.3.rel1.win32_1.1.100.202309141235/tools/bin/../lib/gcc/arm-none-eabi/11.3.1/../../../../arm-none-eabi/lib/thumb/v7e-m+fp/hard\libc_nano.a(libc_a-fflush.o)
                0x00000000080071ac                __sflush_r
 .text._fflush_r
                0x00000000080072b8       0x50 E:/STM32CubeIDE/STM32CubeIDE_1.14.0/STM32CubeIDE/plugins/com.st.stm32cube.ide.mcu.externaltools.gnu-tools-for-stm32.11.3.rel1.win32_1.1.100.202309141235/tools/bin/../lib/gcc/arm-none-eabi/11.3.1/../../../../arm-none-eabi/lib/thumb/v7e-m+fp/hard\libc_nano.a(libc_a-fflush.o)
                0x00000000080072b8                _fflush_r
 .text.fprintf  0x0000000008007308       0x24 E:/STM32CubeIDE/STM32CubeIDE_1.14.0/STM32CubeIDE/plugins/com.st.stm32cube.ide.mcu.externaltools.gnu-tools-for-stm32.11.3.rel1.win32_1.1.100.202309141235/tools/bin/../lib/gcc/arm-none-eabi/11.3.1/../../../../arm-none-eabi/lib/thumb/v7e-m+fp/hard\libc_nano.a(libc_a-fprintf.o)
                0x0000000008007308                fiprintf
                0x0000000008007308                fprintf
 .text.memmove  0x000000000800732c       0x34 E:/STM32CubeIDE/STM32CubeIDE_1.14.0/STM32CubeIDE/plugins/com.st.stm32cube.ide.mcu.externaltools.gnu-tools-for-stm32.11.3.rel1.win32_1.1.100.202309141235/tools/bin/../lib/gcc/arm-none-eabi/11.3.1/../../../../arm-none-eabi/lib/thumb/v7e-m+fp/hard\libc_nano.a(libc_a-memmove.o)
                0x000000000800732c                memmove
 .text._sbrk_r  0x0000000008007360       0x20 E:/STM32CubeIDE/STM32CubeIDE_1.14.0/STM32CubeIDE/plugins/com.st.stm32cube.ide.mcu.externaltools.gnu-tools-for-stm32.11.3.rel1.win32_1.1.100.202309141235/tools/bin/../lib/gcc/arm-none-eabi/11.3.1/../../../../arm-none-eabi/lib/thumb/v7e-m+fp/hard\libc_nano.a(libc_a-sbrkr.o)
                0x0000000008007360                _sbrk_r
 .text.abort    0x0000000008007380        0xe E:/STM32CubeIDE/STM32CubeIDE_1.14.0/STM32CubeIDE/plugins/com.st.stm32cube.ide.mcu.externaltools.gnu-tools-for-stm32.11.3.rel1.win32_1.1.100.202309141235/tools/bin/../lib/gcc/arm-none-eabi/11.3.1/../../../../arm-none-eabi/lib/thumb/v7e-m+fp/hard\libc_nano.a(libc_a-abort.o)
                0x0000000008007380                abort
 .text._realloc_r
                0x000000000800738e       0x5e E:/STM32CubeIDE/STM32CubeIDE_1.14.0/STM32CubeIDE/plugins/com.st.stm32cube.ide.mcu.externaltools.gnu-tools-for-stm32.11.3.rel1.win32_1.1.100.202309141235/tools/bin/../lib/gcc/arm-none-eabi/11.3.1/../../../../arm-none-eabi/lib/thumb/v7e-m+fp/hard\libc_nano.a(libc_a-reallocr.o)
                0x000000000800738e                _realloc_r
 .text.__sfputc_r
                0x00000000080073ec       0x2e E:/STM32CubeIDE/STM32CubeIDE_1.14.0/STM32CubeIDE/plugins/com.st.stm32cube.ide.mcu.externaltools.gnu-tools-for-stm32.11.3.rel1.win32_1.1.100.202309141235/tools/bin/../lib/gcc/arm-none-eabi/11.3.1/../../../../arm-none-eabi/lib/thumb/v7e-m+fp/hard\libc_nano.a(libc_a-nano-vfprintf.o)
 .text.__sfputs_r
                0x000000000800741a       0x24 E:/STM32CubeIDE/STM32CubeIDE_1.14.0/STM32CubeIDE/plugins/com.st.stm32cube.ide.mcu.externaltools.gnu-tools-for-stm32.11.3.rel1.win32_1.1.100.202309141235/tools/bin/../lib/gcc/arm-none-eabi/11.3.1/../../../../arm-none-eabi/lib/thumb/v7e-m+fp/hard\libc_nano.a(libc_a-nano-vfprintf.o)
                0x000000000800741a                __sfputs_r
 *fill*         0x000000000800743e        0x2 
 .text._vfprintf_r
                0x0000000008007440      0x234 E:/STM32CubeIDE/STM32CubeIDE_1.14.0/STM32CubeIDE/plugins/com.st.stm32cube.ide.mcu.externaltools.gnu-tools-for-stm32.11.3.rel1.win32_1.1.100.202309141235/tools/bin/../lib/gcc/arm-none-eabi/11.3.1/../../../../arm-none-eabi/lib/thumb/v7e-m+fp/hard\libc_nano.a(libc_a-nano-vfprintf.o)
                0x0000000008007440                _vfprintf_r
                0x0000000008007440                _vfiprintf_r
 .text.__swbuf_r
                0x0000000008007674       0x7a E:/STM32CubeIDE/STM32CubeIDE_1.14.0/STM32CubeIDE/plugins/com.st.stm32cube.ide.mcu.externaltools.gnu-tools-for-stm32.11.3.rel1.win32_1.1.100.202309141235/tools/bin/../lib/gcc/arm-none-eabi/11.3.1/../../../../arm-none-eabi/lib/thumb/v7e-m+fp/hard\libc_nano.a(libc_a-wbuf.o)
                0x0000000008007674                __swbuf_r
 *fill*         0x00000000080076ee        0x2 
 .text.__swsetup_r
                0x00000000080076f0       0xb0 E:/STM32CubeIDE/STM32CubeIDE_1.14.0/STM32CubeIDE/plugins/com.st.stm32cube.ide.mcu.externaltools.gnu-tools-for-stm32.11.3.rel1.win32_1.1.100.202309141235/tools/bin/../lib/gcc/arm-none-eabi/11.3.1/../../../../arm-none-eabi/lib/thumb/v7e-m+fp/hard\libc_nano.a(libc_a-wsetup.o)
                0x00000000080076f0                __swsetup_r
 .text._raise_r
                0x00000000080077a0       0x50 E:/STM32CubeIDE/STM32CubeIDE_1.14.0/STM32CubeIDE/plugins/com.st.stm32cube.ide.mcu.externaltools.gnu-tools-for-stm32.11.3.rel1.win32_1.1.100.202309141235/tools/bin/../lib/gcc/arm-none-eabi/11.3.1/../../../../arm-none-eabi/lib/thumb/v7e-m+fp/hard\libc_nano.a(libc_a-signal.o)
                0x00000000080077a0                _raise_r
 .text.raise    0x00000000080077f0       0x10 E:/STM32CubeIDE/STM32CubeIDE_1.14.0/STM32CubeIDE/plugins/com.st.stm32cube.ide.mcu.externaltools.gnu-tools-for-stm32.11.3.rel1.win32_1.1.100.202309141235/tools/bin/../lib/gcc/arm-none-eabi/11.3.1/../../../../arm-none-eabi/lib/thumb/v7e-m+fp/hard\libc_nano.a(libc_a-signal.o)
                0x00000000080077f0                raise
 .text._kill_r  0x0000000008007800       0x24 E:/STM32CubeIDE/STM32CubeIDE_1.14.0/STM32CubeIDE/plugins/com.st.stm32cube.ide.mcu.externaltools.gnu-tools-for-stm32.11.3.rel1.win32_1.1.100.202309141235/tools/bin/../lib/gcc/arm-none-eabi/11.3.1/../../../../arm-none-eabi/lib/thumb/v7e-m+fp/hard\libc_nano.a(libc_a-signalr.o)
                0x0000000008007800                _kill_r
 .text._getpid_r
                0x0000000008007824        0x4 E:/STM32CubeIDE/STM32CubeIDE_1.14.0/STM32CubeIDE/plugins/com.st.stm32cube.ide.mcu.externaltools.gnu-tools-for-stm32.11.3.rel1.win32_1.1.100.202309141235/tools/bin/../lib/gcc/arm-none-eabi/11.3.1/../../../../arm-none-eabi/lib/thumb/v7e-m+fp/hard\libc_nano.a(libc_a-signalr.o)
                0x0000000008007824                _getpid_r
 .text._malloc_usable_size_r
                0x0000000008007828       0x10 E:/STM32CubeIDE/STM32CubeIDE_1.14.0/STM32CubeIDE/plugins/com.st.stm32cube.ide.mcu.externaltools.gnu-tools-for-stm32.11.3.rel1.win32_1.1.100.202309141235/tools/bin/../lib/gcc/arm-none-eabi/11.3.1/../../../../arm-none-eabi/lib/thumb/v7e-m+fp/hard\libc_nano.a(libc_a-msizer.o)
                0x0000000008007828                _malloc_usable_size_r
 .text.__swhatbuf_r
                0x0000000008007838       0x4c E:/STM32CubeIDE/STM32CubeIDE_1.14.0/STM32CubeIDE/plugins/com.st.stm32cube.ide.mcu.externaltools.gnu-tools-for-stm32.11.3.rel1.win32_1.1.100.202309141235/tools/bin/../lib/gcc/arm-none-eabi/11.3.1/../../../../arm-none-eabi/lib/thumb/v7e-m+fp/hard\libc_nano.a(libc_a-makebuf.o)
                0x0000000008007838                __swhatbuf_r
 .text.__smakebuf_r
                0x0000000008007884       0x78 E:/STM32CubeIDE/STM32CubeIDE_1.14.0/STM32CubeIDE/plugins/com.st.stm32cube.ide.mcu.externaltools.gnu-tools-for-stm32.11.3.rel1.win32_1.1.100.202309141235/tools/bin/../lib/gcc/arm-none-eabi/11.3.1/../../../../arm-none-eabi/lib/thumb/v7e-m+fp/hard\libc_nano.a(libc_a-makebuf.o)
                0x0000000008007884                __smakebuf_r
 .text._fstat_r
                0x00000000080078fc       0x24 E:/STM32CubeIDE/STM32CubeIDE_1.14.0/STM32CubeIDE/plugins/com.st.stm32cube.ide.mcu.externaltools.gnu-tools-for-stm32.11.3.rel1.win32_1.1.100.202309141235/tools/bin/../lib/gcc/arm-none-eabi/11.3.1/../../../../arm-none-eabi/lib/thumb/v7e-m+fp/hard\libc_nano.a(libc_a-fstatr.o)
                0x00000000080078fc                _fstat_r
 .text._isatty_r
                0x0000000008007920       0x20 E:/STM32CubeIDE/STM32CubeIDE_1.14.0/STM32CubeIDE/plugins/com.st.stm32cube.ide.mcu.externaltools.gnu-tools-for-stm32.11.3.rel1.win32_1.1.100.202309141235/tools/bin/../lib/gcc/arm-none-eabi/11.3.1/../../../../arm-none-eabi/lib/thumb/v7e-m+fp/hard\libc_nano.a(libc_a-isattyr.o)
                0x0000000008007920                _isatty_r
 .text._sbrk    0x0000000008007940       0x1c E:/STM32CubeIDE/STM32CubeIDE_1.14.0/STM32CubeIDE/plugins/com.st.stm32cube.ide.mcu.externaltools.gnu-tools-for-stm32.11.3.rel1.win32_1.1.100.202309141235/tools/bin/../lib/gcc/arm-none-eabi/11.3.1/../../../../arm-none-eabi/lib/thumb/v7e-m+fp/hard\libnosys.a(sbrk.o)
                0x0000000008007940                _sbrk
 *(.glue_7)
 .glue_7        0x000000000800795c        0x0 linker stubs
 *(.glue_7t)
 .glue_7t       0x000000000800795c        0x0 linker stubs
 *(.eh_frame)
 .eh_frame      0x000000000800795c        0x0 E:/STM32CubeIDE/STM32CubeIDE_1.14.0/STM32CubeIDE/plugins/com.st.stm32cube.ide.mcu.externaltools.gnu-tools-for-stm32.11.3.rel1.win32_1.1.100.202309141235/tools/bin/../lib/gcc/arm-none-eabi/11.3.1/thumb/v7e-m+fp/hard/crtbegin.o
 *(.init)
 .init          0x000000000800795c        0x4 E:/STM32CubeIDE/STM32CubeIDE_1.14.0/STM32CubeIDE/plugins/com.st.stm32cube.ide.mcu.externaltools.gnu-tools-for-stm32.11.3.rel1.win32_1.1.100.202309141235/tools/bin/../lib/gcc/arm-none-eabi/11.3.1/thumb/v7e-m+fp/hard/crti.o
                0x000000000800795c                _init
 .init          0x0000000008007960        0x8 E:/STM32CubeIDE/STM32CubeIDE_1.14.0/STM32CubeIDE/plugins/com.st.stm32cube.ide.mcu.externaltools.gnu-tools-for-stm32.11.3.rel1.win32_1.1.100.202309141235/tools/bin/../lib/gcc/arm-none-eabi/11.3.1/thumb/v7e-m+fp/hard/crtn.o
 *(.fini)
 .fini          0x0000000008007968        0x4 E:/STM32CubeIDE/STM32CubeIDE_1.14.0/STM32CubeIDE/plugins/com.st.stm32cube.ide.mcu.externaltools.gnu-tools-for-stm32.11.3.rel1.win32_1.1.100.202309141235/tools/bin/../lib/gcc/arm-none-eabi/11.3.1/thumb/v7e-m+fp/hard/crti.o
                0x0000000008007968                _fini
 .fini          0x000000000800796c        0x8 E:/STM32CubeIDE/STM32CubeIDE_1.14.0/STM32CubeIDE/plugins/com.st.stm32cube.ide.mcu.externaltools.gnu-tools-for-stm32.11.3.rel1.win32_1.1.100.202309141235/tools/bin/../lib/gcc/arm-none-eabi/11.3.1/thumb/v7e-m+fp/hard/crtn.o
                0x0000000008007974                . = ALIGN (0x4)
                0x0000000008007974                _etext = .

.vfp11_veneer   0x0000000008007974        0x0
 .vfp11_veneer  0x0000000008007974        0x0 linker stubs

.v4_bx          0x0000000008007974        0x0
 .v4_bx         0x0000000008007974        0x0 linker stubs

.iplt           0x0000000008007974        0x0
 .iplt          0x0000000008007974        0x0 E:/STM32CubeIDE/STM32CubeIDE_1.14.0/STM32CubeIDE/plugins/com.st.stm32cube.ide.mcu.externaltools.gnu-tools-for-stm32.11.3.rel1.win32_1.1.100.202309141235/tools/bin/../lib/gcc/arm-none-eabi/11.3.1/thumb/v7e-m+fp/hard/crtbegin.o

.rodata         0x0000000008007974      0x2e8
                0x0000000008007974                . = ALIGN (0x4)
 *(.rodata)
 .rodata        0x0000000008007974      0x1b7 ./Core/Src/main.o
 *fill*         0x0000000008007b2b        0x1 
 .rodata        0x0000000008007b2c        0x5 ./ThirdParty/FreeRTOS/tasks.o
 *fill*         0x0000000008007b31        0x3 
 .rodata        0x0000000008007b34        0xd ./ThirdParty/FreeRTOS/timers.o
 *(.rodata*)
 *fill*         0x0000000008007b41        0x3 
 .rodata.g_apcItemNames
                0x0000000008007b44       0x20 ./Core/Src/main.o
 .rodata.AHBPrescTable
                0x0000000008007b64       0x10 ./Core/Src/system_stm32f4xx.o
                0x0000000008007b64                AHBPrescTable
 .rodata.APBPrescTable
                0x0000000008007b74        0x8 ./Core/Src/system_stm32f4xx.o
                0x0000000008007b74                APBPrescTable
 .rodata.srand.str1.1
                0x0000000008007b7c       0x6f E:/STM32CubeIDE/STM32CubeIDE_1.14.0/STM32CubeIDE/plugins/com.st.stm32cube.ide.mcu.externaltools.gnu-tools-for-stm32.11.3.rel1.win32_1.1.100.202309141235/tools/bin/../lib/gcc/arm-none-eabi/11.3.1/../../../../arm-none-eabi/lib/thumb/v7e-m+fp/hard\libc_nano.a(libc_a-rand.o)
 .rodata.__assert_func.str1.1
                0x0000000008007beb       0x3c E:/STM32CubeIDE/STM32CubeIDE_1.14.0/STM32CubeIDE/plugins/com.st.stm32cube.ide.mcu.externaltools.gnu-tools-for-stm32.11.3.rel1.win32_1.1.100.202309141235/tools/bin/../lib/gcc/arm-none-eabi/11.3.1/../../../../arm-none-eabi/lib/thumb/v7e-m+fp/hard\libc_nano.a(libc_a-assert.o)
                                         0x3d (size before relaxing)
 .rodata._svfprintf_r.str1.1
                0x0000000008007c27       0x11 E:/STM32CubeIDE/STM32CubeIDE_1.14.0/STM32CubeIDE/plugins/com.st.stm32cube.ide.mcu.externaltools.gnu-tools-for-stm32.11.3.rel1.win32_1.1.100.202309141235/tools/bin/../lib/gcc/arm-none-eabi/11.3.1/../../../../arm-none-eabi/lib/thumb/v7e-m+fp/hard\libc_nano.a(libc_a-nano-svfprintf.o)
 .rodata._printf_i.str1.1
                0x0000000008007c38       0x22 E:/STM32CubeIDE/STM32CubeIDE_1.14.0/STM32CubeIDE/plugins/com.st.stm32cube.ide.mcu.externaltools.gnu-tools-for-stm32.11.3.rel1.win32_1.1.100.202309141235/tools/bin/../lib/gcc/arm-none-eabi/11.3.1/../../../../arm-none-eabi/lib/thumb/v7e-m+fp/hard\libc_nano.a(libc_a-nano-vfprintf_i.o)
 .rodata._vfprintf_r.str1.1
                0x0000000008007c5a       0x11 E:/STM32CubeIDE/STM32CubeIDE_1.14.0/STM32CubeIDE/plugins/com.st.stm32cube.ide.mcu.externaltools.gnu-tools-for-stm32.11.3.rel1.win32_1.1.100.202309141235/tools/bin/../lib/gcc/arm-none-eabi/11.3.1/../../../../arm-none-eabi/lib/thumb/v7e-m+fp/hard\libc_nano.a(libc_a-nano-vfprintf.o)
                0x0000000008007c6c                . = ALIGN (0x4)
 *fill*         0x0000000008007c5a        0x2 

.ARM.extab      0x0000000008007c5c        0x0
                0x0000000008007c5c                . = ALIGN (0x4)
 *(.ARM.extab* .gnu.linkonce.armextab.*)
                0x0000000008007c5c                . = ALIGN (0x4)

.ARM            0x0000000008007c5c        0x8
                0x0000000008007c5c                . = ALIGN (0x4)
                0x0000000008007c5c                __exidx_start = .
 *(.ARM.exidx*)
 .ARM.exidx     0x0000000008007c5c        0x8 E:/STM32CubeIDE/STM32CubeIDE_1.14.0/STM32CubeIDE/plugins/com.st.stm32cube.ide.mcu.externaltools.gnu-tools-for-stm32.11.3.rel1.win32_1.1.100.202309141235/tools/bin/../lib/gcc/arm-none-eabi/11.3.1/thumb/v7e-m+fp/hard\libgcc.a(_udivmoddi4.o)
                0x0000000008007c64                __exidx_end = .
                0x0000000008007c64                . = ALIGN (0x4)

.rel.dyn        0x0000000008007c64        0x0
 .rel.iplt      0x0000000008007c64        0x0 E:/STM32CubeIDE/STM32CubeIDE_1.14.0/STM32CubeIDE/plugins/com.st.stm32cube.ide.mcu.externaltools.gnu-tools-for-stm32.11.3.rel1.win32_1.1.100.202309141235/tools/bin/../lib/gcc/arm-none-eabi/11.3.1/thumb/v7e-m+fp/hard/crtbegin.o

.preinit_array  0x0000000008007c64        0x0
                0x0000000008007c64                . = ALIGN (0x4)
                0x0000000008007c64                PROVIDE (__preinit_array_start = .)
 *(.preinit_array*)
                0x0000000008007c64                PROVIDE (__preinit_array_end = .)
                0x0000000008007c64                . = ALIGN (0x4)

.init_array     0x0000000008007c64        0x4
                0x0000000008007c64                . = ALIGN (0x4)
                0x0000000008007c64                PROVIDE (__init_array_start = .)
 *(SORT_BY_NAME(.init_array.*))
 *(.init_array*)
 .init_array    0x0000000008007c64        0x4 E:/STM32CubeIDE/STM32CubeIDE_1.14.0/STM32CubeIDE/plugins/com.st.stm32cube.ide.mcu.externaltools.gnu-tools-for-stm32.11.3.rel1.win32_1.1.100.202309141235/tools/bin/../lib/gcc/arm-none-eabi/11.3.1/thumb/v7e-m+fp/hard/crtbegin.o
                0x0000000008007c68                PROVIDE (__init_array_end = .)
                0x0000000008007c68                . = ALIGN (0x4)

.fini_array     0x0000000008007c68        0x4
                0x0000000008007c68                . = ALIGN (0x4)
                [!provide]                        PROVIDE (__fini_array_start = .)
 *(SORT_BY_NAME(.fini_array.*))
 *(.fini_array*)
 .fini_array    0x0000000008007c68        0x4 E:/STM32CubeIDE/STM32CubeIDE_1.14.0/STM32CubeIDE/plugins/com.st.stm32cube.ide.mcu.externaltools.gnu-tools-for-stm32.11.3.rel1.win32_1.1.100.202309141235/tools/bin/../lib/gcc/arm-none-eabi/11.3.1/thumb/v7e-m+fp/hard/crtbegin.o
                [!provide]                        PROVIDE (__fini_array_end = .)
                0x0000000008007c6c                . = ALIGN (0x4)
                0x0000000008007c6c                _sidata = LOADADDR (.data)

.data           0x0000000020000000       0x70 load address 0x0000000008007c6c
                0x0000000020000000                . = ALIGN (0x4)
                0x0000000020000000                _sdata = .
 *(.data)
 *(.data*)
 .data.SystemCoreClock
                0x0000000020000000        0x4 ./Core/Src/system_stm32f4xx.o
                0x0000000020000000                SystemCoreClock
 .data.uwTickPrio
                0x0000000020000004        0x4 ./Drivers/STM32F4xx_HAL_Driver/Src/stm32f4xx_hal.o
                0x0000000020000004                uwTickPrio
 .data.uwTickFreq
                0x0000000020000008        0x1 ./Drivers/STM32F4xx_HAL_Driver/Src/stm32f4xx_hal.o
                0x0000000020000008                uwTickFreq
 *fill*         0x0000000020000009        0x3 
 .data.uxTopUsedPriority
                0x000000002000000c        0x4 ./ThirdParty/FreeRTOS/tasks.o
 .data.uxCriticalNesting
                0x0000000020000010        0x4 ./ThirdParty/FreeRTOS/portable/GCC/ARM_CM4F/port.o
 .data.__sglue  0x0000000020000014        0xc E:/STM32CubeIDE/STM32CubeIDE_1.14.0/STM32CubeIDE/plugins/com.st.stm32cube.ide.mcu.externaltools.gnu-tools-for-stm32.11.3.rel1.win32_1.1.100.202309141235/tools/bin/../lib/gcc/arm-none-eabi/11.3.1/../../../../arm-none-eabi/lib/thumb/v7e-m+fp/hard\libc_nano.a(libc_a-findfp.o)
                0x0000000020000014                __sglue
 .data._impure_data
                0x0000000020000020       0x4c E:/STM32CubeIDE/STM32CubeIDE_1.14.0/STM32CubeIDE/plugins/com.st.stm32cube.ide.mcu.externaltools.gnu-tools-for-stm32.11.3.rel1.win32_1.1.100.202309141235/tools/bin/../lib/gcc/arm-none-eabi/11.3.1/../../../../arm-none-eabi/lib/thumb/v7e-m+fp/hard\libc_nano.a(libc_a-impure.o)
                0x0000000020000020                _impure_data
 .data._impure_ptr
                0x000000002000006c        0x4 E:/STM32CubeIDE/STM32CubeIDE_1.14.0/STM32CubeIDE/plugins/com.st.stm32cube.ide.mcu.externaltools.gnu-tools-for-stm32.11.3.rel1.win32_1.1.100.202309141235/tools/bin/../lib/gcc/arm-none-eabi/11.3.1/../../../../arm-none-eabi/lib/thumb/v7e-m+fp/hard\libc_nano.a(libc_a-impure.o)
                0x000000002000006c                _impure_ptr
 *(.RamFunc)
 *(.RamFunc*)
                0x0000000020000070                . = ALIGN (0x4)
                0x0000000020000070                _edata = .
                0x0000000008007cdc                _siccmram = LOADADDR (.ccmram)

.igot.plt       0x0000000020000070        0x0 load address 0x0000000008007cdc
 .igot.plt      0x0000000020000070        0x0 E:/STM32CubeIDE/STM32CubeIDE_1.14.0/STM32CubeIDE/plugins/com.st.stm32cube.ide.mcu.externaltools.gnu-tools-for-stm32.11.3.rel1.win32_1.1.100.202309141235/tools/bin/../lib/gcc/arm-none-eabi/11.3.1/thumb/v7e-m+fp/hard/crtbegin.o

.ccmram         0x0000000010000000        0x0 load address 0x0000000008007cdc
                0x0000000010000000                . = ALIGN (0x4)
                0x0000000010000000                _sccmram = .
 *(.ccmram)
 *(.ccmram*)
                0x0000000010000000                . = ALIGN (0x4)
                0x0000000010000000                _eccmram = .
                0x0000000010000000                . = ALIGN (0x4)

.bss            0x0000000020000070     0xccb0
                0x0000000020000070                _sbss = .
                0x0000000020000070                __bss_start__ = _sbss
 *(.bss)
 .bss           0x0000000020000070       0x1c E:/STM32CubeIDE/STM32CubeIDE_1.14.0/STM32CubeIDE/plugins/com.st.stm32cube.ide.mcu.externaltools.gnu-tools-for-stm32.11.3.rel1.win32_1.1.100.202309141235/tools/bin/../lib/gcc/arm-none-eabi/11.3.1/thumb/v7e-m+fp/hard/crtbegin.o
 *(.bss*)
 .bss.huart2    0x000000002000008c       0x48 ./Core/Src/main.o
                0x000000002000008c                huart2
 .bss.g_acPrintBuffer
                0x00000000200000d4      0x100 ./Core/Src/main.o
 .bss.g_xOrderReadySemaphore
                0x00000000200001d4        0x4 ./Core/Src/main.o
 .bss.g_xOrderQueue
                0x00000000200001d8        0x4 ./Core/Src/main.o
 .bss.usSequenceCounter.0
                0x00000000200001dc        0x2 ./Core/Src/main.o
 *fill*         0x00000000200001de        0x2 
 .bss.htim6     0x00000000200001e0       0x48 ./Core/Src/stm32f4xx_hal_timebase_tim.o
                0x00000000200001e0                htim6
 .bss.uwTick    0x0000000020000228        0x4 ./Drivers/STM32F4xx_HAL_Driver/Src/stm32f4xx_hal.o
                0x0000000020000228                uwTick
 .bss.xQueueRegistry
                0x000000002000022c       0x40 ./ThirdParty/FreeRTOS/queue.o
                0x000000002000022c                xQueueRegistry
 .bss.pxCurrentTCB
                0x000000002000026c        0x4 ./ThirdParty/FreeRTOS/tasks.o
                0x000000002000026c                pxCurrentTCB
 .bss.pxReadyTasksLists
                0x0000000020000270       0x64 ./ThirdParty/FreeRTOS/tasks.o
 .bss.xDelayedTaskList1
                0x00000000200002d4       0x14 ./ThirdParty/FreeRTOS/tasks.o
 .bss.xDelayedTaskList2
                0x00000000200002e8       0x14 ./ThirdParty/FreeRTOS/tasks.o
 .bss.pxDelayedTaskList
                0x00000000200002fc        0x4 ./ThirdParty/FreeRTOS/tasks.o
 .bss.pxOverflowDelayedTaskList
                0x0000000020000300        0x4 ./ThirdParty/FreeRTOS/tasks.o
 .bss.xPendingReadyList
                0x0000000020000304       0x14 ./ThirdParty/FreeRTOS/tasks.o
 .bss.xTasksWaitingTermination
                0x0000000020000318       0x14 ./ThirdParty/FreeRTOS/tasks.o
 .bss.uxDeletedTasksWaitingCleanUp
                0x000000002000032c        0x4 ./ThirdParty/FreeRTOS/tasks.o
 .bss.xSuspendedTaskList
                0x0000000020000330       0x14 ./ThirdParty/FreeRTOS/tasks.o
 .bss.uxCurrentNumberOfTasks
                0x0000000020000344        0x4 ./ThirdParty/FreeRTOS/tasks.o
 .bss.xTickCount
                0x0000000020000348        0x4 ./ThirdParty/FreeRTOS/tasks.o
 .bss.uxTopReadyPriority
                0x000000002000034c        0x4 ./ThirdParty/FreeRTOS/tasks.o
 .bss.xSchedulerRunning
                0x0000000020000350        0x4 ./ThirdParty/FreeRTOS/tasks.o
 .bss.xPendedTicks
                0x0000000020000354        0x4 ./ThirdParty/FreeRTOS/tasks.o
 .bss.xYieldPendings
                0x0000000020000358        0x4 ./ThirdParty/FreeRTOS/tasks.o
 .bss.xNumOfOverflows
                0x000000002000035c        0x4 ./ThirdParty/FreeRTOS/tasks.o
 .bss.uxTaskNumber
                0x0000000020000360        0x4 ./ThirdParty/FreeRTOS/tasks.o
 .bss.xNextTaskUnblockTime
                0x0000000020000364        0x4 ./ThirdParty/FreeRTOS/tasks.o
 .bss.xIdleTaskHandles
                0x0000000020000368        0x4 ./ThirdParty/FreeRTOS/tasks.o
 .bss.uxSchedulerSuspended
                0x000000002000036c        0x4 ./ThirdParty/FreeRTOS/tasks.o
 .bss.xActiveTimerList1
                0x0000000020000370       0x14 ./ThirdParty/FreeRTOS/timers.o
 .bss.xActiveTimerList2
                0x0000000020000384       0x14 ./ThirdParty/FreeRTOS/timers.o
 .bss.pxCurrentTimerList
                0x0000000020000398        0x4 ./ThirdParty/FreeRTOS/timers.o
 .bss.pxOverflowTimerList
                0x000000002000039c        0x4 ./ThirdParty/FreeRTOS/timers.o
 .bss.xTimerQueue
                0x00000000200003a0        0x4 ./ThirdParty/FreeRTOS/timers.o
 .bss.xTimerTaskHandle
                0x00000000200003a4        0x4 ./ThirdParty/FreeRTOS/timers.o
 .bss.xLastTime.0
                0x00000000200003a8        0x4 ./ThirdParty/FreeRTOS/timers.o
 .bss.ucMaxSysCallPriority
                0x00000000200003ac        0x1 ./ThirdParty/FreeRTOS/portable/GCC/ARM_CM4F/port.o
 *fill*         0x00000000200003ad        0x3 
 .bss.ulMaxPRIGROUPValue
                0x00000000200003b0        0x4 ./ThirdParty/FreeRTOS/portable/GCC/ARM_CM4F/port.o
 .bss.ucHeap    0x00000000200003b4     0xc800 ./ThirdParty/FreeRTOS/portable/MemMang/heap_4.o
 .bss.xStart    0x000000002000cbb4        0x8 ./ThirdParty/FreeRTOS/portable/MemMang/heap_4.o
 .bss.pxEnd     0x000000002000cbbc        0x4 ./ThirdParty/FreeRTOS/portable/MemMang/heap_4.o
 .bss.xFreeBytesRemaining
                0x000000002000cbc0        0x4 ./ThirdParty/FreeRTOS/portable/MemMang/heap_4.o
 .bss.xMinimumEverFreeBytesRemaining
                0x000000002000cbc4        0x4 ./ThirdParty/FreeRTOS/portable/MemMang/heap_4.o
 .bss.xNumberOfSuccessfulAllocations
                0x000000002000cbc8        0x4 ./ThirdParty/FreeRTOS/portable/MemMang/heap_4.o
 .bss.xNumberOfSuccessfulFrees
                0x000000002000cbcc        0x4 ./ThirdParty/FreeRTOS/portable/MemMang/heap_4.o
 .bss.__sf      0x000000002000cbd0      0x138 E:/STM32CubeIDE/STM32CubeIDE_1.14.0/STM32CubeIDE/plugins/com.st.stm32cube.ide.mcu.externaltools.gnu-tools-for-stm32.11.3.rel1.win32_1.1.100.202309141235/tools/bin/../lib/gcc/arm-none-eabi/11.3.1/../../../../arm-none-eabi/lib/thumb/v7e-m+fp/hard\libc_nano.a(libc_a-findfp.o)
                0x000000002000cbd0                __sf
 .bss.__stdio_exit_handler
                0x000000002000cd08        0x4 E:/STM32CubeIDE/STM32CubeIDE_1.14.0/STM32CubeIDE/plugins/com.st.stm32cube.ide.mcu.externaltools.gnu-tools-for-stm32.11.3.rel1.win32_1.1.100.202309141235/tools/bin/../lib/gcc/arm-none-eabi/11.3.1/../../../../arm-none-eabi/lib/thumb/v7e-m+fp/hard\libc_nano.a(libc_a-findfp.o)
                0x000000002000cd08                __stdio_exit_handler
 .bss.errno     0x000000002000cd0c        0x4 E:/STM32CubeIDE/STM32CubeIDE_1.14.0/STM32CubeIDE/plugins/com.st.stm32cube.ide.mcu.externaltools.gnu-tools-for-stm32.11.3.rel1.win32_1.1.100.202309141235/tools/bin/../lib/gcc/arm-none-eabi/11.3.1/../../../../arm-none-eabi/lib/thumb/v7e-m+fp/hard\libc_nano.a(libc_a-reent.o)
                0x000000002000cd0c                errno
 .bss.__lock___malloc_recursive_mutex
                0x000000002000cd10        0x1 E:/STM32CubeIDE/STM32CubeIDE_1.14.0/STM32CubeIDE/plugins/com.st.stm32cube.ide.mcu.externaltools.gnu-tools-for-stm32.11.3.rel1.win32_1.1.100.202309141235/tools/bin/../lib/gcc/arm-none-eabi/11.3.1/../../../../arm-none-eabi/lib/thumb/v7e-m+fp/hard\libc_nano.a(libc_a-lock.o)
                0x000000002000cd10                __lock___malloc_recursive_mutex
 .bss.__lock___sfp_recursive_mutex
                0x000000002000cd11        0x1 E:/STM32CubeIDE/STM32CubeIDE_1.14.0/STM32CubeIDE/plugins/com.st.stm32cube.ide.mcu.externaltools.gnu-tools-for-stm32.11.3.rel1.win32_1.1.100.202309141235/tools/bin/../lib/gcc/arm-none-eabi/11.3.1/../../../../arm-none-eabi/lib/thumb/v7e-m+fp/hard\libc_nano.a(libc_a-lock.o)
                0x000000002000cd11                __lock___sfp_recursive_mutex
 *fill*         0x000000002000cd12        0x2 
 .bss.__malloc_free_list
                0x000000002000cd14        0x4 E:/STM32CubeIDE/STM32CubeIDE_1.14.0/STM32CubeIDE/plugins/com.st.stm32cube.ide.mcu.externaltools.gnu-tools-for-stm32.11.3.rel1.win32_1.1.100.202309141235/tools/bin/../lib/gcc/arm-none-eabi/11.3.1/../../../../arm-none-eabi/lib/thumb/v7e-m+fp/hard\libc_nano.a(libc_a-mallocr.o)
                0x000000002000cd14                __malloc_free_list
 .bss.__malloc_sbrk_start
                0x000000002000cd18        0x4 E:/STM32CubeIDE/STM32CubeIDE_1.14.0/STM32CubeIDE/plugins/com.st.stm32cube.ide.mcu.externaltools.gnu-tools-for-stm32.11.3.rel1.win32_1.1.100.202309141235/tools/bin/../lib/gcc/arm-none-eabi/11.3.1/../../../../arm-none-eabi/lib/thumb/v7e-m+fp/hard\libc_nano.a(libc_a-mallocr.o)
                0x000000002000cd18                __malloc_sbrk_start
 .bss.heap_end.0
                0x000000002000cd1c        0x4 E:/STM32CubeIDE/STM32CubeIDE_1.14.0/STM32CubeIDE/plugins/com.st.stm32cube.ide.mcu.externaltools.gnu-tools-for-stm32.11.3.rel1.win32_1.1.100.202309141235/tools/bin/../lib/gcc/arm-none-eabi/11.3.1/../../../../arm-none-eabi/lib/thumb/v7e-m+fp/hard\libnosys.a(sbrk.o)
 *(COMMON)
                0x000000002000cd20                . = ALIGN (0x4)
                0x000000002000cd20                _ebss = .
                0x000000002000cd20                __bss_end__ = _ebss

._user_heap_stack
                0x000000002000cd20      0x600
                0x000000002000cd20                . = ALIGN (0x8)
                0x000000002000cd20                PROVIDE (end = .)
                [!provide]                        PROVIDE (_end = .)
                0x000000002000cf20                . = (. + _Min_Heap_Size)
 *fill*         0x000000002000cd20      0x200 
                0x000000002000d320                . = (. + _Min_Stack_Size)
 *fill*         0x000000002000cf20      0x400 
                0x000000002000d320                . = ALIGN (0x8)

/DISCARD/
 libc.a(*)
 libm.a(*)
 libgcc.a(*)

.ARM.attributes
                0x0000000000000000       0x30
 *(.ARM.attributes)
 .ARM.attributes
                0x0000000000000000       0x1e E:/STM32CubeIDE/STM32CubeIDE_1.14.0/STM32CubeIDE/plugins/com.st.stm32cube.ide.mcu.externaltools.gnu-tools-for-stm32.11.3.rel1.win32_1.1.100.202309141235/tools/bin/../lib/gcc/arm-none-eabi/11.3.1/thumb/v7e-m+fp/hard/crti.o
 .ARM.attributes
                0x000000000000001e       0x34 E:/STM32CubeIDE/STM32CubeIDE_1.14.0/STM32CubeIDE/plugins/com.st.stm32cube.ide.mcu.externaltools.gnu-tools-for-stm32.11.3.rel1.win32_1.1.100.202309141235/tools/bin/../lib/gcc/arm-none-eabi/11.3.1/thumb/v7e-m+fp/hard/crtbegin.o
 .ARM.attributes
                0x0000000000000052       0x34 ./Core/Src/main.o
 .ARM.attributes
                0x0000000000000086       0x34 ./Core/Src/stm32f4xx_hal_msp.o
 .ARM.attributes
                0x00000000000000ba       0x34 ./Core/Src/stm32f4xx_hal_timebase_tim.o
 .ARM.attributes
                0x00000000000000ee       0x34 ./Core/Src/stm32f4xx_it.o
 .ARM.attributes
                0x0000000000000122       0x34 ./Core/Src/syscalls.o
 .ARM.attributes
                0x0000000000000156       0x34 ./Core/Src/system_stm32f4xx.o
 .ARM.attributes
                0x000000000000018a       0x21 ./Core/Startup/startup_stm32f407vgtx.o
 .ARM.attributes
                0x00000000000001ab       0x34 ./Drivers/STM32F4xx_HAL_Driver/Src/stm32f4xx_hal.o
 .ARM.attributes
                0x00000000000001df       0x34 ./Drivers/STM32F4xx_HAL_Driver/Src/stm32f4xx_hal_cortex.o
 .ARM.attributes
                0x0000000000000213       0x34 ./Drivers/STM32F4xx_HAL_Driver/Src/stm32f4xx_hal_dma.o
 .ARM.attributes
                0x0000000000000247       0x34 ./Drivers/STM32F4xx_HAL_Driver/Src/stm32f4xx_hal_gpio.o
 .ARM.attributes
                0x000000000000027b       0x34 ./Drivers/STM32F4xx_HAL_Driver/Src/stm32f4xx_hal_rcc.o
 .ARM.attributes
                0x00000000000002af       0x34 ./Drivers/STM32F4xx_HAL_Driver/Src/stm32f4xx_hal_tim.o
 .ARM.attributes
                0x00000000000002e3       0x34 ./Drivers/STM32F4xx_HAL_Driver/Src/stm32f4xx_hal_tim_ex.o
 .ARM.attributes
                0x0000000000000317       0x34 ./Drivers/STM32F4xx_HAL_Driver/Src/stm32f4xx_hal_uart.o
 .ARM.attributes
                0x000000000000034b       0x34 ./ThirdParty/FreeRTOS/list.o
 .ARM.attributes
                0x000000000000037f       0x34 ./ThirdParty/FreeRTOS/queue.o
 .ARM.attributes
                0x00000000000003b3       0x34 ./ThirdParty/FreeRTOS/tasks.o
 .ARM.attributes
                0x00000000000003e7       0x34 ./ThirdParty/FreeRTOS/timers.o
 .ARM.attributes
                0x000000000000041b       0x34 ./ThirdParty/FreeRTOS/portable/GCC/ARM_CM4F/port.o
 .ARM.attributes
                0x000000000000044f       0x34 ./ThirdParty/FreeRTOS/portable/MemMang/heap_4.o
 .ARM.attributes
                0x0000000000000483       0x34 E:/STM32CubeIDE/STM32CubeIDE_1.14.0/STM32CubeIDE/plugins/com.st.stm32cube.ide.mcu.externaltools.gnu-tools-for-stm32.11.3.rel1.win32_1.1.100.202309141235/tools/bin/../lib/gcc/arm-none-eabi/11.3.1/../../../../arm-none-eabi/lib/thumb/v7e-m+fp/hard\libc_nano.a(libc_a-rand.o)
 .ARM.attributes
                0x00000000000004b7       0x34 E:/STM32CubeIDE/STM32CubeIDE_1.14.0/STM32CubeIDE/plugins/com.st.stm32cube.ide.mcu.externaltools.gnu-tools-for-stm32.11.3.rel1.win32_1.1.100.202309141235/tools/bin/../lib/gcc/arm-none-eabi/11.3.1/../../../../arm-none-eabi/lib/thumb/v7e-m+fp/hard\libc_nano.a(libc_a-findfp.o)
 .ARM.attributes
                0x00000000000004eb       0x34 E:/STM32CubeIDE/STM32CubeIDE_1.14.0/STM32CubeIDE/plugins/com.st.stm32cube.ide.mcu.externaltools.gnu-tools-for-stm32.11.3.rel1.win32_1.1.100.202309141235/tools/bin/../lib/gcc/arm-none-eabi/11.3.1/../../../../arm-none-eabi/lib/thumb/v7e-m+fp/hard\libc_nano.a(libc_a-fwalk.o)
 .ARM.attributes
                0x000000000000051f       0x34 E:/STM32CubeIDE/STM32CubeIDE_1.14.0/STM32CubeIDE/plugins/com.st.stm32cube.ide.mcu.externaltools.gnu-tools-for-stm32.11.3.rel1.win32_1.1.100.202309141235/tools/bin/../lib/gcc/arm-none-eabi/11.3.1/../../../../arm-none-eabi/lib/thumb/v7e-m+fp/hard\libc_nano.a(libc_a-stdio.o)
 .ARM.attributes
                0x0000000000000553       0x34 E:/STM32CubeIDE/STM32CubeIDE_1.14.0/STM32CubeIDE/plugins/com.st.stm32cube.ide.mcu.externaltools.gnu-tools-for-stm32.11.3.rel1.win32_1.1.100.202309141235/tools/bin/../lib/gcc/arm-none-eabi/11.3.1/../../../../arm-none-eabi/lib/thumb/v7e-m+fp/hard\libc_nano.a(libc_a-vsnprintf.o)
 .ARM.attributes
                0x0000000000000587       0x34 E:/STM32CubeIDE/STM32CubeIDE_1.14.0/STM32CubeIDE/plugins/com.st.stm32cube.ide.mcu.externaltools.gnu-tools-for-stm32.11.3.rel1.win32_1.1.100.202309141235/tools/bin/../lib/gcc/arm-none-eabi/11.3.1/../../../../arm-none-eabi/lib/thumb/v7e-m+fp/hard\libc_nano.a(libc_a-memset.o)
 .ARM.attributes
                0x00000000000005bb       0x34 E:/STM32CubeIDE/STM32CubeIDE_1.14.0/STM32CubeIDE/plugins/com.st.stm32cube.ide.mcu.externaltools.gnu-tools-for-stm32.11.3.rel1.win32_1.1.100.202309141235/tools/bin/../lib/gcc/arm-none-eabi/11.3.1/../../../../arm-none-eabi/lib/thumb/v7e-m+fp/hard\libc_nano.a(libc_a-closer.o)
 .ARM.attributes
                0x00000000000005ef       0x34 E:/STM32CubeIDE/STM32CubeIDE_1.14.0/STM32CubeIDE/plugins/com.st.stm32cube.ide.mcu.externaltools.gnu-tools-for-stm32.11.3.rel1.win32_1.1.100.202309141235/tools/bin/../lib/gcc/arm-none-eabi/11.3.1/../../../../arm-none-eabi/lib/thumb/v7e-m+fp/hard\libc_nano.a(libc_a-reent.o)
 .ARM.attributes
                0x0000000000000623       0x34 E:/STM32CubeIDE/STM32CubeIDE_1.14.0/STM32CubeIDE/plugins/com.st.stm32cube.ide.mcu.externaltools.gnu-tools-for-stm32.11.3.rel1.win32_1.1.100.202309141235/tools/bin/../lib/gcc/arm-none-eabi/11.3.1/../../../../arm-none-eabi/lib/thumb/v7e-m+fp/hard\libc_nano.a(libc_a-impure.o)
 .ARM.attributes
                0x0000000000000657       0x34 E:/STM32CubeIDE/STM32CubeIDE_1.14.0/STM32CubeIDE/plugins/com.st.stm32cube.ide.mcu.externaltools.gnu-tools-for-stm32.11.3.rel1.win32_1.1.100.202309141235/tools/bin/../lib/gcc/arm-none-eabi/11.3.1/../../../../arm-none-eabi/lib/thumb/v7e-m+fp/hard\libc_nano.a(libc_a-lseekr.o)
 .ARM.attributes
                0x000000000000068b       0x34 E:/STM32CubeIDE/STM32CubeIDE_1.14.0/STM32CubeIDE/plugins/com.st.stm32cube.ide.mcu.externaltools.gnu-tools-for-stm32.11.3.rel1.win32_1.1.100.202309141235/tools/bin/../lib/gcc/arm-none-eabi/11.3.1/../../../../arm-none-eabi/lib/thumb/v7e-m+fp/hard\libc_nano.a(libc_a-readr.o)
 .ARM.attributes
                0x00000000000006bf       0x34 E:/STM32CubeIDE/STM32CubeIDE_1.14.0/STM32CubeIDE/plugins/com.st.stm32cube.ide.mcu.externaltools.gnu-tools-for-stm32.11.3.rel1.win32_1.1.100.202309141235/tools/bin/../lib/gcc/arm-none-eabi/11.3.1/../../../../arm-none-eabi/lib/thumb/v7e-m+fp/hard\libc_nano.a(libc_a-writer.o)
 .ARM.attributes
                0x00000000000006f3       0x34 E:/STM32CubeIDE/STM32CubeIDE_1.14.0/STM32CubeIDE/plugins/com.st.stm32cube.ide.mcu.externaltools.gnu-tools-for-stm32.11.3.rel1.win32_1.1.100.202309141235/tools/bin/../lib/gcc/arm-none-eabi/11.3.1/../../../../arm-none-eabi/lib/thumb/v7e-m+fp/hard\libc_nano.a(libc_a-errno.o)
 .ARM.attributes
                0x0000000000000727       0x34 E:/STM32CubeIDE/STM32CubeIDE_1.14.0/STM32CubeIDE/plugins/com.st.stm32cube.ide.mcu.externaltools.gnu-tools-for-stm32.11.3.rel1.win32_1.1.100.202309141235/tools/bin/../lib/gcc/arm-none-eabi/11.3.1/../../../../arm-none-eabi/lib/thumb/v7e-m+fp/hard\libc_nano.a(libc_a-init.o)
 .ARM.attributes
                0x000000000000075b       0x34 E:/STM32CubeIDE/STM32CubeIDE_1.14.0/STM32CubeIDE/plugins/com.st.stm32cube.ide.mcu.externaltools.gnu-tools-for-stm32.11.3.rel1.win32_1.1.100.202309141235/tools/bin/../lib/gcc/arm-none-eabi/11.3.1/../../../../arm-none-eabi/lib/thumb/v7e-m+fp/hard\libc_nano.a(libc_a-lock.o)
 .ARM.attributes
                0x000000000000078f       0x34 E:/STM32CubeIDE/STM32CubeIDE_1.14.0/STM32CubeIDE/plugins/com.st.stm32cube.ide.mcu.externaltools.gnu-tools-for-stm32.11.3.rel1.win32_1.1.100.202309141235/tools/bin/../lib/gcc/arm-none-eabi/11.3.1/../../../../arm-none-eabi/lib/thumb/v7e-m+fp/hard\libc_nano.a(libc_a-memcpy-stub.o)
 .ARM.attributes
                0x00000000000007c3       0x17 E:/STM32CubeIDE/STM32CubeIDE_1.14.0/STM32CubeIDE/plugins/com.st.stm32cube.ide.mcu.externaltools.gnu-tools-for-stm32.11.3.rel1.win32_1.1.100.202309141235/tools/bin/../lib/gcc/arm-none-eabi/11.3.1/../../../../arm-none-eabi/lib/thumb/v7e-m+fp/hard\libc_nano.a(libc_a-strlen.o)
 .ARM.attributes
                0x00000000000007da       0x34 E:/STM32CubeIDE/STM32CubeIDE_1.14.0/STM32CubeIDE/plugins/com.st.stm32cube.ide.mcu.externaltools.gnu-tools-for-stm32.11.3.rel1.win32_1.1.100.202309141235/tools/bin/../lib/gcc/arm-none-eabi/11.3.1/../../../../arm-none-eabi/lib/thumb/v7e-m+fp/hard\libc_nano.a(libc_a-assert.o)
 .ARM.attributes
                0x000000000000080e       0x34 E:/STM32CubeIDE/STM32CubeIDE_1.14.0/STM32CubeIDE/plugins/com.st.stm32cube.ide.mcu.externaltools.gnu-tools-for-stm32.11.3.rel1.win32_1.1.100.202309141235/tools/bin/../lib/gcc/arm-none-eabi/11.3.1/../../../../arm-none-eabi/lib/thumb/v7e-m+fp/hard\libc_nano.a(libc_a-freer.o)
 .ARM.attributes
                0x0000000000000842       0x34 E:/STM32CubeIDE/STM32CubeIDE_1.14.0/STM32CubeIDE/plugins/com.st.stm32cube.ide.mcu.externaltools.gnu-tools-for-stm32.11.3.rel1.win32_1.1.100.202309141235/tools/bin/../lib/gcc/arm-none-eabi/11.3.1/../../../../arm-none-eabi/lib/thumb/v7e-m+fp/hard\libc_nano.a(libc_a-malloc.o)
 .ARM.attributes
                0x0000000000000876       0x34 E:/STM32CubeIDE/STM32CubeIDE_1.14.0/STM32CubeIDE/plugins/com.st.stm32cube.ide.mcu.externaltools.gnu-tools-for-stm32.11.3.rel1.win32_1.1.100.202309141235/tools/bin/../lib/gcc/arm-none-eabi/11.3.1/../../../../arm-none-eabi/lib/thumb/v7e-m+fp/hard\libc_nano.a(libc_a-mallocr.o)
 .ARM.attributes
                0x00000000000008aa       0x34 E:/STM32CubeIDE/STM32CubeIDE_1.14.0/STM32CubeIDE/plugins/com.st.stm32cube.ide.mcu.externaltools.gnu-tools-for-stm32.11.3.rel1.win32_1.1.100.202309141235/tools/bin/../lib/gcc/arm-none-eabi/11.3.1/../../../../arm-none-eabi/lib/thumb/v7e-m+fp/hard\libc_nano.a(libc_a-mlock.o)
 .ARM.attributes
                0x00000000000008de       0x34 E:/STM32CubeIDE/STM32CubeIDE_1.14.0/STM32CubeIDE/plugins/com.st.stm32cube.ide.mcu.externaltools.gnu-tools-for-stm32.11.3.rel1.win32_1.1.100.202309141235/tools/bin/../lib/gcc/arm-none-eabi/11.3.1/../../../../arm-none-eabi/lib/thumb/v7e-m+fp/hard\libc_nano.a(libc_a-nano-svfprintf.o)
 .ARM.attributes
                0x0000000000000912       0x34 E:/STM32CubeIDE/STM32CubeIDE_1.14.0/STM32CubeIDE/plugins/com.st.stm32cube.ide.mcu.externaltools.gnu-tools-for-stm32.11.3.rel1.win32_1.1.100.202309141235/tools/bin/../lib/gcc/arm-none-eabi/11.3.1/../../../../arm-none-eabi/lib/thumb/v7e-m+fp/hard\libc_nano.a(libc_a-nano-vfprintf_i.o)
 .ARM.attributes
                0x0000000000000946       0x34 E:/STM32CubeIDE/STM32CubeIDE_1.14.0/STM32CubeIDE/plugins/com.st.stm32cube.ide.mcu.externaltools.gnu-tools-for-stm32.11.3.rel1.win32_1.1.100.202309141235/tools/bin/../lib/gcc/arm-none-eabi/11.3.1/../../../../arm-none-eabi/lib/thumb/v7e-m+fp/hard\libc_nano.a(libc_a-fflush.o)
 .ARM.attributes
                0x000000000000097a       0x34 E:/STM32CubeIDE/STM32CubeIDE_1.14.0/STM32CubeIDE/plugins/com.st.stm32cube.ide.mcu.externaltools.gnu-tools-for-stm32.11.3.rel1.win32_1.1.100.202309141235/tools/bin/../lib/gcc/arm-none-eabi/11.3.1/../../../../arm-none-eabi/lib/thumb/v7e-m+fp/hard\libc_nano.a(libc_a-fprintf.o)
 .ARM.attributes