../Core/Src/main.c:77:6:vApplicationStackOverflowHook	16	static
../Core/Src/main.c:88:6:vApplicationMallocFailedHook	4	static
../Core/Src/main.c:130:13:vPrint	16	static
../Core/Src/main.c:147:13:vTask1	24	static
../Core/Src/main.c:192:13:vTask2	48	static
../Core/Src/main.c:235:5:main	16	static
../Core/Src/main.c:288:6:SystemClock_Config	88	static
../Core/Src/main.c:332:13:MX_USART2_UART_Init	8	static
../Core/Src/main.c:363:13:MX_GPIO_Init	56	static
../Core/Src/main.c:512:6:HAL_TIM_PeriodElapsedCallback	16	static
../Core/Src/main.c:528:6:Error_Handler	4	static,ignoring_inline_asm
