../Core/Src/main.c:109:6:vApplicationStackOverflowHook	16	static
../Core/Src/main.c:117:6:vApplicationMallocFailedHook	4	static
../Core/Src/main.c:125:13:vConsolePrint	16	static
../Core/Src/main.c:144:13:vMasterTask	24	static
../Core/Src/main.c:195:13:vSlaveTask	32	static
../Core/Src/main.c:243:5:main	16	static
../Core/Src/main.c:300:6:SystemClock_Config	88	static
../Core/Src/main.c:335:13:MX_USART2_UART_Init	8	static
../Core/Src/main.c:364:13:MX_GPIO_Init	56	static
../Core/Src/main.c:502:6:HAL_TIM_PeriodElapsedCallback	16	static
../Core/Src/main.c:519:6:Error_Handler	4	static,ignoring_inline_asm
