Archive member included to satisfy reference by file (symbol)

E:/STM32CubeIDE/STM32CubeIDE_1.14.0/STM32CubeIDE/plugins/com.st.stm32cube.ide.mcu.externaltools.gnu-tools-for-stm32.11.3.rel1.win32_1.1.100.202309141235/tools/bin/../lib/gcc/arm-none-eabi/11.3.1/../../../../arm-none-eabi/lib/thumb/v7e-m+fp/hard\libc_nano.a(libc_a-exit.o)
                              E:/STM32CubeIDE/STM32CubeIDE_1.14.0/STM32CubeIDE/plugins/com.st.stm32cube.ide.mcu.externaltools.gnu-tools-for-stm32.11.3.rel1.win32_1.1.100.202309141235/tools/bin/../lib/gcc/arm-none-eabi/11.3.1/../../../../arm-none-eabi/lib/thumb/v7e-m+fp/hard/crt0.o (exit)
E:/STM32CubeIDE/STM32CubeIDE_1.14.0/STM32CubeIDE/plugins/com.st.stm32cube.ide.mcu.externaltools.gnu-tools-for-stm32.11.3.rel1.win32_1.1.100.202309141235/tools/bin/../lib/gcc/arm-none-eabi/11.3.1/../../../../arm-none-eabi/lib/thumb/v7e-m+fp/hard\libc_nano.a(libc_a-findfp.o)
                              E:/STM32CubeIDE/STM32CubeIDE_1.14.0/STM32CubeIDE/plugins/com.st.stm32cube.ide.mcu.externaltools.gnu-tools-for-stm32.11.3.rel1.win32_1.1.100.202309141235/tools/bin/../lib/gcc/arm-none-eabi/11.3.1/../../../../arm-none-eabi/lib/thumb/v7e-m+fp/hard\libc_nano.a(libc_a-exit.o) (__stdio_exit_handler)
E:/STM32CubeIDE/STM32CubeIDE_1.14.0/STM32CubeIDE/plugins/com.st.stm32cube.ide.mcu.externaltools.gnu-tools-for-stm32.11.3.rel1.win32_1.1.100.202309141235/tools/bin/../lib/gcc/arm-none-eabi/11.3.1/../../../../arm-none-eabi/lib/thumb/v7e-m+fp/hard\libc_nano.a(libc_a-fwalk.o)
                              E:/STM32CubeIDE/STM32CubeIDE_1.14.0/STM32CubeIDE/plugins/com.st.stm32cube.ide.mcu.externaltools.gnu-tools-for-stm32.11.3.rel1.win32_1.1.100.202309141235/tools/bin/../lib/gcc/arm-none-eabi/11.3.1/../../../../arm-none-eabi/lib/thumb/v7e-m+fp/hard\libc_nano.a(libc_a-findfp.o) (_fwalk_sglue)
E:/STM32CubeIDE/STM32CubeIDE_1.14.0/STM32CubeIDE/plugins/com.st.stm32cube.ide.mcu.externaltools.gnu-tools-for-stm32.11.3.rel1.win32_1.1.100.202309141235/tools/bin/../lib/gcc/arm-none-eabi/11.3.1/../../../../arm-none-eabi/lib/thumb/v7e-m+fp/hard\libc_nano.a(libc_a-stdio.o)
                              E:/STM32CubeIDE/STM32CubeIDE_1.14.0/STM32CubeIDE/plugins/com.st.stm32cube.ide.mcu.externaltools.gnu-tools-for-stm32.11.3.rel1.win32_1.1.100.202309141235/tools/bin/../lib/gcc/arm-none-eabi/11.3.1/../../../../arm-none-eabi/lib/thumb/v7e-m+fp/hard\libc_nano.a(libc_a-findfp.o) (__sread)
E:/STM32CubeIDE/STM32CubeIDE_1.14.0/STM32CubeIDE/plugins/com.st.stm32cube.ide.mcu.externaltools.gnu-tools-for-stm32.11.3.rel1.win32_1.1.100.202309141235/tools/bin/../lib/gcc/arm-none-eabi/11.3.1/../../../../arm-none-eabi/lib/thumb/v7e-m+fp/hard\libc_nano.a(libc_a-vsnprintf.o)
                              ./Core/Src/main.o (vsnprintf)
E:/STM32CubeIDE/STM32CubeIDE_1.14.0/STM32CubeIDE/plugins/com.st.stm32cube.ide.mcu.externaltools.gnu-tools-for-stm32.11.3.rel1.win32_1.1.100.202309141235/tools/bin/../lib/gcc/arm-none-eabi/11.3.1/../../../../arm-none-eabi/lib/thumb/v7e-m+fp/hard\libc_nano.a(libc_a-memset.o)
                              E:/STM32CubeIDE/STM32CubeIDE_1.14.0/STM32CubeIDE/plugins/com.st.stm32cube.ide.mcu.externaltools.gnu-tools-for-stm32.11.3.rel1.win32_1.1.100.202309141235/tools/bin/../lib/gcc/arm-none-eabi/11.3.1/../../../../arm-none-eabi/lib/thumb/v7e-m+fp/hard/crt0.o (memset)
E:/STM32CubeIDE/STM32CubeIDE_1.14.0/STM32CubeIDE/plugins/com.st.stm32cube.ide.mcu.externaltools.gnu-tools-for-stm32.11.3.rel1.win32_1.1.100.202309141235/tools/bin/../lib/gcc/arm-none-eabi/11.3.1/../../../../arm-none-eabi/lib/thumb/v7e-m+fp/hard\libc_nano.a(libc_a-closer.o)
                              E:/STM32CubeIDE/STM32CubeIDE_1.14.0/STM32CubeIDE/plugins/com.st.stm32cube.ide.mcu.externaltools.gnu-tools-for-stm32.11.3.rel1.win32_1.1.100.202309141235/tools/bin/../lib/gcc/arm-none-eabi/11.3.1/../../../../arm-none-eabi/lib/thumb/v7e-m+fp/hard\libc_nano.a(libc_a-stdio.o) (_close_r)
E:/STM32CubeIDE/STM32CubeIDE_1.14.0/STM32CubeIDE/plugins/com.st.stm32cube.ide.mcu.externaltools.gnu-tools-for-stm32.11.3.rel1.win32_1.1.100.202309141235/tools/bin/../lib/gcc/arm-none-eabi/11.3.1/../../../../arm-none-eabi/lib/thumb/v7e-m+fp/hard\libc_nano.a(libc_a-reent.o)
                              E:/STM32CubeIDE/STM32CubeIDE_1.14.0/STM32CubeIDE/plugins/com.st.stm32cube.ide.mcu.externaltools.gnu-tools-for-stm32.11.3.rel1.win32_1.1.100.202309141235/tools/bin/../lib/gcc/arm-none-eabi/11.3.1/../../../../arm-none-eabi/lib/thumb/v7e-m+fp/hard\libc_nano.a(libc_a-closer.o) (errno)
E:/STM32CubeIDE/STM32CubeIDE_1.14.0/STM32CubeIDE/plugins/com.st.stm32cube.ide.mcu.externaltools.gnu-tools-for-stm32.11.3.rel1.win32_1.1.100.202309141235/tools/bin/../lib/gcc/arm-none-eabi/11.3.1/../../../../arm-none-eabi/lib/thumb/v7e-m+fp/hard\libc_nano.a(libc_a-impure.o)
[...]
Memory Configuration

Name             Origin             Length             Attributes
CCMRAM           0x0000000010000000 0x0000000000010000 xrw
RAM              0x0000000020000000 0x0000000000020000 xrw
FLASH            0x0000000008000000 0x0000000000100000 xr
*default*        0x0000000000000000 0xffffffffffffffff

Linker script and memory map

LOAD E:/STM32CubeIDE/STM32CubeIDE_1.14.0/STM32CubeIDE/plugins/com.st.stm32cube.ide.mcu.externaltools.gnu-tools-for-stm32.11.3.rel1.win32_1.1.100.202309141235/tools/bin/../lib/gcc/arm-none-eabi/11.3.1/thumb/v7e-m+fp/hard/crti.o
LOAD E:/STM32CubeIDE/STM32CubeIDE_1.14.0/STM32CubeIDE/plugins/com.st.stm32cube.ide.mcu.externaltools.gnu-tools-for-stm32.11.3.rel1.win32_1.1.100.202309141235/tools/bin/../lib/gcc/arm-none-eabi/11.3.1/thumb/v7e-m+fp/hard/crtbegin.o
LOAD E:/STM32CubeIDE/STM32CubeIDE_1.14.0/STM32CubeIDE/plugins/com.st.stm32cube.ide.mcu.externaltools.gnu-tools-for-stm32.11.3.rel1.win32_1.1.100.202309141235/tools/bin/../lib/gcc/arm-none-eabi/11.3.1/../../../../arm-none-eabi/lib/thumb/v7e-m+fp/hard/crt0.o
LOAD ./Core/Src/main.o
LOAD ./Core/Src/stm32f4xx_hal_msp.o
LOAD ./Core/Src/stm32f4xx_hal_timebase_tim.o
LOAD ./Core/Src/stm32f4xx_it.o
LOAD ./Core/Src/syscalls.o
LOAD ./Core/Src/system_stm32f4xx.o
LOAD ./Core/Startup/startup_stm32f407vgtx.o
LOAD ./Drivers/STM32F4xx_HAL_Driver/Src/stm32f4xx_hal.o
LOAD ./Drivers/STM32F4xx_HAL_Driver/Src/stm32f4xx_hal_cortex.o
LOAD ./Drivers/STM32F4xx_HAL_Driver/Src/stm32f4xx_hal_dma.o
LOAD ./Drivers/STM32F4xx_HAL_Driver/Src/stm32f4xx_hal_dma_ex.o
LOAD ./Drivers/STM32F4xx_HAL_Driver/Src/stm32f4xx_hal_exti.o
LOAD ./Drivers/STM32F4xx_HAL_Driver/Src/stm32f4xx_hal_flash.o
LOAD ./Drivers/STM32F4xx_HAL_Driver/Src/stm32f4xx_hal_flash_ex.o
LOAD ./Drivers/STM32F4xx_HAL_Driver/Src/stm32f4xx_hal_flash_ramfunc.o
LOAD ./Drivers/STM32F4xx_HAL_Driver/Src/stm32f4xx_hal_gpio.o
LOAD ./Drivers/STM32F4xx_HAL_Driver/Src/stm32f4xx_hal_pwr.o
LOAD ./Drivers/STM32F4xx_HAL_Driver/Src/stm32f4xx_hal_pwr_ex.o
LOAD ./Drivers/STM32F4xx_HAL_Driver/Src/stm32f4xx_hal_rcc.o
LOAD ./Drivers/STM32F4xx_HAL_Driver/Src/stm32f4xx_hal_rcc_ex.o
LOAD ./Drivers/STM32F4xx_HAL_Driver/Src/stm32f4xx_hal_rtc.o
LOAD ./Drivers/STM32F4xx_HAL_Driver/Src/stm32f4xx_hal_rtc_ex.o
LOAD ./Drivers/STM32F4xx_HAL_Driver/Src/stm32f4xx_hal_tim.o
LOAD ./Drivers/STM32F4xx_HAL_Driver/Src/stm32f4xx_hal_tim_ex.o
LOAD ./Drivers/STM32F4xx_HAL_Driver/Src/stm32f4xx_hal_uart.o
LOAD ./ThirdParty/FreeRTOS/croutine.o
LOAD ./ThirdParty/FreeRTOS/event_groups.o
LOAD ./ThirdParty/FreeRTOS/list.o
LOAD ./ThirdParty/FreeRTOS/queue.o
LOAD ./ThirdParty/FreeRTOS/stream_buffer.o
LOAD ./ThirdParty/FreeRTOS/tasks.o
LOAD ./ThirdParty/FreeRTOS/timers.o
LOAD ./ThirdParty/FreeRTOS/portable/GCC/ARM_CM4F/port.o
LOAD ./ThirdParty/FreeRTOS/portable/MemMang/heap_4.o
START GROUP
LOAD E:/STM32CubeIDE/STM32CubeIDE_1.14.0/STM32CubeIDE/plugins/com.st.stm32cube.ide.mcu.externaltools.gnu-tools-for-stm32.11.3.rel1.win32_1.1.100.202309141235/tools/bin/../lib/gcc/arm-none-eabi/11.3.1/../../../../arm-none-eabi/lib/thumb/v7e-m+fp/hard\libc_nano.a
LOAD E:/STM32CubeIDE/STM32CubeIDE_1.14.0/STM32CubeIDE/plugins/com.st.stm32cube.ide.mcu.externaltools.gnu-tools-for-stm32.11.3.rel1.win32_1.1.100.202309141235/tools/bin/../lib/gcc/arm-none-eabi/11.3.1/../../../../arm-none-eabi/lib/thumb/v7e-m+fp/hard\libm.a
END GROUP
START GROUP
LOAD E:/STM32CubeIDE/STM32CubeIDE_1.14.0/STM32CubeIDE/plugins/com.st.stm32cube.ide.mcu.externaltools.gnu-tools-for-stm32.11.3.rel1.win32_1.1.100.202309141235/tools/bin/../lib/gcc/arm-none-eabi/11.3.1/thumb/v7e-m+fp/hard\libgcc.a
LOAD E:/STM32CubeIDE/STM32CubeIDE_1.14.0/STM32CubeIDE/plugins/com.st.stm32cube.ide.mcu.externaltools.gnu-tools-for-stm32.11.3.rel1.win32_1.1.100.202309141235/tools/bin/../lib/gcc/arm-none-eabi/11.3.1/../../../../arm-none-eabi/lib/thumb/v7e-m+fp/hard\libc_nano.a
END GROUP
START GROUP
LOAD E:/STM32CubeIDE/STM32CubeIDE_1.14.0/STM32CubeIDE/plugins/com.st.stm32cube.ide.mcu.externaltools.gnu-tools-for-stm32.11.3.rel1.win32_1.1.100.202309141235/tools/bin/../lib/gcc/arm-none-eabi/11.3.1/thumb/v7e-m+fp/hard\libgcc.a
LOAD E:/STM32CubeIDE/STM32CubeIDE_1.14.0/STM32CubeIDE/plugins/com.st.stm32cube.ide.mcu.externaltools.gnu-tools-for-stm32.11.3.rel1.win32_1.1.100.202309141235/tools/bin/../lib/gcc/arm-none-eabi/11.3.1/../../../../arm-none-eabi/lib/thumb/v7e-m+fp/hard\libc_nano.a
LOAD E:/STM32CubeIDE/STM32CubeIDE_1.14.0/STM32CubeIDE/plugins/com.st.stm32cube.ide.mcu.externaltools.gnu-tools-for-stm32.11.3.rel1.win32_1.1.100.202309141235/tools/bin/../lib/gcc/arm-none-eabi/11.3.1/../../../../arm-none-eabi/lib/thumb/v7e-m+fp/hard\libnosys.a
END GROUP
START GROUP
LOAD E:/STM32CubeIDE/STM32CubeIDE_1.14.0/STM32CubeIDE/plugins/com.st.stm32cube.ide.mcu.externaltools.gnu-tools-for-stm32.11.3.rel1.win32_1.1.100.202309141235/tools/bin/../lib/gcc/arm-none-eabi/11.3.1/thumb/v7e-m+fp/hard\libgcc.a
LOAD E:/STM32CubeIDE/STM32CubeIDE_1.14.0/STM32CubeIDE/plugins/com.st.stm32cube.ide.mcu.externaltools.gnu-tools-for-stm32.11.3.rel1.win32_1.1.100.202309141235/tools/bin/../lib/gcc/arm-none-eabi/11.3.1/../../../../arm-none-eabi/lib/thumb/v7e-m+fp/hard\libc_nano.a
LOAD E:/STM32CubeIDE/STM32CubeIDE_1.14.0/STM32CubeIDE/plugins/com.st.stm32cube.ide.mcu.externaltools.gnu-tools-for-stm32.11.3.rel1.win32_1.1.100.202309141235/tools/bin/../lib/gcc/arm-none-eabi/11.3.1/../../../../arm-none-eabi/lib/thumb/v7e-m+fp/hard\libnosys.a
END GROUP
LOAD E:/STM32CubeIDE/STM32CubeIDE_1.14.0/STM32CubeIDE/plugins/com.st.stm32cube.ide.mcu.externaltools.gnu-tools-for-stm32.11.3.rel1.win32_1.1.100.202309141235/tools/bin/../lib/gcc/arm-none-eabi/11.3.1/thumb/v7e-m+fp/hard/crtend.o
LOAD E:/STM32CubeIDE/STM32CubeIDE_1.14.0/STM32CubeIDE/plugins/com.st.stm32cube.ide.mcu.externaltools.gnu-tools-for-stm32.11.3.rel1.win32_1.1.100.202309141235/tools/bin/../lib/gcc/arm-none-eabi/11.3.1/thumb/v7e-m+fp/hard/crtn.o
                0x0000000020020000                _estack = (ORIGIN (RAM) + LENGTH (RAM))
                0x0000000000000200                _Min_Heap_Size = 0x200
                0x0000000000000400                _Min_Stack_Size = 0x400

.isr_vector     0x0000000008000000      0x188
                0x0000000008000000                . = ALIGN (0x4)
 *(.isr_vector)
 .isr_vector    0x0000000008000000      0x188 ./Core/Startup/startup_stm32f407vgtx.o
                0x0000000008000000                g_pfnVectors
                0x0000000008000188                . = ALIGN (0x4)

.text           0x0000000008000190     0x6d98
                0x0000000008000190                . = ALIGN (0x4)
 *(.text)
 .text          0x0000000008000190       0x40 E:/STM32CubeIDE/STM32CubeIDE_1.14.0/STM32CubeIDE/plugins/com.st.stm32cube.ide.mcu.externaltools.gnu-tools-for-stm32.11.3.rel1.win32_1.1.100.202309141235/tools/bin/../lib/gcc/arm-none-eabi/11.3.1/thumb/v7e-m+fp/hard/crtbegin.o
 .text          0x00000000080001d0       0x10 E:/STM32CubeIDE/STM32CubeIDE_1.14.0/STM32CubeIDE/plugins/com.st.stm32cube.ide.mcu.externaltools.gnu-tools-for-stm32.11.3.rel1.win32_1.1.100.202309141235/tools/bin/../lib/gcc/arm-none-eabi/11.3.1/../../../../arm-none-eabi/lib/thumb/v7e-m+fp/hard\libc_nano.a(libc_a-strlen.o)
                0x00000000080001d0                strlen
 .text          0x00000000080001e0       0xa0 E:/STM32CubeIDE/STM32CubeIDE_1.14.0/STM32CubeIDE/plugins/com.st.stm32cube.ide.mcu.externaltools.gnu-tools-for-stm32.11.3.rel1.win32_1.1.100.202309141235/tools/bin/../lib/gcc/arm-none-eabi/11.3.1/../../../../arm-none-eabi/lib/thumb/v7e-m+fp/hard\libc_nano.a(libc_a-memchr.o)
                0x00000000080001e0                memchr
 .text          0x0000000008000280       0x30 E:/STM32CubeIDE/STM32CubeIDE_1.14.0/STM32CubeIDE/plugins/com.st.stm32cube.ide.mcu.externaltools.gnu-tools-for-stm32.11.3.rel1.win32_1.1.100.202309141235/tools/bin/../lib/gcc/arm-none-eabi/11.3.1/thumb/v7e-m+fp/hard\libgcc.a(_aeabi_uldivmod.o)
                0x0000000008000280                __aeabi_uldivmod
 .text          0x00000000080002b0      0x2c8 E:/STM32CubeIDE/STM32CubeIDE_1.14.0/STM32CubeIDE/plugins/com.st.stm32cube.ide.mcu.externaltools.gnu-tools-for-stm32.11.3.rel1.win32_1.1.100.202309141235/tools/bin/../lib/gcc/arm-none-eabi/11.3.1/thumb/v7e-m+fp/hard\libgcc.a(_udivmoddi4.o)
                0x00000000080002b0                __udivmoddi4
 .text          0x0000000008000578        0x4 E:/STM32CubeIDE/STM32CubeIDE_1.14.0/STM32CubeIDE/plugins/com.st.stm32cube.ide.mcu.externaltools.gnu-tools-for-stm32.11.3.rel1.win32_1.1.100.202309141235/tools/bin/../lib/gcc/arm-none-eabi/11.3.1/thumb/v7e-m+fp/hard\libgcc.a(_dvmd_tls.o)
                0x0000000008000578                __aeabi_idiv0
                0x0000000008000578                __aeabi_ldiv0
 *(.text*)
 .text.vApplicationStackOverflowHook
                0x000000000800057c        0xc ./Core/Src/main.o
                0x000000000800057c                vApplicationStackOverflowHook
 .text.vApplicationMallocFailedHook
                0x0000000008000588        0x6 ./Core/Src/main.o
                0x0000000008000588                vApplicationMallocFailedHook
 *fill*         0x000000000800058e        0x2 
 .text.vPrint   0x0000000008000590       0x48 ./Core/Src/main.o
 .text.vCarTask
                0x00000000080005d8      0x258 ./Core/Src/main.o
 .text.main     0x0000000008000830       0x7c ./Core/Src/main.o
                0x0000000008000830                main
 .text.SystemClock_Config
                0x00000000080008ac       0xd4 ./Core/Src/main.o
                0x00000000080008ac                SystemClock_Config
 .text.MX_USART2_UART_Init
                0x0000000008000980       0x54 ./Core/Src/main.o
 .text.MX_GPIO_Init
                0x00000000080009d4      0x2bc ./Core/Src/main.o
 .text.HAL_TIM_PeriodElapsedCallback
                0x0000000008000c90       0x24 ./Core/Src/main.o
                0x0000000008000c90                HAL_TIM_PeriodElapsedCallback
 .text.Error_Handler
                0x0000000008000cb4        0xa ./Core/Src/main.o
                0x0000000008000cb4                Error_Handler
 *fill*         0x0000000008000cbe        0x2 
 .text.HAL_MspInit
                0x0000000008000cc0       0x50 ./Core/Src/stm32f4xx_hal_msp.o
                0x0000000008000cc0                HAL_MspInit
 .text.HAL_UART_MspInit
                0x0000000008000d10       0xa0 ./Core/Src/stm32f4xx_hal_msp.o
                0x0000000008000d10                HAL_UART_MspInit
 .text.HAL_InitTick
                0x0000000008000db0       0xf8 ./Core/Src/stm32f4xx_hal_timebase_tim.o
                0x0000000008000db0                HAL_InitTick
 .text.NMI_Handler
                0x0000000008000ea8        0x6 ./Core/Src/stm32f4xx_it.o
                0x0000000008000ea8                NMI_Handler
 .text.HardFault_Handler
                0x0000000008000eae        0x6 ./Core/Src/stm32f4xx_it.o
                0x0000000008000eae                HardFault_Handler
 .text.MemManage_Handler
                0x0000000008000eb4        0x6 ./Core/Src/stm32f4xx_it.o
                0x0000000008000eb4                MemManage_Handler
 .text.BusFault_Handler
                0x0000000008000eba        0x6 ./Core/Src/stm32f4xx_it.o
                0x0000000008000eba                BusFault_Handler
 .text.UsageFault_Handler
                0x0000000008000ec0        0x6 ./Core/Src/stm32f4xx_it.o
                0x0000000008000ec0                UsageFault_Handler
 .text.DebugMon_Handler
                0x0000000008000ec6        0xe ./Core/Src/stm32f4xx_it.o
                0x0000000008000ec6                DebugMon_Handler
 .text.USART2_IRQHandler
                0x0000000008000ed4       0x14 ./Core/Src/stm32f4xx_it.o
                0x0000000008000ed4                USART2_IRQHandler
 .text.TIM6_DAC_IRQHandler
                0x0000000008000ee8       0x14 ./Core/Src/stm32f4xx_it.o
                0x0000000008000ee8                TIM6_DAC_IRQHandler
 .text.SystemInit
                0x0000000008000efc       0x24 ./Core/Src/system_stm32f4xx.o
                0x0000000008000efc                SystemInit
 .text.Reset_Handler
                0x0000000008000f20       0x50 ./Core/Startup/startup_stm32f407vgtx.o
                0x0000000008000f20                Reset_Handler
 .text.Default_Handler
                0x0000000008000f70        0x2 ./Core/Startup/startup_stm32f407vgtx.o
                0x0000000008000f70                RTC_Alarm_IRQHandler
                0x0000000008000f70                HASH_RNG_IRQHandler
                0x0000000008000f70                EXTI2_IRQHandler
                0x0000000008000f70                TIM8_CC_IRQHandler
                0x0000000008000f70                TIM1_CC_IRQHandler
                0x0000000008000f70                DMA2_Stream5_IRQHandler
                0x0000000008000f70                DMA1_Stream5_IRQHandler
                0x0000000008000f70                PVD_IRQHandler
                0x0000000008000f70                SDIO_IRQHandler
                0x0000000008000f70                TAMP_STAMP_IRQHandler
                0x0000000008000f70                CAN2_RX1_IRQHandler
                0x0000000008000f70                EXTI3_IRQHandler
                0x0000000008000f70                TIM8_TRG_COM_TIM14_IRQHandler
                0x0000000008000f70                TIM1_UP_TIM10_IRQHandler
                0x0000000008000f70                TIM8_UP_TIM13_IRQHandler
                0x0000000008000f70                I2C3_ER_IRQHandler
                0x0000000008000f70                EXTI0_IRQHandler
                0x0000000008000f70                I2C2_EV_IRQHandler
                0x0000000008000f70                DMA1_Stream2_IRQHandler
                0x0000000008000f70                CAN1_RX0_IRQHandler
                0x0000000008000f70                FPU_IRQHandler
                0x0000000008000f70                OTG_HS_WKUP_IRQHandler
                0x0000000008000f70                CAN2_SCE_IRQHandler
                0x0000000008000f70                DMA2_Stream2_IRQHandler
                0x0000000008000f70                SPI1_IRQHandler
                0x0000000008000f70                TIM1_BRK_TIM9_IRQHandler
                0x0000000008000f70                DCMI_IRQHandler
                0x0000000008000f70                CAN2_RX0_IRQHandler
                0x0000000008000f70                DMA2_Stream3_IRQHandler
                0x0000000008000f70                USART6_IRQHandler
                0x0000000008000f70                USART3_IRQHandler
                0x0000000008000f70                CAN1_RX1_IRQHandler
                0x0000000008000f70                UART5_IRQHandler
                0x0000000008000f70                DMA2_Stream0_IRQHandler
                0x0000000008000f70                TIM4_IRQHandler
                0x0000000008000f70                I2C1_EV_IRQHandler
                0x0000000008000f70                DMA1_Stream6_IRQHandler
                0x0000000008000f70                DMA1_Stream1_IRQHandler
                0x0000000008000f70                UART4_IRQHandler
                0x0000000008000f70                TIM3_IRQHandler
                0x0000000008000f70                RCC_IRQHandler
                0x0000000008000f70                TIM8_BRK_TIM12_IRQHandler
                0x0000000008000f70                Default_Handler
                0x0000000008000f70                EXTI15_10_IRQHandler
                0x0000000008000f70                ADC_IRQHandler
                0x0000000008000f70                DMA1_Stream7_IRQHandler
                0x0000000008000f70                TIM7_IRQHandler
                0x0000000008000f70                CAN2_TX_IRQHandler
                0x0000000008000f70                TIM5_IRQHandler
                0x0000000008000f70                DMA2_Stream7_IRQHandler
                0x0000000008000f70                I2C3_EV_IRQHandler
                0x0000000008000f70                EXTI9_5_IRQHandler
                0x0000000008000f70                RTC_WKUP_IRQHandler
                0x0000000008000f70                ETH_WKUP_IRQHandler
                0x0000000008000f70                SPI2_IRQHandler
                0x0000000008000f70                OTG_HS_EP1_IN_IRQHandler
                0x0000000008000f70                DMA1_Stream0_IRQHandler
                0x0000000008000f70                CAN1_TX_IRQHandler
                0x0000000008000f70                EXTI4_IRQHandler
                0x0000000008000f70                FSMC_IRQHandler
                0x0000000008000f70                ETH_IRQHandler
                0x0000000008000f70                OTG_HS_EP1_OUT_IRQHandler
                0x0000000008000f70                WWDG_IRQHandler
                0x0000000008000f70                TIM2_IRQHandler
                0x0000000008000f70                OTG_FS_WKUP_IRQHandler
                0x0000000008000f70                TIM1_TRG_COM_TIM11_IRQHandler
                0x0000000008000f70                OTG_HS_IRQHandler
                0x0000000008000f70                EXTI1_IRQHandler
                0x0000000008000f70                I2C2_ER_IRQHandler
                0x0000000008000f70                DMA2_Stream1_IRQHandler
                0x0000000008000f70                CAN1_SCE_IRQHandler
                0x0000000008000f70                FLASH_IRQHandler
                0x0000000008000f70                DMA2_Stream4_IRQHandler
                0x0000000008000f70                USART1_IRQHandler
                0x0000000008000f70                OTG_FS_IRQHandler
                0x0000000008000f70                SPI3_IRQHandler
                0x0000000008000f70                DMA1_Stream4_IRQHandler
                0x0000000008000f70                I2C1_ER_IRQHandler
                0x0000000008000f70                DMA2_Stream6_IRQHandler
                0x0000000008000f70                DMA1_Stream3_IRQHandler
 *fill*         0x0000000008000f72        0x2 
 .text.HAL_Init
                0x0000000008000f74       0x44 ./Drivers/STM32F4xx_HAL_Driver/Src/stm32f4xx_hal.o
                0x0000000008000f74                HAL_Init
 .text.HAL_IncTick
                0x0000000008000fb8       0x28 ./Drivers/STM32F4xx_HAL_Driver/Src/stm32f4xx_hal.o
                0x0000000008000fb8                HAL_IncTick
 .text.HAL_GetTick
                0x0000000008000fe0       0x18 ./Drivers/STM32F4xx_HAL_Driver/Src/stm32f4xx_hal.o
                0x0000000008000fe0                HAL_GetTick
 .text.__NVIC_SetPriorityGrouping
                0x0000000008000ff8       0x48 ./Drivers/STM32F4xx_HAL_Driver/Src/stm32f4xx_hal_cortex.o
 .text.__NVIC_GetPriorityGrouping
                0x0000000008001040       0x1c ./Drivers/STM32F4xx_HAL_Driver/Src/stm32f4xx_hal_cortex.o
 .text.__NVIC_EnableIRQ
                0x000000000800105c       0x3c ./Drivers/STM32F4xx_HAL_Driver/Src/stm32f4xx_hal_cortex.o
 .text.__NVIC_SetPriority
                0x0000000008001098       0x54 ./Drivers/STM32F4xx_HAL_Driver/Src/stm32f4xx_hal_cortex.o
 .text.NVIC_EncodePriority
                0x00000000080010ec       0x66 ./Drivers/STM32F4xx_HAL_Driver/Src/stm32f4xx_hal_cortex.o
 .text.HAL_NVIC_SetPriorityGrouping
                0x0000000008001152       0x16 ./Drivers/STM32F4xx_HAL_Driver/Src/stm32f4xx_hal_cortex.o
                0x0000000008001152                HAL_NVIC_SetPriorityGrouping
 .text.HAL_NVIC_SetPriority
                0x0000000008001168       0x38 ./Drivers/STM32F4xx_HAL_Driver/Src/stm32f4xx_hal_cortex.o
                0x0000000008001168                HAL_NVIC_SetPriority
 .text.HAL_NVIC_EnableIRQ
                0x00000000080011a0       0x1c ./Drivers/STM32F4xx_HAL_Driver/Src/stm32f4xx_hal_cortex.o
                0x00000000080011a0                HAL_NVIC_EnableIRQ
 .text.HAL_DMA_Abort
                0x00000000080011bc       0xe0 ./Drivers/STM32F4xx_HAL_Driver/Src/stm32f4xx_hal_dma.o
                0x00000000080011bc                HAL_DMA_Abort
 .text.HAL_DMA_Abort_IT
                0x000000000800129c       0x44 ./Drivers/STM32F4xx_HAL_Driver/Src/stm32f4xx_hal_dma.o
                0x000000000800129c                HAL_DMA_Abort_IT
 .text.HAL_GPIO_Init
                0x00000000080012e0      0x338 ./Drivers/STM32F4xx_HAL_Driver/Src/stm32f4xx_hal_gpio.o
                0x00000000080012e0                HAL_GPIO_Init
 .text.HAL_GPIO_WritePin
                0x0000000008001618       0x32 ./Drivers/STM32F4xx_HAL_Driver/Src/stm32f4xx_hal_gpio.o
                0x0000000008001618                HAL_GPIO_WritePin
 *fill*         0x000000000800164a        0x2 
 .text.HAL_RCC_OscConfig
                0x000000000800164c      0x4f0 ./Drivers/STM32F4xx_HAL_Driver/Src/stm32f4xx_hal_rcc.o
                0x000000000800164c                HAL_RCC_OscConfig
 .text.HAL_RCC_ClockConfig
                0x0000000008001b3c      0x1cc ./Drivers/STM32F4xx_HAL_Driver/Src/stm32f4xx_hal_rcc.o
                0x0000000008001b3c                HAL_RCC_ClockConfig
 .text.HAL_RCC_GetSysClockFreq
                0x0000000008001d08      0x20c ./Drivers/STM32F4xx_HAL_Driver/Src/stm32f4xx_hal_rcc.o
                0x0000000008001d08                HAL_RCC_GetSysClockFreq
 .text.HAL_RCC_GetHCLKFreq
                0x0000000008001f14       0x18 ./Drivers/STM32F4xx_HAL_Driver/Src/stm32f4xx_hal_rcc.o
                0x0000000008001f14                HAL_RCC_GetHCLKFreq
 .text.HAL_RCC_GetPCLK1Freq
                0x0000000008001f2c       0x28 ./Drivers/STM32F4xx_HAL_Driver/Src/stm32f4xx_hal_rcc.o
                0x0000000008001f2c                HAL_RCC_GetPCLK1Freq
 .text.HAL_RCC_GetPCLK2Freq
                0x0000000008001f54       0x28 ./Drivers/STM32F4xx_HAL_Driver/Src/stm32f4xx_hal_rcc.o
                0x0000000008001f54                HAL_RCC_GetPCLK2Freq
 .text.HAL_RCC_GetClockConfig
                0x0000000008001f7c       0x64 ./Drivers/STM32F4xx_HAL_Driver/Src/stm32f4xx_hal_rcc.o
                0x0000000008001f7c                HAL_RCC_GetClockConfig
 .text.HAL_TIM_Base_Init
                0x0000000008001fe0       0x9e ./Drivers/STM32F4xx_HAL_Driver/Src/stm32f4xx_hal_tim.o
                0x0000000008001fe0                HAL_TIM_Base_Init
 .text.HAL_TIM_Base_MspInit
                0x000000000800207e       0x14 ./Drivers/STM32F4xx_HAL_Driver/Src/stm32f4xx_hal_tim.o
                0x000000000800207e                HAL_TIM_Base_MspInit
 *fill*         0x0000000008002092        0x2 
 .text.HAL_TIM_Base_Start_IT
                0x0000000008002094       0xe0 ./Drivers/STM32F4xx_HAL_Driver/Src/stm32f4xx_hal_tim.o
                0x0000000008002094                HAL_TIM_Base_Start_IT
 .text.HAL_TIM_IRQHandler
                0x0000000008002174      0x1e0 ./Drivers/STM32F4xx_HAL_Driver/Src/stm32f4xx_hal_tim.o
                0x0000000008002174                HAL_TIM_IRQHandler
 .text.HAL_TIM_OC_DelayElapsedCallback
                0x0000000008002354       0x14 ./Drivers/STM32F4xx_HAL_Driver/Src/stm32f4xx_hal_tim.o
                0x0000000008002354                HAL_TIM_OC_DelayElapsedCallback
 .text.HAL_TIM_IC_CaptureCallback
                0x0000000008002368       0x14 ./Drivers/STM32F4xx_HAL_Driver/Src/stm32f4xx_hal_tim.o
                0x0000000008002368                HAL_TIM_IC_CaptureCallback
 .text.HAL_TIM_PWM_PulseFinishedCallback
                0x000000000800237c       0x14 ./Drivers/STM32F4xx_HAL_Driver/Src/stm32f4xx_hal_tim.o
                0x000000000800237c                HAL_TIM_PWM_PulseFinishedCallback
 .text.HAL_TIM_TriggerCallback
                0x0000000008002390       0x14 ./Drivers/STM32F4xx_HAL_Driver/Src/stm32f4xx_hal_tim.o
                0x0000000008002390                HAL_TIM_TriggerCallback
 .text.TIM_Base_SetConfig
                0x00000000080023a4      0x14c ./Drivers/STM32F4xx_HAL_Driver/Src/stm32f4xx_hal_tim.o
                0x00000000080023a4                TIM_Base_SetConfig
 .text.HAL_TIMEx_CommutCallback
                0x00000000080024f0       0x14 ./Drivers/STM32F4xx_HAL_Driver/Src/stm32f4xx_hal_tim_ex.o
                0x00000000080024f0                HAL_TIMEx_CommutCallback
 .text.HAL_TIMEx_BreakCallback
                0x0000000008002504       0x14 ./Drivers/STM32F4xx_HAL_Driver/Src/stm32f4xx_hal_tim_ex.o
                0x0000000008002504                HAL_TIMEx_BreakCallback
 .text.HAL_UART_Init
                0x0000000008002518       0xa0 ./Drivers/STM32F4xx_HAL_Driver/Src/stm32f4xx_hal_uart.o
                0x0000000008002518                HAL_UART_Init
 .text.HAL_UART_Transmit
                0x00000000080025b8      0x116 ./Drivers/STM32F4xx_HAL_Driver/Src/stm32f4xx_hal_uart.o
                0x00000000080025b8                HAL_UART_Transmit
 *fill*         0x00000000080026ce        0x2 
 .text.HAL_UART_IRQHandler
                0x00000000080026d0      0x554 ./Drivers/STM32F4xx_HAL_Driver/Src/stm32f4xx_hal_uart.o
                0x00000000080026d0                HAL_UART_IRQHandler
 .text.HAL_UART_TxCpltCallback
                0x0000000008002c24       0x14 ./Drivers/STM32F4xx_HAL_Driver/Src/stm32f4xx_hal_uart.o
                0x0000000008002c24                HAL_UART_TxCpltCallback
 .text.HAL_UART_RxCpltCallback
                0x0000000008002c38       0x14 ./Drivers/STM32F4xx_HAL_Driver/Src/stm32f4xx_hal_uart.o
                0x0000000008002c38                HAL_UART_RxCpltCallback
 .text.HAL_UART_ErrorCallback
                0x0000000008002c4c       0x14 ./Drivers/STM32F4xx_HAL_Driver/Src/stm32f4xx_hal_uart.o
                0x0000000008002c4c                HAL_UART_ErrorCallback
 .text.HAL_UARTEx_RxEventCallback
                0x0000000008002c60       0x18 ./Drivers/STM32F4xx_HAL_Driver/Src/stm32f4xx_hal_uart.o
                0x0000000008002c60                HAL_UARTEx_RxEventCallback
 .text.UART_WaitOnFlagUntilTimeout
                0x0000000008002c78       0xb2 ./Drivers/STM32F4xx_HAL_Driver/Src/stm32f4xx_hal_uart.o
 .text.UART_EndRxTransfer
                0x0000000008002d2a       0xc6 ./Drivers/STM32F4xx_HAL_Driver/Src/stm32f4xx_hal_uart.o
 .text.UART_DMAAbortOnError
                0x0000000008002df0       0x22 ./Drivers/STM32F4xx_HAL_Driver/Src/stm32f4xx_hal_uart.o
 .text.UART_Transmit_IT
                0x0000000008002e12       0xa0 ./Drivers/STM32F4xx_HAL_Driver/Src/stm32f4xx_hal_uart.o
 .text.UART_EndTransmit_IT
                0x0000000008002eb2       0x30 ./Drivers/STM32F4xx_HAL_Driver/Src/stm32f4xx_hal_uart.o
 .text.UART_Receive_IT
                0x0000000008002ee2      0x17c ./Drivers/STM32F4xx_HAL_Driver/Src/stm32f4xx_hal_uart.o
 *fill*         0x000000000800305e        0x2 
 .text.UART_SetConfig
                0x0000000008003060      0x4e8 ./Drivers/STM32F4xx_HAL_Driver/Src/stm32f4xx_hal_uart.o
 .text.vListInitialise
                0x0000000008003548       0x40 ./ThirdParty/FreeRTOS/list.o
                0x0000000008003548                vListInitialise
 .text.vListInitialiseItem
                0x0000000008003588       0x1a ./ThirdParty/FreeRTOS/list.o
                0x0000000008003588                vListInitialiseItem
 .text.vListInsert
                0x00000000080035a2       0x72 ./ThirdParty/FreeRTOS/list.o
                0x00000000080035a2                vListInsert
 .text.uxListRemove
                0x0000000008003614       0x54 ./ThirdParty/FreeRTOS/list.o
                0x0000000008003614                uxListRemove
 .text.xQueueGenericReset
                0x0000000008003668      0x120 ./ThirdParty/FreeRTOS/queue.o
                0x0000000008003668                xQueueGenericReset
 .text.xQueueGenericCreate
                0x0000000008003788       0x9c ./ThirdParty/FreeRTOS/queue.o
                0x0000000008003788                xQueueGenericCreate
 .text.prvInitialiseNewQueue
                0x0000000008003824       0x46 ./ThirdParty/FreeRTOS/queue.o
 .text.xQueueCreateCountingSemaphore
                0x000000000800386a       0x5c ./ThirdParty/FreeRTOS/queue.o
                0x000000000800386a                xQueueCreateCountingSemaphore
 *fill*         0x00000000080038c6        0x2 
 .text.xQueueGenericSend
                0x00000000080038c8      0x1fc ./ThirdParty/FreeRTOS/queue.o
                0x00000000080038c8                xQueueGenericSend
 .text.xQueueReceive
                0x0000000008003ac4      0x1c0 ./ThirdParty/FreeRTOS/queue.o
                0x0000000008003ac4                xQueueReceive
 .text.xQueueSemaphoreTake
                0x0000000008003c84      0x1fc ./ThirdParty/FreeRTOS/queue.o
                0x0000000008003c84                xQueueSemaphoreTake
 .text.uxQueueMessagesWaiting
                0x0000000008003e80       0x3c ./ThirdParty/FreeRTOS/queue.o
                0x0000000008003e80                uxQueueMessagesWaiting
 .text.prvGetDisinheritPriorityAfterTimeout
                0x0000000008003ebc       0x30 ./ThirdParty/FreeRTOS/queue.o
 .text.prvCopyDataToQueue
                0x0000000008003eec       0xd4 ./ThirdParty/FreeRTOS/queue.o
 .text.prvCopyDataFromQueue
                0x0000000008003fc0       0x4c ./ThirdParty/FreeRTOS/queue.o
 .text.prvUnlockQueue
                0x000000000800400c       0xa4 ./ThirdParty/FreeRTOS/queue.o
 .text.prvIsQueueEmpty
                0x00000000080040b0       0x2c ./ThirdParty/FreeRTOS/queue.o
 .text.prvIsQueueFull
                0x00000000080040dc       0x30 ./ThirdParty/FreeRTOS/queue.o
 .text.vQueueAddToRegistry
                0x000000000800410c       0x9c ./ThirdParty/FreeRTOS/queue.o
                0x000000000800410c                vQueueAddToRegistry
 .text.vQueueWaitForMessageRestricted
                0x00000000080041a8       0x68 ./ThirdParty/FreeRTOS/queue.o
                0x00000000080041a8                vQueueWaitForMessageRestricted
 .text.prvCreateTask
                0x0000000008004210       0x78 ./ThirdParty/FreeRTOS/tasks.o
 .text.xTaskCreate
                0x0000000008004288       0x46 ./ThirdParty/FreeRTOS/tasks.o
                0x0000000008004288                xTaskCreate
 .text.prvInitialiseNewTask
                0x00000000080042ce      0x11c ./ThirdParty/FreeRTOS/tasks.o
 *fill*         0x00000000080043ea        0x2 
 .text.prvAddNewTaskToReadyList
                0x00000000080043ec      0x130 ./ThirdParty/FreeRTOS/tasks.o
 .text.vTaskDelay
                0x000000000800451c       0x68 ./ThirdParty/FreeRTOS/tasks.o
                0x000000000800451c                vTaskDelay
 .text.prvCreateIdleTasks
                0x0000000008004584       0x94 ./ThirdParty/FreeRTOS/tasks.o
 .text.vTaskStartScheduler
                0x0000000008004618       0x88 ./ThirdParty/FreeRTOS/tasks.o
                0x0000000008004618                vTaskStartScheduler
 .text.vTaskSuspendAll
                0x00000000080046a0       0x1c ./ThirdParty/FreeRTOS/tasks.o
                0x00000000080046a0                vTaskSuspendAll
 .text.xTaskResumeAll
                0x00000000080046bc      0x210 ./ThirdParty/FreeRTOS/tasks.o
                0x00000000080046bc                xTaskResumeAll
 .text.xTaskGetTickCount
                0x00000000080048cc       0x20 ./ThirdParty/FreeRTOS/tasks.o
                0x00000000080048cc                xTaskGetTickCount
 .text.xTaskIncrementTick
                0x00000000080048ec      0x230 ./ThirdParty/FreeRTOS/tasks.o
                0x00000000080048ec                xTaskIncrementTick
 .text.vTaskSwitchContext
                0x0000000008004b1c      0x104 ./ThirdParty/FreeRTOS/tasks.o
                0x0000000008004b1c                vTaskSwitchContext
 .text.vTaskPlaceOnEventList
                0x0000000008004c20       0x48 ./ThirdParty/FreeRTOS/tasks.o
                0x0000000008004c20                vTaskPlaceOnEventList
 .text.vTaskPlaceOnEventListRestricted
                0x0000000008004c68       0x8c ./ThirdParty/FreeRTOS/tasks.o
                0x0000000008004c68                vTaskPlaceOnEventListRestricted
 .text.xTaskRemoveFromEventList
                0x0000000008004cf4      0x1b0 ./ThirdParty/FreeRTOS/tasks.o
                0x0000000008004cf4                xTaskRemoveFromEventList
 .text.vTaskInternalSetTimeOutState
                0x0000000008004ea4       0x2c ./ThirdParty/FreeRTOS/tasks.o
                0x0000000008004ea4                vTaskInternalSetTimeOutState
 .text.xTaskCheckForTimeOut
                0x0000000008004ed0       0xcc ./ThirdParty/FreeRTOS/tasks.o
                0x0000000008004ed0                xTaskCheckForTimeOut
 .text.vTaskMissedYield
                0x0000000008004f9c       0x18 ./ThirdParty/FreeRTOS/tasks.o
                0x0000000008004f9c                vTaskMissedYield
 .text.prvIdleTask
                0x0000000008004fb4       0x30 ./ThirdParty/FreeRTOS/tasks.o
 .text.prvInitialiseTaskLists
                0x0000000008004fe4       0x80 ./ThirdParty/FreeRTOS/tasks.o
 .text.prvCheckTasksWaitingTermination
                0x0000000008005064       0x5c ./ThirdParty/FreeRTOS/tasks.o
 .text.prvDeleteTCB
                0x00000000080050c0       0x20 ./ThirdParty/FreeRTOS/tasks.o
 .text.prvResetNextTaskUnblockTime
                0x00000000080050e0       0x38 ./ThirdParty/FreeRTOS/tasks.o
 .text.xTaskGetSchedulerState
                0x0000000008005118       0x3c ./ThirdParty/FreeRTOS/tasks.o
                0x0000000008005118                xTaskGetSchedulerState
 .text.xTaskPriorityInherit
                0x0000000008005154      0x140 ./ThirdParty/FreeRTOS/tasks.o
                0x0000000008005154                xTaskPriorityInherit
 .text.xTaskPriorityDisinherit
                0x0000000008005294      0x14c ./ThirdParty/FreeRTOS/tasks.o
                0x0000000008005294                xTaskPriorityDisinherit
 .text.vTaskPriorityDisinheritAfterTimeout
                0x00000000080053e0      0x174 ./ThirdParty/FreeRTOS/tasks.o
                0x00000000080053e0                vTaskPriorityDisinheritAfterTimeout
 .text.pvTaskIncrementMutexHeldCount
                0x0000000008005554       0x30 ./ThirdParty/FreeRTOS/tasks.o
                0x0000000008005554                pvTaskIncrementMutexHeldCount
 .text.prvAddCurrentTaskToDelayedList
                0x0000000008005584      0x104 ./ThirdParty/FreeRTOS/tasks.o
 .text.xTimerCreateTimerTask
                0x0000000008005688       0x64 ./ThirdParty/FreeRTOS/timers.o
                0x0000000008005688                xTimerCreateTimerTask
 .text.prvReloadTimer
                0x00000000080056ec       0x42 ./ThirdParty/FreeRTOS/timers.o
 *fill*         0x000000000800572e        0x2 
 .text.prvProcessExpiredTimer
                0x0000000008005730       0x60 ./ThirdParty/FreeRTOS/timers.o
 .text.prvTimerTask
                0x0000000008005790       0x24 ./ThirdParty/FreeRTOS/timers.o
 .text.prvProcessTimerOrBlockTask
                0x00000000080057b4       0x9c ./ThirdParty/FreeRTOS/timers.o
 .text.prvGetNextExpireTime
                0x0000000008005850       0x48 ./ThirdParty/FreeRTOS/timers.o
 .text.prvSampleTimeNow
                0x0000000008005898       0x40 ./ThirdParty/FreeRTOS/timers.o
 .text.prvInsertTimerInActiveList
                0x00000000080058d8       0x84 ./ThirdParty/FreeRTOS/timers.o
 .text.prvProcessReceivedCommands
                0x000000000800595c      0x1c0 ./ThirdParty/FreeRTOS/timers.o
 .text.prvSwitchTimerLists
                0x0000000008005b1c       0x4c ./ThirdParty/FreeRTOS/timers.o
 .text.prvCheckForValidListAndQueue
                0x0000000008005b68       0x6c ./ThirdParty/FreeRTOS/timers.o
 .text.pxPortInitialiseStack
                0x0000000008005bd4       0x68 ./ThirdParty/FreeRTOS/portable/GCC/ARM_CM4F/port.o
                0x0000000008005bd4                pxPortInitialiseStack
 .text.prvTaskExitError
                0x0000000008005c3c       0x58 ./ThirdParty/FreeRTOS/portable/GCC/ARM_CM4F/port.o
 *fill*         0x0000000008005c94        0xc 
 .text.SVC_Handler
                0x0000000008005ca0       0x28 ./ThirdParty/FreeRTOS/portable/GCC/ARM_CM4F/port.o
                0x0000000008005ca0                SVC_Handler
 .text.prvPortStartFirstTask
                0x0000000008005cc8       0x2c ./ThirdParty/FreeRTOS/portable/GCC/ARM_CM4F/port.o
 .text.xPortStartScheduler
                0x0000000008005cf4      0x1d4 ./ThirdParty/FreeRTOS/portable/GCC/ARM_CM4F/port.o
                0x0000000008005cf4                xPortStartScheduler
 .text.vPortEnterCritical
                0x0000000008005ec8       0x60 ./ThirdParty/FreeRTOS/portable/GCC/ARM_CM4F/port.o
                0x0000000008005ec8                vPortEnterCritical
 .text.vPortExitCritical
                0x0000000008005f28       0x54 ./ThirdParty/FreeRTOS/portable/GCC/ARM_CM4F/port.o
                0x0000000008005f28                vPortExitCritical
 *fill*         0x0000000008005f7c        0x4 
 .text.PendSV_Handler
                0x0000000008005f80       0x68 ./ThirdParty/FreeRTOS/portable/GCC/ARM_CM4F/port.o
                0x0000000008005f80                PendSV_Handler
 .text.SysTick_Handler
                0x0000000008005fe8       0x44 ./ThirdParty/FreeRTOS/portable/GCC/ARM_CM4F/port.o
                0x0000000008005fe8                SysTick_Handler
 .text.vPortSetupTimerInterrupt
                0x000000000800602c       0x48 ./ThirdParty/FreeRTOS/portable/GCC/ARM_CM4F/port.o
                0x000000000800602c                vPortSetupTimerInterrupt
 .text.vPortEnableVFP
                0x0000000008006074       0x18 ./ThirdParty/FreeRTOS/portable/GCC/ARM_CM4F/port.o
 .text.pvPortMalloc
                0x000000000800608c      0x260 ./ThirdParty/FreeRTOS/portable/MemMang/heap_4.o
                0x000000000800608c                pvPortMalloc
 .text.vPortFree
                0x00000000080062ec       0xf0 ./ThirdParty/FreeRTOS/portable/MemMang/heap_4.o
                0x00000000080062ec                vPortFree
 .text.prvHeapInit
                0x00000000080063dc       0xb4 ./ThirdParty/FreeRTOS/portable/MemMang/heap_4.o
 .text.prvInsertBlockIntoFreeList
                0x0000000008006490       0xf4 ./ThirdParty/FreeRTOS/portable/MemMang/heap_4.o
 .text._vsnprintf_r
                0x0000000008006584       0x56 E:/STM32CubeIDE/STM32CubeIDE_1.14.0/STM32CubeIDE/plugins/com.st.stm32cube.ide.mcu.externaltools.gnu-tools-for-stm32.11.3.rel1.win32_1.1.100.202309141235/tools/bin/../lib/gcc/arm-none-eabi/11.3.1/../../../../arm-none-eabi/lib/thumb/v7e-m+fp/hard\libc_nano.a(libc_a-vsnprintf.o)
                0x0000000008006584                _vsniprintf_r
                0x0000000008006584                _vsnprintf_r
 *fill*         0x00000000080065da        0x2 
 .text.vsnprintf
                0x00000000080065dc       0x1c E:/STM32CubeIDE/STM32CubeIDE_1.14.0/STM32CubeIDE/plugins/com.st.stm32cube.ide.mcu.externaltools.gnu-tools-for-stm32.11.3.rel1.win32_1.1.100.202309141235/tools/bin/../lib/gcc/arm-none-eabi/11.3.1/../../../../arm-none-eabi/lib/thumb/v7e-m+fp/hard\libc_nano.a(libc_a-vsnprintf.o)
                0x00000000080065dc                vsniprintf
                0x00000000080065dc                vsnprintf
 .text.memset   0x00000000080065f8       0x10 E:/STM32CubeIDE/STM32CubeIDE_1.14.0/STM32CubeIDE/plugins/com.st.stm32cube.ide.mcu.externaltools.gnu-tools-for-stm32.11.3.rel1.win32_1.1.100.202309141235/tools/bin/../lib/gcc/arm-none-eabi/11.3.1/../../../../arm-none-eabi/lib/thumb/v7e-m+fp/hard\libc_nano.a(libc_a-memset.o)
                0x00000000080065f8                memset
 .text.__libc_init_array
                0x0000000008006608       0x48 E:/STM32CubeIDE/STM32CubeIDE_1.14.0/STM32CubeIDE/plugins/com.st.stm32cube.ide.mcu.externaltools.gnu-tools-for-stm32.11.3.rel1.win32_1.1.100.202309141235/tools/bin/../lib/gcc/arm-none-eabi/11.3.1/../../../../arm-none-eabi/lib/thumb/v7e-m+fp/hard\libc_nano.a(libc_a-init.o)
                0x0000000008006608                __libc_init_array
 .text.__retarget_lock_acquire_recursive
                0x0000000008006650        0x2 E:/STM32CubeIDE/STM32CubeIDE_1.14.0/STM32CubeIDE/plugins/com.st.stm32cube.ide.mcu.externaltools.gnu-tools-for-stm32.11.3.rel1.win32_1.1.100.202309141235/tools/bin/../lib/gcc/arm-none-eabi/11.3.1/../../../../arm-none-eabi/lib/thumb/v7e-m+fp/hard\libc_nano.a(libc_a-lock.o)
                0x0000000008006650                __retarget_lock_acquire_recursive
 .text.__retarget_lock_release_recursive
                0x0000000008006652        0x2 E:/STM32CubeIDE/STM32CubeIDE_1.14.0/STM32CubeIDE/plugins/com.st.stm32cube.ide.mcu.externaltools.gnu-tools-for-stm32.11.3.rel1.win32_1.1.100.202309141235/tools/bin/../lib/gcc/arm-none-eabi/11.3.1/../../../../arm-none-eabi/lib/thumb/v7e-m+fp/hard\libc_nano.a(libc_a-lock.o)
                0x0000000008006652                __retarget_lock_release_recursive
 .text.memcpy   0x0000000008006654       0x1c E:/STM32CubeIDE/STM32CubeIDE_1.14.0/STM32CubeIDE/plugins/com.st.stm32cube.ide.mcu.externaltools.gnu-tools-for-stm32.11.3.rel1.win32_1.1.100.202309141235/tools/bin/../lib/gcc/arm-none-eabi/11.3.1/../../../../arm-none-eabi/lib/thumb/v7e-m+fp/hard\libc_nano.a(libc_a-memcpy-stub.o)
                0x0000000008006654                memcpy
 .text._free_r  0x0000000008006670       0x98 E:/STM32CubeIDE/STM32CubeIDE_1.14.0/STM32CubeIDE/plugins/com.st.stm32cube.ide.mcu.externaltools.gnu-tools-for-stm32.11.3.rel1.win32_1.1.100.202309141235/tools/bin/../lib/gcc/arm-none-eabi/11.3.1/../../../../arm-none-eabi/lib/thumb/v7e-m+fp/hard\libc_nano.a(libc_a-freer.o)
                0x0000000008006670                _free_r
 .text.sbrk_aligned
                0x0000000008006708       0x40 E:/STM32CubeIDE/STM32CubeIDE_1.14.0/STM32CubeIDE/plugins/com.st.stm32cube.ide.mcu.externaltools.gnu-tools-for-stm32.11.3.rel1.win32_1.1.100.202309141235/tools/bin/../lib/gcc/arm-none-eabi/11.3.1/../../../../arm-none-eabi/lib/thumb/v7e-m+fp/hard\libc_nano.a(libc_a-mallocr.o)
 .text._malloc_r
                0x0000000008006748      0x100 E:/STM32CubeIDE/STM32CubeIDE_1.14.0/STM32CubeIDE/plugins/com.st.stm32cube.ide.mcu.externaltools.gnu-tools-for-stm32.11.3.rel1.win32_1.1.100.202309141235/tools/bin/../lib/gcc/arm-none-eabi/11.3.1/../../../../arm-none-eabi/lib/thumb/v7e-m+fp/hard\libc_nano.a(libc_a-mallocr.o)
                0x0000000008006748                _malloc_r
 .text.__malloc_lock
                0x0000000008006848        0xc E:/STM32CubeIDE/STM32CubeIDE_1.14.0/STM32CubeIDE/plugins/com.st.stm32cube.ide.mcu.externaltools.gnu-tools-for-stm32.11.3.rel1.win32_1.1.100.202309141235/tools/bin/../lib/gcc/arm-none-eabi/11.3.1/../../../../arm-none-eabi/lib/thumb/v7e-m+fp/hard\libc_nano.a(libc_a-mlock.o)
                0x0000000008006848                __malloc_lock
 .text.__malloc_unlock
                0x0000000008006854        0xc E:/STM32CubeIDE/STM32CubeIDE_1.14.0/STM32CubeIDE/plugins/com.st.stm32cube.ide.mcu.externaltools.gnu-tools-for-stm32.11.3.rel1.win32_1.1.100.202309141235/tools/bin/../lib/gcc/arm-none-eabi/11.3.1/../../../../arm-none-eabi/lib/thumb/v7e-m+fp/hard\libc_nano.a(libc_a-mlock.o)
                0x0000000008006854                __malloc_unlock
 .text.__ssputs_r
                0x0000000008006860       0xb4 E:/STM32CubeIDE/STM32CubeIDE_1.14.0/STM32CubeIDE/plugins/com.st.stm32cube.ide.mcu.externaltools.gnu-tools-for-stm32.11.3.rel1.win32_1.1.100.202309141235/tools/bin/../lib/gcc/arm-none-eabi/11.3.1/../../../../arm-none-eabi/lib/thumb/v7e-m+fp/hard\libc_nano.a(libc_a-nano-svfprintf.o)
                0x0000000008006860                __ssputs_r
 .text._svfprintf_r
                0x0000000008006914      0x1fc E:/STM32CubeIDE/STM32CubeIDE_1.14.0/STM32CubeIDE/plugins/com.st.stm32cube.ide.mcu.externaltools.gnu-tools-for-stm32.11.3.rel1.win32_1.1.100.202309141235/tools/bin/../lib/gcc/arm-none-eabi/11.3.1/../../../../arm-none-eabi/lib/thumb/v7e-m+fp/hard\libc_nano.a(libc_a-nano-svfprintf.o)
                0x0000000008006914                _svfiprintf_r
                0x0000000008006914                _svfprintf_r
 .text._printf_common
                0x0000000008006b10       0xda E:/STM32CubeIDE/STM32CubeIDE_1.14.0/STM32CubeIDE/plugins/com.st.stm32cube.ide.mcu.externaltools.gnu-tools-for-stm32.11.3.rel1.win32_1.1.100.202309141235/tools/bin/../lib/gcc/arm-none-eabi/11.3.1/../../../../arm-none-eabi/lib/thumb/v7e-m+fp/hard\libc_nano.a(libc_a-nano-vfprintf_i.o)
                0x0000000008006b10                _printf_common
 *fill*         0x0000000008006bea        0x2 
 .text._printf_i
                0x0000000008006bec      0x244 E:/STM32CubeIDE/STM32CubeIDE_1.14.0/STM32CubeIDE/plugins/com.st.stm32cube.ide.mcu.externaltools.gnu-tools-for-stm32.11.3.rel1.win32_1.1.100.202309141235/tools/bin/../lib/gcc/arm-none-eabi/11.3.1/../../../../arm-none-eabi/lib/thumb/v7e-m+fp/hard\libc_nano.a(libc_a-nano-vfprintf_i.o)
                0x0000000008006bec                _printf_i
 .text.memmove  0x0000000008006e30       0x34 E:/STM32CubeIDE/STM32CubeIDE_1.14.0/STM32CubeIDE/plugins/com.st.stm32cube.ide.mcu.externaltools.gnu-tools-for-stm32.11.3.rel1.win32_1.1.100.202309141235/tools/bin/../lib/gcc/arm-none-eabi/11.3.1/../../../../arm-none-eabi/lib/thumb/v7e-m+fp/hard\libc_nano.a(libc_a-memmove.o)
                0x0000000008006e30                memmove
 .text._sbrk_r  0x0000000008006e64       0x20 E:/STM32CubeIDE/STM32CubeIDE_1.14.0/STM32CubeIDE/plugins/com.st.stm32cube.ide.mcu.externaltools.gnu-tools-for-stm32.11.3.rel1.win32_1.1.100.202309141235/tools/bin/../lib/gcc/arm-none-eabi/11.3.1/../../../../arm-none-eabi/lib/thumb/v7e-m+fp/hard\libc_nano.a(libc_a-sbrkr.o)
                0x0000000008006e64                _sbrk_r
 .text._realloc_r
                0x0000000008006e84       0x5e E:/STM32CubeIDE/STM32CubeIDE_1.14.0/STM32CubeIDE/plugins/com.st.stm32cube.ide.mcu.externaltools.gnu-tools-for-stm32.11.3.rel1.win32_1.1.100.202309141235/tools/bin/../lib/gcc/arm-none-eabi/11.3.1/../../../../arm-none-eabi/lib/thumb/v7e-m+fp/hard\libc_nano.a(libc_a-reallocr.o)
                0x0000000008006e84                _realloc_r
 .text._malloc_usable_size_r
                0x0000000008006ee2       0x10 E:/STM32CubeIDE/STM32CubeIDE_1.14.0/STM32CubeIDE/plugins/com.st.stm32cube.ide.mcu.externaltools.gnu-tools-for-stm32.11.3.rel1.win32_1.1.100.202309141235/tools/bin/../lib/gcc/arm-none-eabi/11.3.1/../../../../arm-none-eabi/lib/thumb/v7e-m+fp/hard\libc_nano.a(libc_a-msizer.o)
                0x0000000008006ee2                _malloc_usable_size_r
 *fill*         0x0000000008006ef2        0x2 
 .text._sbrk    0x0000000008006ef4       0x1c E:/STM32CubeIDE/STM32CubeIDE_1.14.0/STM32CubeIDE/plugins/com.st.stm32cube.ide.mcu.externaltools.gnu-tools-for-stm32.11.3.rel1.win32_1.1.100.202309141235/tools/bin/../lib/gcc/arm-none-eabi/11.3.1/../../../../arm-none-eabi/lib/thumb/v7e-m+fp/hard\libnosys.a(sbrk.o)
                0x0000000008006ef4                _sbrk
 *(.glue_7)
 .glue_7        0x0000000008006f10        0x0 linker stubs
 *(.glue_7t)
 .glue_7t       0x0000000008006f10        0x0 linker stubs
 *(.eh_frame)
 .eh_frame      0x0000000008006f10        0x0 E:/STM32CubeIDE/STM32CubeIDE_1.14.0/STM32CubeIDE/plugins/com.st.stm32cube.ide.mcu.externaltools.gnu-tools-for-stm32.11.3.rel1.win32_1.1.100.202309141235/tools/bin/../lib/gcc/arm-none-eabi/11.3.1/thumb/v7e-m+fp/hard/crtbegin.o
 *(.init)
 .init          0x0000000008006f10        0x4 E:/STM32CubeIDE/STM32CubeIDE_1.14.0/STM32CubeIDE/plugins/com.st.stm32cube.ide.mcu.externaltools.gnu-tools-for-stm32.11.3.rel1.win32_1.1.100.202309141235/tools/bin/../lib/gcc/arm-none-eabi/11.3.1/thumb/v7e-m+fp/hard/crti.o
                0x0000000008006f10                _init
 .init          0x0000000008006f14        0x8 E:/STM32CubeIDE/STM32CubeIDE_1.14.0/STM32CubeIDE/plugins/com.st.stm32cube.ide.mcu.externaltools.gnu-tools-for-stm32.11.3.rel1.win32_1.1.100.202309141235/tools/bin/../lib/gcc/arm-none-eabi/11.3.1/thumb/v7e-m+fp/hard/crtn.o
 *(.fini)
 .fini          0x0000000008006f1c        0x4 E:/STM32CubeIDE/STM32CubeIDE_1.14.0/STM32CubeIDE/plugins/com.st.stm32cube.ide.mcu.externaltools.gnu-tools-for-stm32.11.3.rel1.win32_1.1.100.202309141235/tools/bin/../lib/gcc/arm-none-eabi/11.3.1/thumb/v7e-m+fp/hard/crti.o
                0x0000000008006f1c                _fini
 .fini          0x0000000008006f20        0x8 E:/STM32CubeIDE/STM32CubeIDE_1.14.0/STM32CubeIDE/plugins/com.st.stm32cube.ide.mcu.externaltools.gnu-tools-for-stm32.11.3.rel1.win32_1.1.100.202309141235/tools/bin/../lib/gcc/arm-none-eabi/11.3.1/thumb/v7e-m+fp/hard/crtn.o
                0x0000000008006f28                . = ALIGN (0x4)
                0x0000000008006f28                _etext = .

.vfp11_veneer   0x0000000008006f28        0x0
 .vfp11_veneer  0x0000000008006f28        0x0 linker stubs

.v4_bx          0x0000000008006f28        0x0
 .v4_bx         0x0000000008006f28        0x0 linker stubs

.iplt           0x0000000008006f28        0x0
 .iplt          0x0000000008006f28        0x0 E:/STM32CubeIDE/STM32CubeIDE_1.14.0/STM32CubeIDE/plugins/com.st.stm32cube.ide.mcu.externaltools.gnu-tools-for-stm32.11.3.rel1.win32_1.1.100.202309141235/tools/bin/../lib/gcc/arm-none-eabi/11.3.1/thumb/v7e-m+fp/hard/crtbegin.o

.rodata         0x0000000008006f28      0x120
                0x0000000008006f28                . = ALIGN (0x4)
 *(.rodata)
 .rodata        0x0000000008006f28       0xa5 ./Core/Src/main.o
 *fill*         0x0000000008006fcd        0x3 
 .rodata        0x0000000008006fd0        0x5 ./ThirdParty/FreeRTOS/tasks.o
 *fill*         0x0000000008006fd5        0x3 
 .rodata        0x0000000008006fd8        0xd ./ThirdParty/FreeRTOS/timers.o
 *(.rodata*)
 *fill*         0x0000000008006fe5        0x3 
 .rodata.g_apcCars
                0x0000000008006fe8       0x14 ./Core/Src/main.o
 .rodata.AHBPrescTable
                0x0000000008006ffc       0x10 ./Core/Src/system_stm32f4xx.o
                0x0000000008006ffc                AHBPrescTable
 .rodata.APBPrescTable
                0x000000000800700c        0x8 ./Core/Src/system_stm32f4xx.o
                0x000000000800700c                APBPrescTable
 .rodata._svfprintf_r.str1.1
                0x0000000008007014       0x11 E:/STM32CubeIDE/STM32CubeIDE_1.14.0/STM32CubeIDE/plugins/com.st.stm32cube.ide.mcu.externaltools.gnu-tools-for-stm32.11.3.rel1.win32_1.1.100.202309141235/tools/bin/../lib/gcc/arm-none-eabi/11.3.1/../../../../arm-none-eabi/lib/thumb/v7e-m+fp/hard\libc_nano.a(libc_a-nano-svfprintf.o)
 .rodata._printf_i.str1.1
                0x0000000008007025       0x22 E:/STM32CubeIDE/STM32CubeIDE_1.14.0/STM32CubeIDE/plugins/com.st.stm32cube.ide.mcu.externaltools.gnu-tools-for-stm32.11.3.rel1.win32_1.1.100.202309141235/tools/bin/../lib/gcc/arm-none-eabi/11.3.1/../../../../arm-none-eabi/lib/thumb/v7e-m+fp/hard\libc_nano.a(libc_a-nano-vfprintf_i.o)
                0x0000000008007048                . = ALIGN (0x4)
 *fill*         0x0000000008007047        0x1 

.ARM.extab      0x0000000008007048        0x0
                0x0000000008007048                . = ALIGN (0x4)
 *(.ARM.extab* .gnu.linkonce.armextab.*)
                0x0000000008007048                . = ALIGN (0x4)

.ARM            0x0000000008007048        0x8
                0x0000000008007048                . = ALIGN (0x4)
                0x0000000008007048                __exidx_start = .
 *(.ARM.exidx*)
 .ARM.exidx     0x0000000008007048        0x8 E:/STM32CubeIDE/STM32CubeIDE_1.14.0/STM32CubeIDE/plugins/com.st.stm32cube.ide.mcu.externaltools.gnu-tools-for-stm32.11.3.rel1.win32_1.1.100.202309141235/tools/bin/../lib/gcc/arm-none-eabi/11.3.1/thumb/v7e-m+fp/hard\libgcc.a(_udivmoddi4.o)
                0x0000000008007050                __exidx_end = .
                0x0000000008007050                . = ALIGN (0x4)

.rel.dyn        0x0000000008007050        0x0
 .rel.iplt      0x0000000008007050        0x0 E:/STM32CubeIDE/STM32CubeIDE_1.14.0/STM32CubeIDE/plugins/com.st.stm32cube.ide.mcu.externaltools.gnu-tools-for-stm32.11.3.rel1.win32_1.1.100.202309141235/tools/bin/../lib/gcc/arm-none-eabi/11.3.1/thumb/v7e-m+fp/hard/crtbegin.o

.preinit_array  0x0000000008007050        0x0
                0x0000000008007050                . = ALIGN (0x4)
                0x0000000008007050                PROVIDE (__preinit_array_start = .)
 *(.preinit_array*)
                0x0000000008007050                PROVIDE (__preinit_array_end = .)
                0x0000000008007050                . = ALIGN (0x4)

.init_array     0x0000000008007050        0x4
                0x0000000008007050                . = ALIGN (0x4)
                0x0000000008007050                PROVIDE (__init_array_start = .)
 *(SORT_BY_NAME(.init_array.*))
 *(.init_array*)
 .init_array    0x0000000008007050        0x4 E:/STM32CubeIDE/STM32CubeIDE_1.14.0/STM32CubeIDE/plugins/com.st.stm32cube.ide.mcu.externaltools.gnu-tools-for-stm32.11.3.rel1.win32_1.1.100.202309141235/tools/bin/../lib/gcc/arm-none-eabi/11.3.1/thumb/v7e-m+fp/hard/crtbegin.o
                0x0000000008007054                PROVIDE (__init_array_end = .)
                0x0000000008007054                . = ALIGN (0x4)

.fini_array     0x0000000008007054        0x4
                0x0000000008007054                . = ALIGN (0x4)
                [!provide]                        PROVIDE (__fini_array_start = .)
 *(SORT_BY_NAME(.fini_array.*))
 *(.fini_array*)
 .fini_array    0x0000000008007054        0x4 E:/STM32CubeIDE/STM32CubeIDE_1.14.0/STM32CubeIDE/plugins/com.st.stm32cube.ide.mcu.externaltools.gnu-tools-for-stm32.11.3.rel1.win32_1.1.100.202309141235/tools/bin/../lib/gcc/arm-none-eabi/11.3.1/thumb/v7e-m+fp/hard/crtbegin.o
                [!provide]                        PROVIDE (__fini_array_end = .)
                0x0000000008007058                . = ALIGN (0x4)
                0x0000000008007058                _sidata = LOADADDR (.data)

.data           0x0000000020000000       0x64 load address 0x0000000008007058
                0x0000000020000000                . = ALIGN (0x4)
                0x0000000020000000                _sdata = .
 *(.data)
 *(.data*)
 .data.SystemCoreClock
                0x0000000020000000        0x4 ./Core/Src/system_stm32f4xx.o
                0x0000000020000000                SystemCoreClock
 .data.uwTickPrio
                0x0000000020000004        0x4 ./Drivers/STM32F4xx_HAL_Driver/Src/stm32f4xx_hal.o
                0x0000000020000004                uwTickPrio
 .data.uwTickFreq
                0x0000000020000008        0x1 ./Drivers/STM32F4xx_HAL_Driver/Src/stm32f4xx_hal.o
                0x0000000020000008                uwTickFreq
 *fill*         0x0000000020000009        0x3 
 .data.uxTopUsedPriority
                0x000000002000000c        0x4 ./ThirdParty/FreeRTOS/tasks.o
 .data.uxCriticalNesting
                0x0000000020000010        0x4 ./ThirdParty/FreeRTOS/portable/GCC/ARM_CM4F/port.o
 .data._impure_data
                0x0000000020000014       0x4c E:/STM32CubeIDE/STM32CubeIDE_1.14.0/STM32CubeIDE/plugins/com.st.stm32cube.ide.mcu.externaltools.gnu-tools-for-stm32.11.3.rel1.win32_1.1.100.202309141235/tools/bin/../lib/gcc/arm-none-eabi/11.3.1/../../../../arm-none-eabi/lib/thumb/v7e-m+fp/hard\libc_nano.a(libc_a-impure.o)
                0x0000000020000014                _impure_data
 .data._impure_ptr
                0x0000000020000060        0x4 E:/STM32CubeIDE/STM32CubeIDE_1.14.0/STM32CubeIDE/plugins/com.st.stm32cube.ide.mcu.externaltools.gnu-tools-for-stm32.11.3.rel1.win32_1.1.100.202309141235/tools/bin/../lib/gcc/arm-none-eabi/11.3.1/../../../../arm-none-eabi/lib/thumb/v7e-m+fp/hard\libc_nano.a(libc_a-impure.o)
                0x0000000020000060                _impure_ptr
 *(.RamFunc)
 *(.RamFunc*)
                0x0000000020000064                . = ALIGN (0x4)
                0x0000000020000064                _edata = .
                0x00000000080070bc                _siccmram = LOADADDR (.ccmram)

.igot.plt       0x0000000020000064        0x0 load address 0x00000000080070bc
 .igot.plt      0x0000000020000064        0x0 E:/STM32CubeIDE/STM32CubeIDE_1.14.0/STM32CubeIDE/plugins/com.st.stm32cube.ide.mcu.externaltools.gnu-tools-for-stm32.11.3.rel1.win32_1.1.100.202309141235/tools/bin/../lib/gcc/arm-none-eabi/11.3.1/thumb/v7e-m+fp/hard/crtbegin.o

.ccmram         0x0000000010000000        0x0 load address 0x00000000080070bc
                0x0000000010000000                . = ALIGN (0x4)
                0x0000000010000000                _sccmram = .
 *(.ccmram)
 *(.ccmram*)
                0x0000000010000000                . = ALIGN (0x4)
                0x0000000010000000                _eccmram = .
                0x0000000010000000                . = ALIGN (0x4)

.bss            0x0000000020000064     0xcc6c
                0x0000000020000064                _sbss = .
                0x0000000020000064                __bss_start__ = _sbss
 *(.bss)
 .bss           0x0000000020000064       0x1c E:/STM32CubeIDE/STM32CubeIDE_1.14.0/STM32CubeIDE/plugins/com.st.stm32cube.ide.mcu.externaltools.gnu-tools-for-stm32.11.3.rel1.win32_1.1.100.202309141235/tools/bin/../lib/gcc/arm-none-eabi/11.3.1/thumb/v7e-m+fp/hard/crtbegin.o
 *(.bss*)
 .bss.g_acBuf   0x0000000020000080       0xc8 ./Core/Src/main.o
 .bss.g_xParkingSem
                0x0000000020000148        0x4 ./Core/Src/main.o
 .bss.huart2    0x000000002000014c       0x48 ./Core/Src/main.o
                0x000000002000014c                huart2
 .bss.htim6     0x0000000020000194       0x48 ./Core/Src/stm32f4xx_hal_timebase_tim.o
                0x0000000020000194                htim6
 .bss.uwTick    0x00000000200001dc        0x4 ./Drivers/STM32F4xx_HAL_Driver/Src/stm32f4xx_hal.o
                0x00000000200001dc                uwTick
 .bss.xQueueRegistry
                0x00000000200001e0       0x40 ./ThirdParty/FreeRTOS/queue.o
                0x00000000200001e0                xQueueRegistry
 .bss.pxCurrentTCB
                0x0000000020000220        0x4 ./ThirdParty/FreeRTOS/tasks.o
                0x0000000020000220                pxCurrentTCB
 .bss.pxReadyTasksLists
                0x0000000020000224       0x64 ./ThirdParty/FreeRTOS/tasks.o
 .bss.xDelayedTaskList1
                0x0000000020000288       0x14 ./ThirdParty/FreeRTOS/tasks.o
 .bss.xDelayedTaskList2
                0x000000002000029c       0x14 ./ThirdParty/FreeRTOS/tasks.o
 .bss.pxDelayedTaskList
                0x00000000200002b0        0x4 ./ThirdParty/FreeRTOS/tasks.o
 .bss.pxOverflowDelayedTaskList
                0x00000000200002b4        0x4 ./ThirdParty/FreeRTOS/tasks.o
 .bss.xPendingReadyList
                0x00000000200002b8       0x14 ./ThirdParty/FreeRTOS/tasks.o
 .bss.xTasksWaitingTermination
                0x00000000200002cc       0x14 ./ThirdParty/FreeRTOS/tasks.o
 .bss.uxDeletedTasksWaitingCleanUp
                0x00000000200002e0        0x4 ./ThirdParty/FreeRTOS/tasks.o
 .bss.xSuspendedTaskList
                0x00000000200002e4       0x14 ./ThirdParty/FreeRTOS/tasks.o
 .bss.uxCurrentNumberOfTasks
                0x00000000200002f8        0x4 ./ThirdParty/FreeRTOS/tasks.o
 .bss.xTickCount
                0x00000000200002fc        0x4 ./ThirdParty/FreeRTOS/tasks.o
 .bss.uxTopReadyPriority
                0x0000000020000300        0x4 ./ThirdParty/FreeRTOS/tasks.o
 .bss.xSchedulerRunning
                0x0000000020000304        0x4 ./ThirdParty/FreeRTOS/tasks.o
 .bss.xPendedTicks
                0x0000000020000308        0x4 ./ThirdParty/FreeRTOS/tasks.o
 .bss.xYieldPendings
                0x000000002000030c        0x4 ./ThirdParty/FreeRTOS/tasks.o
 .bss.xNumOfOverflows
                0x0000000020000310        0x4 ./ThirdParty/FreeRTOS/tasks.o
 .bss.uxTaskNumber
                0x0000000020000314        0x4 ./ThirdParty/FreeRTOS/tasks.o
 .bss.xNextTaskUnblockTime
                0x0000000020000318        0x4 ./ThirdParty/FreeRTOS/tasks.o
 .bss.xIdleTaskHandles
                0x000000002000031c        0x4 ./ThirdParty/FreeRTOS/tasks.o
 .bss.uxSchedulerSuspended
                0x0000000020000320        0x4 ./ThirdParty/FreeRTOS/tasks.o
 .bss.xActiveTimerList1
                0x0000000020000324       0x14 ./ThirdParty/FreeRTOS/timers.o
 .bss.xActiveTimerList2
                0x0000000020000338       0x14 ./ThirdParty/FreeRTOS/timers.o
 .bss.pxCurrentTimerList
                0x000000002000034c        0x4 ./ThirdParty/FreeRTOS/timers.o
 .bss.pxOverflowTimerList
                0x0000000020000350        0x4 ./ThirdParty/FreeRTOS/timers.o
 .bss.xTimerQueue
                0x0000000020000354        0x4 ./ThirdParty/FreeRTOS/timers.o
 .bss.xTimerTaskHandle
                0x0000000020000358        0x4 ./ThirdParty/FreeRTOS/timers.o
 .bss.xLastTime.0
                0x000000002000035c        0x4 ./ThirdParty/FreeRTOS/timers.o
 .bss.ucMaxSysCallPriority
                0x0000000020000360        0x1 ./ThirdParty/FreeRTOS/portable/GCC/ARM_CM4F/port.o
 *fill*         0x0000000020000361        0x3 
 .bss.ulMaxPRIGROUPValue
                0x0000000020000364        0x4 ./ThirdParty/FreeRTOS/portable/GCC/ARM_CM4F/port.o
 .bss.ucHeap    0x0000000020000368     0xc800 ./ThirdParty/FreeRTOS/portable/MemMang/heap_4.o
 .bss.xStart    0x000000002000cb68        0x8 ./ThirdParty/FreeRTOS/portable/MemMang/heap_4.o
 .bss.pxEnd     0x000000002000cb70        0x4 ./ThirdParty/FreeRTOS/portable/MemMang/heap_4.o
 .bss.xFreeBytesRemaining
                0x000000002000cb74        0x4 ./ThirdParty/FreeRTOS/portable/MemMang/heap_4.o
 .bss.xMinimumEverFreeBytesRemaining
                0x000000002000cb78        0x4 ./ThirdParty/FreeRTOS/portable/MemMang/heap_4.o
 .bss.xNumberOfSuccessfulAllocations
                0x000000002000cb7c        0x4 ./ThirdParty/FreeRTOS/portable/MemMang/heap_4.o
 .bss.xNumberOfSuccessfulFrees
                0x000000002000cb80        0x4 ./ThirdParty/FreeRTOS/portable/MemMang/heap_4.o
 .bss.__sf      0x000000002000cb84      0x138 E:/STM32CubeIDE/STM32CubeIDE_1.14.0/STM32CubeIDE/plugins/com.st.stm32cube.ide.mcu.externaltools.gnu-tools-for-stm32.11.3.rel1.win32_1.1.100.202309141235/tools/bin/../lib/gcc/arm-none-eabi/11.3.1/../../../../arm-none-eabi/lib/thumb/v7e-m+fp/hard\libc_nano.a(libc_a-findfp.o)
                0x000000002000cb84                __sf
 .bss.errno     0x000000002000ccbc        0x4 E:/STM32CubeIDE/STM32CubeIDE_1.14.0/STM32CubeIDE/plugins/com.st.stm32cube.ide.mcu.externaltools.gnu-tools-for-stm32.11.3.rel1.win32_1.1.100.202309141235/tools/bin/../lib/gcc/arm-none-eabi/11.3.1/../../../../arm-none-eabi/lib/thumb/v7e-m+fp/hard\libc_nano.a(libc_a-reent.o)
                0x000000002000ccbc                errno
 .bss.__lock___malloc_recursive_mutex
                0x000000002000ccc0        0x1 E:/STM32CubeIDE/STM32CubeIDE_1.14.0/STM32CubeIDE/plugins/com.st.stm32cube.ide.mcu.externaltools.gnu-tools-for-stm32.11.3.rel1.win32_1.1.100.202309141235/tools/bin/../lib/gcc/arm-none-eabi/11.3.1/../../../../arm-none-eabi/lib/thumb/v7e-m+fp/hard\libc_nano.a(libc_a-lock.o)
                0x000000002000ccc0                __lock___malloc_recursive_mutex
 *fill*         0x000000002000ccc1        0x3 
 .bss.__malloc_free_list
                0x000000002000ccc4        0x4 E:/STM32CubeIDE/STM32CubeIDE_1.14.0/STM32CubeIDE/plugins/com.st.stm32cube.ide.mcu.externaltools.gnu-tools-for-stm32.11.3.rel1.win32_1.1.100.202309141235/tools/bin/../lib/gcc/arm-none-eabi/11.3.1/../../../../arm-none-eabi/lib/thumb/v7e-m+fp/hard\libc_nano.a(libc_a-mallocr.o)
                0x000000002000ccc4                __malloc_free_list
 .bss.__malloc_sbrk_start
                0x000000002000ccc8        0x4 E:/STM32CubeIDE/STM32CubeIDE_1.14.0/STM32CubeIDE/plugins/com.st.stm32cube.ide.mcu.externaltools.gnu-tools-for-stm32.11.3.rel1.win32_1.1.100.202309141235/tools/bin/../lib/gcc/arm-none-eabi/11.3.1/../../../../arm-none-eabi/lib/thumb/v7e-m+fp/hard\libc_nano.a(libc_a-mallocr.o)
                0x000000002000ccc8                __malloc_sbrk_start
 .bss.heap_end.0
                0x000000002000cccc        0x4 E:/STM32CubeIDE/STM32CubeIDE_1.14.0/STM32CubeIDE/plugins/com.st.stm32cube.ide.mcu.externaltools.gnu-tools-for-stm32.11.3.rel1.win32_1.1.100.202309141235/tools/bin/../lib/gcc/arm-none-eabi/11.3.1/../../../../arm-none-eabi/lib/thumb/v7e-m+fp/hard\libnosys.a(sbrk.o)
 *(COMMON)
                0x000000002000ccd0                . = ALIGN (0x4)
                0x000000002000ccd0                _ebss = .
                0x000000002000ccd0                __bss_end__ = _ebss

._user_heap_stack
                0x000000002000ccd0      0x600
                0x000000002000ccd0                . = ALIGN (0x8)
                0x000000002000ccd0                PROVIDE (end = .)
                [!provide]                        PROVIDE (_end = .)
                0x000000002000ced0                . = (. + _Min_Heap_Size)
 *fill*         0x000000002000ccd0      0x200 
                0x000000002000d2d0                . = (. + _Min_Stack_Size)
 *fill*         0x000000002000ced0      0x400 
                0x000000002000d2d0                . = ALIGN (0x8)

/DISCARD/
 libc.a(*)
 libm.a(*)
 libgcc.a(*)

.ARM.attributes
                0x0000000000000000       0x30
 *(.ARM.attributes)
 .ARM.attributes
                0x0000000000000000       0x1e E:/STM32CubeIDE/STM32CubeIDE_1.14.0/STM32CubeIDE/plugins/com.st.stm32cube.ide.mcu.externaltools.gnu-tools-for-stm32.11.3.rel1.win32_1.1.100.202309141235/tools/bin/../lib/gcc/arm-none-eabi/11.3.1/thumb/v7e-m+fp/hard/crti.o
 .ARM.attributes
                0x000000000000001e       0x34 E:/STM32CubeIDE/STM32CubeIDE_1.14.0/STM32CubeIDE/plugins/com.st.stm32cube.ide.mcu.externaltools.gnu-tools-for-stm32.11.3.rel1.win32_1.1.100.202309141235/tools/bin/../lib/gcc/arm-none-eabi/11.3.1/thumb/v7e-m+fp/hard/crtbegin.o
 .ARM.attributes
                0x0000000000000052       0x34 ./Core/Src/main.o
 .ARM.attributes
                0x0000000000000086       0x34 ./Core/Src/stm32f4xx_hal_msp.o
 .ARM.attributes
                0x00000000000000ba       0x34 ./Core/Src/stm32f4xx_hal_timebase_tim.o
 .ARM.attributes
                0x00000000000000ee       0x34 ./Core/Src/stm32f4xx_it.o
 .ARM.attributes
                0x0000000000000122       0x34 ./Core/Src/system_stm32f4xx.o
 .ARM.attributes
                0x0000000000000156       0x21 ./Core/Startup/startup_stm32f407vgtx.o
 .ARM.attributes
                0x0000000000000177       0x34 ./Drivers/STM32F4xx_HAL_Driver/Src/stm32f4xx_hal.o
 .ARM.attributes
                0x00000000000001ab       0x34 ./Drivers/STM32F4xx_HAL_Driver/Src/stm32f4xx_hal_cortex.o
 .ARM.attributes
                0x00000000000001df       0x34 ./Drivers/STM32F4xx_HAL_Driver/Src/stm32f4xx_hal_dma.o
 .ARM.attributes
                0x0000000000000213       0x34 ./Drivers/STM32F4xx_HAL_Driver/Src/stm32f4xx_hal_gpio.o
 .ARM.attributes
                0x0000000000000247       0x34 ./Drivers/STM32F4xx_HAL_Driver/Src/stm32f4xx_hal_rcc.o
 .ARM.attributes
                0x000000000000027b       0x34 ./Drivers/STM32F4xx_HAL_Driver/Src/stm32f4xx_hal_tim.o
 .ARM.attributes
                0x00000000000002af       0x34 ./Drivers/STM32F4xx_HAL_Driver/Src/stm32f4xx_hal_tim_ex.o
 .ARM.attributes
                0x00000000000002e3       0x34 ./Drivers/STM32F4xx_HAL_Driver/Src/stm32f4xx_hal_uart.o
 .ARM.attributes
                0x0000000000000317       0x34 ./ThirdParty/FreeRTOS/list.o
 .ARM.attributes
                0x000000000000034b       0x34 ./ThirdParty/FreeRTOS/queue.o
 .ARM.attributes
                0x000000000000037f       0x34 ./ThirdParty/FreeRTOS/tasks.o
 .ARM.attributes
                0x00000000000003b3       0x34 ./ThirdParty/FreeRTOS/timers.o
 .ARM.attributes
                0x00000000000003e7       0x34 ./ThirdParty/FreeRTOS/portable/GCC/ARM_CM4F/port.o
 .ARM.attributes
                0x000000000000041b       0x34 ./ThirdParty/FreeRTOS/portable/MemMang/heap_4.o
 .ARM.attributes
                0x000000000000044f       0x34 E:/STM32CubeIDE/STM32CubeIDE_1.14.0/STM32CubeIDE/plugins/com.st.stm32cube.ide.mcu.externaltools.gnu-tools-for-stm32.11.3.rel1.win32_1.1.100.202309141235/tools/bin/../lib/gcc/arm-none-eabi/11.3.1/../../../../arm-none-eabi/lib/thumb/v7e-m+fp/hard\libc_nano.a(libc_a-findfp.o)
 .ARM.attributes
                0x0000000000000483       0x34 E:/STM32CubeIDE/STM32CubeIDE_1.14.0/STM32CubeIDE/plugins/com.st.stm32cube.ide.mcu.externaltools.gnu-tools-for-stm32.11.3.rel1.win32_1.1.100.202309141235/tools/bin/../lib/gcc/arm-none-eabi/11.3.1/../../../../arm-none-eabi/lib/thumb/v7e-m+fp/hard\libc_nano.a(libc_a-vsnprintf.o)
 .ARM.attributes
                0x00000000000004b7       0x34 E:/STM32CubeIDE/STM32CubeIDE_1.14.0/STM32CubeIDE/plugins/com.st.stm32cube.ide.mcu.externaltools.gnu-tools-for-stm32.11.3.rel1.win32_1.1.100.202309141235/tools/bin/../lib/gcc/arm-none-eabi/11.3.1/../../../../arm-none-eabi/lib/thumb/v7e-m+fp/hard\libc_nano.a(libc_a-memset.o)
 .ARM.attributes
                0x00000000000004eb       0x34 E:/STM32CubeIDE/STM32CubeIDE_1.14.0/STM32CubeIDE/plugins/com.st.stm32cube.ide.mcu.externaltools.gnu-tools-for-stm32.11.3.rel1.win32_1.1.100.202309141235/tools/bin/../lib/gcc/arm-none-eabi/11.3.1/../../../../arm-none-eabi/lib/thumb/v7e-m+fp/hard\libc_nano.a(libc_a-reent.o)
 .ARM.attributes
                0x000000000000051f       0x34 E:/STM32CubeIDE/STM32CubeIDE_1.14.0/STM32CubeIDE/plugins/com.st.stm32cube.ide.mcu.externaltools.gnu-tools-for-stm32.11.3.rel1.win32_1.1.100.202309141235/tools/bin/../lib/gcc/arm-none-eabi/11.3.1/../../../../arm-none-eabi/lib/thumb/v7e-m+fp/hard\libc_nano.a(libc_a-impure.o)
 .ARM.attributes
                0x0000000000000553       0x34 E:/STM32CubeIDE/STM32CubeIDE_1.14.0/STM32CubeIDE/plugins/com.st.stm32cube.ide.mcu.externaltools.gnu-tools-for-stm32.11.3.rel1.win32_1.1.100.202309141235/tools/bin/../lib/gcc/arm-none-eabi/11.3.1/../../../../arm-none-eabi/lib/thumb/v7e-m+fp/hard\libc_nano.a(libc_a-init.o)
 .ARM.attributes
                0x0000000000000587       0x34 E:/STM32CubeIDE/STM32CubeIDE_1.14.0/STM32CubeIDE/plugins/com.st.stm32cube.ide.mcu.externaltools.gnu-tools-for-stm32.11.3.rel1.win32_1.1.100.202309141235/tools/bin/../lib/gcc/arm-none-eabi/11.3.1/../../../../arm-none-eabi/lib/thumb/v7e-m+fp/hard\libc_nano.a(libc_a-lock.o)
 .ARM.attributes
                0x00000000000005bb       0x34 E:/STM32CubeIDE/STM32CubeIDE_1.14.0/STM32CubeIDE/plugins/com.st.stm32cube.ide.mcu.externaltools.gnu-tools-for-stm32.11.3.rel1.win32_1.1.100.202309141235/tools/bin/../lib/gcc/arm-none-eabi/11.3.1/../../../../arm-none-eabi/lib/thumb/v7e-m+fp/hard\libc_nano.a(libc_a-memcpy-stub.o)
 .ARM.attributes
                0x00000000000005ef       0x17 E:/STM32CubeIDE/STM32CubeIDE_1.14.0/STM32CubeIDE/plugins/com.st.stm32cube.ide.mcu.externaltools.gnu-tools-for-stm32.11.3.rel1.win32_1.1.100.202309141235/tools/bin/../lib/gcc/arm-none-eabi/11.3.1/../../../../arm-none-eabi/lib/thumb/v7e-m+fp/hard\libc_nano.a(libc_a-strlen.o)
 .ARM.attributes
                0x0000000000000606       0x34 E:/STM32CubeIDE/STM32CubeIDE_1.14.0/STM32CubeIDE/plugins/com.st.stm32cube.ide.mcu.externaltools.gnu-tools-for-stm32.11.3.rel1.win32_1.1.100.202309141235/tools/bin/../lib/gcc/arm-none-eabi/11.3.1/../../../../arm-none-eabi/lib/thumb/v7e-m+fp/hard\libc_nano.a(libc_a-freer.o)
 .ARM.attributes
                0x000000000000063a       0x34 E:/STM32CubeIDE/STM32CubeIDE_1.14.0/STM32CubeIDE/plugins/com.st.stm32cube.ide.mcu.externaltools.gnu-tools-for-stm32.11.3.rel1.win32_1.1.100.202309141235/tools/bin/../lib/gcc/arm-none-eabi/11.3.1/../../../../arm-none-eabi/lib/thumb/v7e-m+fp/hard\libc_nano.a(libc_a-mallocr.o)
 .ARM.attributes
                0x000000000000066e       0x34 E:/STM32CubeIDE/STM32CubeIDE_1.14.0/STM32CubeIDE/plugins/com.st.stm32cube.ide.mcu.externaltools.gnu-tools-for-stm32.11.3.rel1.win32_1.1.100.202309141235/tools/bin/../lib/gcc/arm-none-eabi/11.3.1/../../../../arm-none-eabi/lib/thumb/v7e-m+fp/hard\libc_nano.a(libc_a-mlock.o)
 .ARM.attributes
                0x00000000000006a2       0x34 E:/STM32CubeIDE/STM32CubeIDE_1.14.0/STM32CubeIDE/plugins/com.st.stm32cube.ide.mcu.externaltools.gnu-tools-for-stm32.11.3.rel1.win32_1.1.100.202309141235/tools/bin/../lib/gcc/arm-none-eabi/11.3.1/../../../../arm-none-eabi/lib/thumb/v7e-m+fp/hard\libc_nano.a(libc_a-nano-svfprintf.o)
 .ARM.attributes
                0x00000000000006d6       0x34 E:/STM32CubeIDE/STM32CubeIDE_1.14.0/STM32CubeIDE/plugins/com.st.stm32cube.ide.mcu.externaltools.gnu-tools-for-stm32.11.3.rel1.win32_1.1.100.202309141235/tools/bin/../lib/gcc/arm-none-eabi/11.3.1/../../../../arm-none-eabi/lib/thumb/v7e-m+fp/hard\libc_nano.a(libc_a-nano-vfprintf_i.o)
 .ARM.attributes
                0x000000000000070a       0x34 E:/STM32CubeIDE/STM32CubeIDE_1.14.0/STM32CubeIDE/plugins/com.st.stm32cube.ide.mcu.externaltools.gnu-tools-for-stm32.11.3.rel1.win32_1.1.100.202309141235/tools/bin/../lib/gcc/arm-none-eabi/11.3.1/../../../../arm-none-eabi/lib/thumb/v7e-m+fp/hard\libc_nano.a(libc_a-memmove.o)
 .ARM.attributes
                0x000000000000073e       0x34 E:/STM32CubeIDE/STM32CubeIDE_1.14.0/STM32CubeIDE/plugins/com.st.stm32cube.ide.mcu.externaltools.gnu-tools-for-stm32.11.3.rel1.win32_1.1.100.202309141235/tools/bin/../lib/gcc/arm-none-eabi/11.3.1/../../../../arm-none-eabi/lib/thumb/v7e-m+fp/hard\libc_nano.a(libc_a-sbrkr.o)
 .ARM.attributes
                0x0000000000000772       0x1c E:/STM32CubeIDE/STM32CubeIDE_1.14.0/STM32CubeIDE/plugins/com.st.stm32cube.ide.mcu.externaltools.gnu-tools-for-stm32.11.3.rel1.win32_1.1.100.202309141235/tools/bin/../lib/gcc/arm-none-eabi/11.3.1/../../../../arm-none-eabi/lib/thumb/v7e-m+fp/hard\libc_nano.a(libc_a-memchr.o)
 .ARM.attributes
                0x000000000000078e       0x34 E:/STM32CubeIDE/STM32CubeIDE_1.14.0/STM32CubeIDE/plugins/com.st.stm32cube.ide.mcu.externaltools.gnu-tools-for-stm32.11.3.rel1.win32_1.1.100.202309141235/tools/bin/../lib/gcc/arm-none-eabi/11.3.1/../../../../arm-none-eabi/lib/thumb/v7e-m+fp/hard\libc_nano.a(libc_a-reallocr.o)
 .ARM.attributes
                0x00000000000007c2       0x34 E:/STM32CubeIDE/STM32CubeIDE_1.14.0/STM32CubeIDE/plugins/com.st.stm32cube.ide.mcu.externaltools.gnu-tools-for-stm32.11.3.rel1.win32_1.1.100.202309141235/tools/bin/../lib/gcc/arm-none-eabi/11.3.1/../../../../arm-none-eabi/lib/thumb/v7e-m+fp/hard\libc_nano.a(libc_a-msizer.o)
 .ARM.attributes
                0x00000000000007f6       0x1e E:/STM32CubeIDE/STM32CubeIDE_1.14.0/STM32CubeIDE/plugins/com.st.stm32cube.ide.mcu.externaltools.gnu-tools-for-stm32.11.3.rel1.win32_1.1.100.202309141235/tools/bin/../lib/gcc/arm-none-eabi/11.3.1/thumb/v7e-m+fp/hard\libgcc.a(_aeabi_uldivmod.o)
 .ARM.attributes
                0x0000000000000814       0x34 E:/STM32CubeIDE/STM32CubeIDE_1.14.0/STM32CubeIDE/plugins/com.st.stm32cube.ide.mcu.externaltools.gnu-tools-for-stm32.11.3.rel1.win32_1.1.100.202309141235/tools/bin/../lib/gcc/arm-none-eabi/11.3.1/thumb/v7e-m+fp/hard\libgcc.a(_udivmoddi4.o)
 .ARM.attributes
                0x0000000000000848       0x1e E:/STM32CubeIDE/STM32CubeIDE_1.14.0/STM32CubeIDE/plugins/com.st.stm32cube.ide.mcu.externaltools.gnu-tools-for-stm32.11.3.rel1.win32_1.1.100.202309141235/tools/bin/../lib/gcc/arm-none-eabi/11.3.1/thumb/v7e-m+fp/hard\libgcc.a(_dvmd_tls.o)
 .ARM.attributes
                0x0000000000000866       0x34 E:/STM32CubeIDE/STM32CubeIDE_1.14.0/STM32CubeIDE/plugins/com.st.stm32cube.ide.mcu.externaltools.gnu-tools-for-stm32.11.3.rel1.win32_1.1.100.202309141235/tools/bin/../lib/gcc/arm-none-eabi/11.3.1/../../../../arm-none-eabi/lib/thumb/v7e-m+fp/hard\libnosys.a(sbrk.o)
 .ARM.attributes
                0x000000000000089a       0x1e E:/STM32CubeIDE/STM32CubeIDE_1.14.0/STM32CubeIDE/plugins/com.st.stm32cube.ide.mcu.externaltools.gnu-tools-for-stm32.11.3.rel1.win32_1.1.100.202309141235/tools/bin/../lib/gcc/arm-none-eabi/11.3.1/thumb/v7e-m+fp/hard/crtn.o
OUTPUT(COUNTING_SEMAPHORE_DEMONSTRATION.elf elf32-littlearm)
LOAD linker stubs
LOAD E:/STM32CubeIDE/STM32CubeIDE_1.14.0/STM32CubeIDE/plugins/com.st.stm32cube.ide.mcu.externaltools.gnu-tools-for-stm32.11.3.rel1.win32_1.1.100.202309141235/tools/bin/../lib/gcc/arm-none-eabi/11.3.1/../../../../arm-none-eabi/lib/thumb/v7e-m+fp/hard\libc.a
LOAD E:/STM32CubeIDE/STM32CubeIDE_1.14.0/STM32CubeIDE/plugins/com.st.stm32cube.ide.mcu.externaltools.gnu-tools-for-stm32.11.3.rel1.win32_1.1.100.202309141235/tools/bin/../lib/gcc/arm-none-eabi/11.3.1/../../../../arm-none-eabi/lib/thumb/v7e-m+fp/hard\libm.a
LOAD E:/STM32CubeIDE/STM32CubeIDE_1.14.0/STM32CubeIDE/plugins/com.st.stm32cube.ide.mcu.externaltools.gnu-tools-for-stm32.11.3.rel1.win32_1.1.100.202309141235/tools/bin/../lib/gcc/arm-none-eabi/11.3.1/thumb/v7e-m+fp/hard\libgcc.a

.comment        0x0000000000000000       0x43
 .comment       0x0000000000000000       0x43 E:/STM32CubeIDE/STM32CubeIDE_1.14.0/STM32CubeIDE/plugins/com.st.stm32cube.ide.mcu.externaltools.gnu-tools-for-stm32.11.3.rel1.win32_1.1.100.202309141235/tools/bin/../lib/gcc/arm-none-eabi/11.3.1/thumb/v7e-m+fp/hard/crtbegin.o
                                         0x44 (size before relaxing)
 .comment       0x0000000000000043       0x44 ./Core/Src/main.o
 .comment       0x0000000000000043       0x44 ./Core/Src/stm32f4xx_hal_msp.o
 .comment       0x0000000000000043       0x44 ./Core/Src/stm32f4xx_hal_timebase_tim.o
 .comment       0x0000000000000043       0x44 ./Core/Src/stm32f4xx_it.o
 .comment       0x0000000000000043       0x44 ./Core/Src/system_stm32f4xx.o
 .comment       0x0000000000000043       0x44 ./Drivers/STM32F4xx_HAL_Driver/Src/stm32f4xx_hal.o
 .comment       0x0000000000000043       0x44 ./Drivers/STM32F4xx_HAL_Driver/Src/stm32f4xx_hal_cortex.o
 .comment       0x0000000000000043       0x44 ./Drivers/STM32F4xx_HAL_Driver/Src/stm32f4xx_hal_dma.o
 .comment       0x0000000000000043       0x44 ./Drivers/STM32F4xx_HAL_Driver/Src/stm32f4xx_hal_gpio.o
 .comment       0x0000000000000043       0x44 ./Drivers/STM32F4xx_HAL_Driver/Src/stm32f4xx_hal_rcc.o
 .comment       0x0000000000000043       0x44 ./Drivers/STM32F4xx_HAL_Driver/Src/stm32f4xx_hal_tim.o
 .comment       0x0000000000000043       0x44 ./Drivers/STM32F4xx_HAL_Driver/Src/stm32f4xx_hal_tim_ex.o
 .comment       0x0000000000000043       0x44 ./Drivers/STM32F4xx_HAL_Driver/Src/stm32f4xx_hal_uart.o
 .comment       0x0000000000000043       0x44 ./ThirdParty/FreeRTOS/list.o
 .comment       0x0000000000000043       0x44 ./ThirdParty/FreeRTOS/queue.o
 .comment       0x0000000000000043       0x44 ./ThirdParty/FreeRTOS/tasks.o
 .comment       0x0000000000000043       0x44 ./ThirdParty/FreeRTOS/timers.o
 .comment       0x0000000000000043       0x44 ./ThirdParty/FreeRTOS/portable/GCC/ARM_CM4F/port.o
 .comment       0x0000000000000043       0x44 ./ThirdParty/FreeRTOS/portable/MemMang/heap_4.o

.debug_info     0x0000000000000000    0x13a8d
 .debug_info    0x0000000000000000     0x12ef ./Core/Src/main.o
 .debug_info    0x00000000000012ef     0x1009 ./Core/Src/stm32f4xx_hal_msp.o
 .debug_info    0x00000000000022f8      0xbee ./Core/Src/stm32f4xx_hal_timebase_tim.o
 .debug_info    0x0000000000002ee6      0x953 ./Core/Src/stm32f4xx_it.o
 .debug_info    0x0000000000003839      0x512 ./Core/Src/system_stm32f4xx.o
 .debug_info    0x0000000000003d4b       0x23 ./Core/Startup/startup_stm32f407vgtx.o
 .debug_info    0x0000000000003d6e      0x944 ./Drivers/STM32F4xx_HAL_Driver/Src/stm32f4xx_hal.o
 .debug_info    0x00000000000046b2      0xd8c ./Drivers/STM32F4xx_HAL_Driver/Src/stm32f4xx_hal_cortex.o
 .debug_info    0x000000000000543e      0x8e7 ./Drivers/STM32F4xx_HAL_Driver/Src/stm32f4xx_hal_dma.o
 .debug_info    0x0000000000005d25      0x6c3 ./Drivers/STM32F4xx_HAL_Driver/Src/stm32f4xx_hal_gpio.o
 .debug_info    0x00000000000063e8      0x8c3 ./Drivers/STM32F4xx_HAL_Driver/Src/stm32f4xx_hal_rcc.o
 .debug_info    0x0000000000006cab     0x299d ./Drivers/STM32F4xx_HAL_Driver/Src/stm32f4xx_hal_tim.o
 .debug_info    0x0000000000009648     0x14db ./Drivers/STM32F4xx_HAL_Driver/Src/stm32f4xx_hal_tim_ex.o
 .debug_info    0x000000000000ab23     0x2f4f ./Drivers/STM32F4xx_HAL_Driver/Src/stm32f4xx_hal_uart.o
 .debug_info    0x000000000000da72      0x2aa ./ThirdParty/FreeRTOS/list.o
 .debug_info    0x000000000000dd1c     0x18a3 ./ThirdParty/FreeRTOS/queue.o
 .debug_info    0x000000000000f5bf     0x28b0 ./ThirdParty/FreeRTOS/tasks.o
 .debug_info    0x0000000000011e6f     0x10ba ./ThirdParty/FreeRTOS/timers.o
 .debug_info    0x0000000000012f29      0x581 ./ThirdParty/FreeRTOS/portable/GCC/ARM_CM4F/port.o
 .debug_info    0x00000000000134aa      0x5e3 ./ThirdParty/FreeRTOS/portable/MemMang/heap_4.o

.debug_abbrev   0x0000000000000000     0x2dbe
 .debug_abbrev  0x0000000000000000      0x39c ./Core/Src/main.o
 .debug_abbrev  0x000000000000039c      0x20d ./Core/Src/stm32f4xx_hal_msp.o
 .debug_abbrev  0x00000000000005a9      0x1f4 ./Core/Src/stm32f4xx_hal_timebase_tim.o
 .debug_abbrev  0x000000000000079d      0x189 ./Core/Src/stm32f4xx_it.o
 .debug_abbrev  0x0000000000000926      0x11a ./Core/Src/system_stm32f4xx.o
 .debug_abbrev  0x0000000000000a40       0x12 ./Core/Startup/startup_stm32f407vgtx.o
 .debug_abbrev  0x0000000000000a52      0x214 ./Drivers/STM32F4xx_HAL_Driver/Src/stm32f4xx_hal.o
 .debug_abbrev  0x0000000000000c66      0x31d ./Drivers/STM32F4xx_HAL_Driver/Src/stm32f4xx_hal_cortex.o
 .debug_abbrev  0x0000000000000f83      0x264 ./Drivers/STM32F4xx_HAL_Driver/Src/stm32f4xx_hal_dma.o
 .debug_abbrev  0x00000000000011e7      0x1d4 ./Drivers/STM32F4xx_HAL_Driver/Src/stm32f4xx_hal_gpio.o
 .debug_abbrev  0x00000000000013bb      0x2b7 ./Drivers/STM32F4xx_HAL_Driver/Src/stm32f4xx_hal_rcc.o
 .debug_abbrev  0x0000000000001672      0x278 ./Drivers/STM32F4xx_HAL_Driver/Src/stm32f4xx_hal_tim.o
 .debug_abbrev  0x00000000000018ea      0x283 ./Drivers/STM32F4xx_HAL_Driver/Src/stm32f4xx_hal_tim_ex.o
 .debug_abbrev  0x0000000000001b6d      0x30e ./Drivers/STM32F4xx_HAL_Driver/Src/stm32f4xx_hal_uart.o
 .debug_abbrev  0x0000000000001e7b       0xee ./ThirdParty/FreeRTOS/list.o
 .debug_abbrev  0x0000000000001f69      0x323 ./ThirdParty/FreeRTOS/queue.o
 .debug_abbrev  0x000000000000228c      0x394 ./ThirdParty/FreeRTOS/tasks.o
 .debug_abbrev  0x0000000000002620      0x2fe ./ThirdParty/FreeRTOS/timers.o
 .debug_abbrev  0x000000000000291e      0x248 ./ThirdParty/FreeRTOS/portable/GCC/ARM_CM4F/port.o
 .debug_abbrev  0x0000000000002b66      0x258 ./ThirdParty/FreeRTOS/portable/MemMang/heap_4.o

.debug_aranges  0x0000000000000000     0x1200
 .debug_aranges
                0x0000000000000000       0x68 ./Core/Src/main.o
 .debug_aranges
                0x0000000000000068       0x40 ./Core/Src/stm32f4xx_hal_msp.o
 .debug_aranges
                0x00000000000000a8       0x30 ./Core/Src/stm32f4xx_hal_timebase_tim.o
 .debug_aranges
                0x00000000000000d8       0x58 ./Core/Src/stm32f4xx_it.o
 .debug_aranges
                0x0000000000000130       0x28 ./Core/Src/system_stm32f4xx.o
 .debug_aranges
                0x0000000000000158       0x28 ./Core/Startup/startup_stm32f407vgtx.o
 .debug_aranges
                0x0000000000000180       0xf0 ./Drivers/STM32F4xx_HAL_Driver/Src/stm32f4xx_hal.o
 .debug_aranges
                0x0000000000000270      0x130 ./Drivers/STM32F4xx_HAL_Driver/Src/stm32f4xx_hal_cortex.o
 .debug_aranges
                0x00000000000003a0       0x90 ./Drivers/STM32F4xx_HAL_Driver/Src/stm32f4xx_hal_dma.o
 .debug_aranges
                0x0000000000000430       0x58 ./Drivers/STM32F4xx_HAL_Driver/Src/stm32f4xx_hal_gpio.o
 .debug_aranges
                0x0000000000000488       0x88 ./Drivers/STM32F4xx_HAL_Driver/Src/stm32f4xx_hal_rcc.o
 .debug_aranges
                0x0000000000000510      0x3d0 ./Drivers/STM32F4xx_HAL_Driver/Src/stm32f4xx_hal_tim.o
 .debug_aranges
                0x00000000000008e0      0x168 ./Drivers/STM32F4xx_HAL_Driver/Src/stm32f4xx_hal_tim_ex.o
 .debug_aranges
                0x0000000000000a48      0x208 ./Drivers/STM32F4xx_HAL_Driver/Src/stm32f4xx_hal_uart.o
 .debug_aranges
                0x0000000000000c50       0x40 ./ThirdParty/FreeRTOS/list.o
 .debug_aranges
                0x0000000000000c90      0x140 ./ThirdParty/FreeRTOS/queue.o
 .debug_aranges
                0x0000000000000dd0      0x240 ./ThirdParty/FreeRTOS/tasks.o
 .debug_aranges
                0x0000000000001010      0x108 ./ThirdParty/FreeRTOS/timers.o
 .debug_aranges
                0x0000000000001118       0x80 ./ThirdParty/FreeRTOS/portable/GCC/ARM_CM4F/port.o
 .debug_aranges
                0x0000000000001198       0x68 ./ThirdParty/FreeRTOS/portable/MemMang/heap_4.o

.debug_rnglists
                0x0000000000000000      0xe16
 .debug_rnglists
                0x0000000000000000       0x4c ./Core/Src/main.o
 .debug_rnglists
                0x000000000000004c       0x2c ./Core/Src/stm32f4xx_hal_msp.o
 .debug_rnglists
                0x0000000000000078       0x20 ./Core/Src/stm32f4xx_hal_timebase_tim.o
 .debug_rnglists
                0x0000000000000098       0x3d ./Core/Src/stm32f4xx_it.o
 .debug_rnglists
                0x00000000000000d5       0x1a ./Core/Src/system_stm32f4xx.o
 .debug_rnglists
                0x00000000000000ef       0x19 ./Core/Startup/startup_stm32f407vgtx.o
 .debug_rnglists
                0x0000000000000108       0xaf ./Drivers/STM32F4xx_HAL_Driver/Src/stm32f4xx_hal.o
 .debug_rnglists
                0x00000000000001b7       0xe0 ./Drivers/STM32F4xx_HAL_Driver/Src/stm32f4xx_hal_cortex.o
 .debug_rnglists
                0x0000000000000297       0x70 ./Drivers/STM32F4xx_HAL_Driver/Src/stm32f4xx_hal_dma.o
 .debug_rnglists
                0x0000000000000307       0x3f ./Drivers/STM32F4xx_HAL_Driver/Src/stm32f4xx_hal_gpio.o
 .debug_rnglists
                0x0000000000000346       0x66 ./Drivers/STM32F4xx_HAL_Driver/Src/stm32f4xx_hal_rcc.o
 .debug_rnglists
                0x00000000000003ac      0x31a ./Drivers/STM32F4xx_HAL_Driver/Src/stm32f4xx_hal_tim.o
 .debug_rnglists
                0x00000000000006c6      0x125 ./Drivers/STM32F4xx_HAL_Driver/Src/stm32f4xx_hal_tim_ex.o
 .debug_rnglists
                0x00000000000007eb      0x1bc ./Drivers/STM32F4xx_HAL_Driver/Src/stm32f4xx_hal_uart.o
 .debug_rnglists
                0x00000000000009a7       0x2b ./ThirdParty/FreeRTOS/list.o
 .debug_rnglists
                0x00000000000009d2       0xf8 ./ThirdParty/FreeRTOS/queue.o
 .debug_rnglists
                0x0000000000000aca      0x1db ./ThirdParty/FreeRTOS/tasks.o
 .debug_rnglists
                0x0000000000000ca5       0xc6 ./ThirdParty/FreeRTOS/timers.o
 .debug_rnglists
                0x0000000000000d6b       0x5d ./ThirdParty/FreeRTOS/portable/GCC/ARM_CM4F/port.o
 .debug_rnglists
                0x0000000000000dc8       0x4e ./ThirdParty/FreeRTOS/portable/MemMang/heap_4.o

.debug_macro    0x0000000000000000    0x24035
 .debug_macro   0x0000000000000000      0x3e4 ./Core/Src/main.o
 .debug_macro   0x00000000000003e4      0xaa8 ./Core/Src/main.o
 .debug_macro   0x0000000000000e8c      0x2a1 ./Core/Src/main.o
 .debug_macro   0x000000000000112d       0x2e ./Core/Src/main.o
 .debug_macro   0x000000000000115b       0x2f ./Core/Src/main.o
 .debug_macro   0x000000000000118a       0x22 ./Core/Src/main.o
 .debug_macro   0x00000000000011ac       0x8e ./Core/Src/main.o
 .debug_macro   0x000000000000123a       0x51 ./Core/Src/main.o
 .debug_macro   0x000000000000128b      0x103 ./Core/Src/main.o
 .debug_macro   0x000000000000138e       0x6a ./Core/Src/main.o
 .debug_macro   0x00000000000013f8      0x1df ./Core/Src/main.o
 .debug_macro   0x00000000000015d7       0x1c ./Core/Src/main.o
 .debug_macro   0x00000000000015f3       0x22 ./Core/Src/main.o
 .debug_macro   0x0000000000001615       0xfb ./Core/Src/main.o
 .debug_macro   0x0000000000001710     0x1011 ./Core/Src/main.o
 .debug_macro   0x0000000000002721      0x11f ./Core/Src/main.o
 .debug_macro   0x0000000000002840    0x15ea5 ./Core/Src/main.o
 .debug_macro   0x00000000000186e5       0x6d ./Core/Src/main.o
 .debug_macro   0x0000000000018752     0x3693 ./Core/Src/main.o
 .debug_macro   0x000000000001bde5      0x174 ./Core/Src/main.o
 .debug_macro   0x000000000001bf59       0x5c ./Core/Src/main.o
 .debug_macro   0x000000000001bfb5      0x980 ./Core/Src/main.o
 .debug_macro   0x000000000001c935      0x9e9 ./Core/Src/main.o
 .debug_macro   0x000000000001d31e      0x115 ./Core/Src/main.o
 .debug_macro   0x000000000001d433      0x13e ./Core/Src/main.o
 .debug_macro   0x000000000001d571       0xa5 ./Core/Src/main.o
 .debug_macro   0x000000000001d616      0x174 ./Core/Src/main.o
 .debug_macro   0x000000000001d78a      0x287 ./Core/Src/main.o
 .debug_macro   0x000000000001da11       0x5f ./Core/Src/main.o
 .debug_macro   0x000000000001da70      0x236 ./Core/Src/main.o
 .debug_macro   0x000000000001dca6      0x12c ./Core/Src/main.o
 .debug_macro   0x000000000001ddd2      0x21e ./Core/Src/main.o
 .debug_macro   0x000000000001dff0       0x2e ./Core/Src/main.o
 .debug_macro   0x000000000001e01e      0x127 ./Core/Src/main.o
 .debug_macro   0x000000000001e145       0x7e ./Core/Src/main.o
 .debug_macro   0x000000000001e1c3       0x89 ./Core/Src/main.o
 .debug_macro   0x000000000001e24c      0x30c ./Core/Src/main.o
 .debug_macro   0x000000000001e558      0x44b ./Core/Src/main.o
 .debug_macro   0x000000000001e9a3       0xeb ./Core/Src/main.o
 .debug_macro   0x000000000001ea8e      0x8ed ./Core/Src/main.o
 .debug_macro   0x000000000001f37b       0x4d ./Core/Src/main.o
 .debug_macro   0x000000000001f3c8      0x2aa ./Core/Src/main.o
 .debug_macro   0x000000000001f672      0x12d ./Core/Src/main.o
 .debug_macro   0x000000000001f79f      0x184 ./Core/Src/main.o
 .debug_macro   0x000000000001f923       0x61 ./Core/Src/main.o
 .debug_macro   0x000000000001f984       0x2a ./Core/Src/main.o
 .debug_macro   0x000000000001f9ae       0x43 ./Core/Src/main.o
 .debug_macro   0x000000000001f9f1       0x34 ./Core/Src/main.o
 .debug_macro   0x000000000001fa25       0x16 ./Core/Src/main.o
 .debug_macro   0x000000000001fa3b       0x35 ./Core/Src/main.o
 .debug_macro   0x000000000001fa70      0x369 ./Core/Src/main.o
 .debug_macro   0x000000000001fdd9       0x10 ./Core/Src/main.o
 .debug_macro   0x000000000001fde9       0x16 ./Core/Src/main.o
 .debug_macro   0x000000000001fdff       0x43 ./Core/Src/main.o
 .debug_macro   0x000000000001fe42       0x34 ./Core/Src/main.o
 .debug_macro   0x000000000001fe76       0x10 ./Core/Src/main.o
 .debug_macro   0x000000000001fe86       0x58 ./Core/Src/main.o
 .debug_macro   0x000000000001fede       0x8e ./Core/Src/main.o
 .debug_macro   0x000000000001ff6c       0x1c ./Core/Src/main.o
 .debug_macro   0x000000000001ff88      0x177 ./Core/Src/main.o
 .debug_macro   0x00000000000200ff       0x16 ./Core/Src/main.o
 .debug_macro   0x0000000000020115       0x16 ./Core/Src/main.o
 .debug_macro   0x000000000002012b      0x147 ./Core/Src/main.o
 .debug_macro   0x0000000000020272       0x16 ./Core/Src/main.o
 .debug_macro   0x0000000000020288       0x16 ./Core/Src/main.o
 .debug_macro   0x000000000002029e       0x29 ./Core/Src/main.o
 .debug_macro   0x00000000000202c7       0x16 ./Core/Src/main.o
 .debug_macro   0x00000000000202dd       0x20 ./Core/Src/main.o
 .debug_macro   0x00000000000202fd       0x4c ./Core/Src/main.o
 .debug_macro   0x0000000000020349       0x16 ./Core/Src/main.o
 .debug_macro   0x000000000002035f      0x151 ./Core/Src/main.o
 .debug_macro   0x00000000000204b0       0x1c ./Core/Src/main.o
 .debug_macro   0x00000000000204cc      0x182 ./Core/Src/main.o
 .debug_macro   0x000000000002064e       0xee ./Core/Src/main.o
 .debug_macro   0x000000000002073c       0x2e ./Core/Src/main.o
 .debug_macro   0x000000000002076a       0x1f ./Core/Src/main.o
 .debug_macro   0x0000000000020789       0x12 ./Core/Src/main.o
 .debug_macro   0x000000000002079b     0x10be ./Core/Src/main.o
 .debug_macro   0x0000000000021859       0xc3 ./Core/Src/main.o
 .debug_macro   0x000000000002191c      0x14f ./Core/Src/main.o
 .debug_macro   0x0000000000021a6b       0x80 ./Core/Src/main.o
 .debug_macro   0x0000000000021aeb       0x77 ./Core/Src/main.o
 .debug_macro   0x0000000000021b62      0x1f6 ./Core/Src/stm32f4xx_hal_msp.o
 .debug_macro   0x0000000000021d58      0x1e7 ./Core/Src/stm32f4xx_hal_timebase_tim.o
 .debug_macro   0x0000000000021f3f      0x200 ./Core/Src/stm32f4xx_it.o
 .debug_macro   0x000000000002213f      0x1e7 ./Core/Src/system_stm32f4xx.o
 .debug_macro   0x0000000000022326      0x247 ./Drivers/STM32F4xx_HAL_Driver/Src/stm32f4xx_hal.o
 .debug_macro   0x000000000002256d      0x1e7 ./Drivers/STM32F4xx_HAL_Driver/Src/stm32f4xx_hal_cortex.o
 .debug_macro   0x0000000000022754      0x1ed ./Drivers/STM32F4xx_HAL_Driver/Src/stm32f4xx_hal_dma.o
 .debug_macro   0x0000000000022941      0x1ed ./Drivers/STM32F4xx_HAL_Driver/Src/stm32f4xx_hal_gpio.o
 .debug_macro   0x0000000000022b2e      0x20b ./Drivers/STM32F4xx_HAL_Driver/Src/stm32f4xx_hal_rcc.o
 .debug_macro   0x0000000000022d39      0x1e8 ./Drivers/STM32F4xx_HAL_Driver/Src/stm32f4xx_hal_tim.o
 .debug_macro   0x0000000000022f21      0x1e7 ./Drivers/STM32F4xx_HAL_Driver/Src/stm32f4xx_hal_tim_ex.o
 .debug_macro   0x0000000000023108      0x1e8 ./Drivers/STM32F4xx_HAL_Driver/Src/stm32f4xx_hal_uart.o
 .debug_macro   0x00000000000232f0      0x1a2 ./ThirdParty/FreeRTOS/list.o
 .debug_macro   0x0000000000023492      0x239 ./ThirdParty/FreeRTOS/queue.o
 .debug_macro   0x00000000000236cb      0x2bf ./ThirdParty/FreeRTOS/tasks.o
 .debug_macro   0x000000000002398a       0x16 ./ThirdParty/FreeRTOS/tasks.o
 .debug_macro   0x00000000000239a0      0x1f1 ./ThirdParty/FreeRTOS/timers.o
 .debug_macro   0x0000000000023b91       0x9e ./ThirdParty/FreeRTOS/timers.o
 .debug_macro   0x0000000000023c2f      0x1cf ./ThirdParty/FreeRTOS/portable/GCC/ARM_CM4F/port.o
 .debug_macro   0x0000000000023dfe      0x237 ./ThirdParty/FreeRTOS/portable/MemMang/heap_4.o

.debug_line     0x0000000000000000    0x15a49
 .debug_line    0x0000000000000000      0xf25 ./Core/Src/main.o
 .debug_line    0x0000000000000f25      0x814 ./Core/Src/stm32f4xx_hal_msp.o
 .debug_line    0x0000000000001739      0x7f3 ./Core/Src/stm32f4xx_hal_timebase_tim.o
 .debug_line    0x0000000000001f2c      0x82c ./Core/Src/stm32f4xx_it.o
 .debug_line    0x0000000000002758      0x7ea ./Core/Src/system_stm32f4xx.o
 .debug_line    0x0000000000002f42       0x7a ./Core/Startup/startup_stm32f407vgtx.o
 .debug_line    0x0000000000002fbc      0xa5f ./Drivers/STM32F4xx_HAL_Driver/Src/stm32f4xx_hal.o
 .debug_line    0x0000000000003a1b      0xd59 ./Drivers/STM32F4xx_HAL_Driver/Src/stm32f4xx_hal_cortex.o
 .debug_line    0x0000000000004774      0xfc3 ./Drivers/STM32F4xx_HAL_Driver/Src/stm32f4xx_hal_dma.o
 .debug_line    0x0000000000005737      0xbd3 ./Drivers/STM32F4xx_HAL_Driver/Src/stm32f4xx_hal_gpio.o
 .debug_line    0x000000000000630a      0xdf0 ./Drivers/STM32F4xx_HAL_Driver/Src/stm32f4xx_hal_rcc.o
 .debug_line    0x00000000000070fa     0x37e3 ./Drivers/STM32F4xx_HAL_Driver/Src/stm32f4xx_hal_tim.o
 .debug_line    0x000000000000a8dd     0x1a5b ./Drivers/STM32F4xx_HAL_Driver/Src/stm32f4xx_hal_tim_ex.o
 .debug_line    0x000000000000c338     0x294d ./Drivers/STM32F4xx_HAL_Driver/Src/stm32f4xx_hal_uart.o
 .debug_line    0x000000000000ec85      0x9a7 ./ThirdParty/FreeRTOS/list.o
 .debug_line    0x000000000000f62c     0x18e0 ./ThirdParty/FreeRTOS/queue.o